Ôùç injected env (3) from .env.test // tip: Ôùê encrypted .env [www.dotenvx.com]
1. Conectando a PostgreSQL de pruebas...
2. Limpiando esquema public...
3. Cargando extensiones y rol de la aplicaci├│n...
   ÔåÆ 000_extensions.sql
   ÔåÆ user/000_roles.sql
4. Cargando ENUMs y funciones base...
   ÔåÆ 005_base_functions.sql
   ÔåÆ organizations/001_enums.sql
   ÔåÆ user/001_enums.sql
   ÔåÆ elections/001_enums.sql
   ÔåÆ ballots/001_enums.sql
   ÔåÆ audit/001_enums.sql
5. Creando organizaciones...
   ÔåÆ organizations/002_organizations.sql
   ÔåÆ organizations/005_category_catalog.sql
   ÔåÆ organizations/005_organization_member_limit.sql
6. Creando usuarios y funciones de sesi├│n/verificaci├│n...
   ÔåÆ user/002_users_table.sql
   ÔåÆ user/003_users_indexes.sql
   ÔåÆ user/004_users_triggers.sql
   ÔåÆ user/005_refresh_tokens.sql
   ÔåÆ user/006_password_reset.sql
   ÔåÆ user/007_email_verification.sql
   ÔåÆ user/008_login_security.sql
   ÔåÆ user/009_cleanup_tokens.sql
   ÔåÆ user/010_media_files.sql
   ÔåÆ user/011_document_identity.sql
   ÔåÆ user/012_activation_enum.sql
   ÔåÆ user/013_activation.sql
   ÔåÆ user/014_remove_external_auth.sql
   ÔåÆ user/015_activation_constraint.sql
   ÔåÆ organizations/006_admin_requires_organization.sql
   ÔåÆ organizations/007_admin_invite.sql
   ÔåÆ organizations/018_regions.sql
7. Creando solicitudes de organizaciones...
   ÔåÆ organizations/003_organization_requests.sql
   ÔåÆ organizations/008_deferred_admin_activation.sql
8. Creando tablas acad├®micas...
   ÔåÆ academic/001_faculties.sql
   ÔåÆ academic/002_programs.sql
   ÔåÆ academic/009_careers.sql
   ÔåÆ academic/003_academic_periods.sql
   ÔåÆ academic/004_voter_registries.sql
   ÔåÆ academic/010_voter_stake.sql
   ÔåÆ academic/011_teaching_evaluations.sql
   ÔåÆ academic/012_evaluation_domain.sql
9. Creando elecciones...
   ÔåÆ elections/002_elections.sql
   ÔåÆ elections/003_organization_scope.sql
   ÔåÆ elections/003_positions.sql
   ÔåÆ elections/004_candidate_lists.sql
   ÔåÆ elections/005_candidacies.sql
   ÔåÆ elections/006_election_rules.sql
   ÔåÆ elections/007_candidacy_documents.sql
   ÔåÆ elections/008_candidate_lists_fair_profile.sql
   ÔåÆ elections/009_election_rules_peru.sql
   ÔåÆ elections/010_candidacy_advisor.sql
10. Creando ballots...
   ÔåÆ ballots/002_ballots.sql
   ÔåÆ ballots/003_ballot_positions.sql
   ÔåÆ ballots/004_ballot_options.sql
11. Creando auditor├¡a...
   ÔåÆ audit/002_audit_logs.sql
   ÔåÆ audit/003_audit_protection.sql
   ÔåÆ audit/004_voting_access_tokens.sql
   ÔåÆ audit/005_token_consumption.sql
   ÔåÆ audit/006_audit_permissions.sql
   ÔåÆ audit/007_actions_peru.sql
12. Creando resultados...
   ÔåÆ results/001_tallies.sql
   ÔåÆ results/002_election_results.sql
13. Creando votaci├│n...
   ÔåÆ voting/001_voting_sessions.sql
   ÔåÆ voting/002_votes.sql
   ÔåÆ voting/003_vote_selections.sql
14. Cargando funciones y vistas...
   ÔåÆ academic/005_voter_validation.sql
   ÔåÆ academic/006_views.sql
   ÔåÆ academic/007_functions.sql
   ÔåÆ academic/008_sis_sync.sql
   ÔåÆ ballots/005_views.sql
   ÔåÆ ballots/006_functions.sql
   ÔåÆ organizations/004_approval_functions.sql
   ÔåÆ organizations/006_organization_sites.sql
   ÔåÆ organizations/019_site_region.sql
   ÔåÆ user/020a_user_scope_enum.sql
   ÔåÆ user/020b_user_scope_columns.sql
   ÔåÆ user/021_user_site_assignments.sql
   ÔåÆ reports/001_election_report_history.sql
   ÔåÆ claims/001_voter_registry_claims.sql
   ÔåÆ objections/001_candidacy_objections.sql
   ÔåÆ public/001_public_election_landing.sql
   ÔåÆ results/003_turnout_trigger.sql
   ÔåÆ results/004_tally_votes.sql
   ÔåÆ results/005_certify_election.sql
   ÔåÆ results/006_weighted_fair.sql
   ÔåÆ voting/004_start_session.sql
   ÔåÆ voting/005_cast_vote.sql
   ÔåÆ voting/006_session_management.sql
   ÔåÆ voting/007_vote_integrity.sql
   ÔåÆ voting/008_scrutiny.sql
   ÔåÆ ratings/001_ratings.sql
   ÔåÆ ratings/002_feria_rubrics.sql
   ÔåÆ ratings/003_jury_assignments.sql
15. Cargando notificaciones e i18n...
   ÔåÆ notifications/001_notifications.sql
   ÔåÆ notifications/002_channels.sql
   ÔåÆ i18n/001_locales_and_translations.sql
16. Creando proyectos y ferias acad├®micas...
   ÔåÆ projects/001_projects.sql
   ÔåÆ fairs/001_fairs.sql
   ÔåÆ projects/002_projects_fair.sql
   ÔåÆ fairs/002_jury_assignments.sql
   ÔåÆ fairs/003_fair_rubrics.sql
   ÔåÆ fairs/004_fair_evaluations.sql
   ÔåÆ fairs/005_fair_result_publications.sql
   ÔåÆ fairs/006_fair_site.sql
   ÔåÆ fairs/007_fair_categories.sql
   ÔåÆ fairs/008_fair_stands.sql
   ÔåÆ projects/003_projects_category_stand.sql
   ÔåÆ fairs/009_fair_jury_declarations.sql
   ÔåÆ fairs/010_jury_assignment_integrity.sql
   ÔåÆ fairs/011_certificates.sql
   ÔåÆ fairs/012a_fair_rubric_to_checklist.sql
   ÔåÆ fairs/012b_fair_anonymous_voting.sql
   ÔåÆ fairs/013_fair_engagement.sql
   ÔåÆ fairs/014_fair_status_transition.sql
   ÔåÆ fairs/015_fair_project_fk_repair.sql
   ÔåÆ fairs/016_fair_jury_category_assignments.sql
   ÔåÆ fairs/017_jury_category_integrity.sql
   ÔåÆ fairs/018_fair_open_validation.sql
17. Cargando foreign keys finales...
   ÔåÆ 999_foreign_keys.sql

==========================================
Base de datos de pruebas lista
==========================================
  console.log
    Ôùç injected env (0) from .env.test // tip: Ôîÿ custom filepath { path: '/custom/path/.env' }

      at _log (node_modules/dotenv/lib/main.js:131:11)

  console.log
    Ôùç injected env (0) from .env.test // tip: Ôîÿ enable debugging { debug: true }

      at _log (node_modules/dotenv/lib/main.js:131:11)

  console.warn
    [authorize] SUPERADMIN detectado en una llamada authorize(). Migra esta ruta a authorizePlatform() y m├│ntala bajo /api/platform/* o en platformRouter.

    [0m [90m 180 |[39m     [90m// No rompemos en runtime; emitimos warning para que CI/QA lo detecte.[39m
     [90m 181 |[39m     [36mif[39m (process[33m.[39menv[33m.[39m[33mNODE_ENV[39m [33m!==[39m [32m'production'[39m) {
    [31m[1m>[22m[39m[90m 182 |[39m       console[33m.[39mwarn(
     [90m     |[39m               [31m[1m^[22m[39m
     [90m 183 |[39m         [32m'[authorize] SUPERADMIN detectado en una llamada authorize(). Migra esta ruta a authorizePlatform() y m├│ntala bajo /api/platform/* o en platformRouter.'[39m
     [90m 184 |[39m       )[33m;[39m
     [90m 185 |[39m     }[0m

      at authorize (src/middlewares/auth.middleware.js:182:15)
      at src/modules/users/user.routes.js:46:3
      at tests/integration/teachingEvaluation.integration.test.js:30:14

  console.warn
    [authorize] SUPERADMIN detectado en una llamada authorize(). Migra esta ruta a authorizePlatform() y m├│ntala bajo /api/platform/* o en platformRouter.

    [0m [90m 180 |[39m     [90m// No rompemos en runtime; emitimos warning para que CI/QA lo detecte.[39m
     [90m 181 |[39m     [36mif[39m (process[33m.[39menv[33m.[39m[33mNODE_ENV[39m [33m!==[39m [32m'production'[39m) {
    [31m[1m>[22m[39m[90m 182 |[39m       console[33m.[39mwarn(
     [90m     |[39m               [31m[1m^[22m[39m
     [90m 183 |[39m         [32m'[authorize] SUPERADMIN detectado en una llamada authorize(). Migra esta ruta a authorizePlatform() y m├│ntala bajo /api/platform/* o en platformRouter.'[39m
     [90m 184 |[39m       )[33m;[39m
     [90m 185 |[39m     }[0m

      at authorize (src/middlewares/auth.middleware.js:182:15)
      at src/modules/users/user.routes.js:54:3
      at tests/integration/teachingEvaluation.integration.test.js:30:14

  console.warn
    [authorize] SUPERADMIN detectado en una llamada authorize(). Migra esta ruta a authorizePlatform() y m├│ntala bajo /api/platform/* o en platformRouter.

    [0m [90m 180 |[39m     [90m// No rompemos en runtime; emitimos warning para que CI/QA lo detecte.[39m
     [90m 181 |[39m     [36mif[39m (process[33m.[39menv[33m.[39m[33mNODE_ENV[39m [33m!==[39m [32m'production'[39m) {
    [31m[1m>[22m[39m[90m 182 |[39m       console[33m.[39mwarn(
     [90m     |[39m               [31m[1m^[22m[39m
     [90m 183 |[39m         [32m'[authorize] SUPERADMIN detectado en una llamada authorize(). Migra esta ruta a authorizePlatform() y m├│ntala bajo /api/platform/* o en platformRouter.'[39m
     [90m 184 |[39m       )[33m;[39m
     [90m 185 |[39m     }[0m

      at authorize (src/middlewares/auth.middleware.js:182:15)
      at src/modules/organizations/organizationSite/organizationSite.routes.js:26:26
      at tests/integration/teachingEvaluation.integration.test.js:30:14

  console.warn
    [authorize] SUPERADMIN detectado en una llamada authorize(). Migra esta ruta a authorizePlatform() y m├│ntala bajo /api/platform/* o en platformRouter.

    [0m [90m 180 |[39m     [90m// No rompemos en runtime; emitimos warning para que CI/QA lo detecte.[39m
     [90m 181 |[39m     [36mif[39m (process[33m.[39menv[33m.[39m[33mNODE_ENV[39m [33m!==[39m [32m'production'[39m) {
    [31m[1m>[22m[39m[90m 182 |[39m       console[33m.[39mwarn(
     [90m     |[39m               [31m[1m^[22m[39m
     [90m 183 |[39m         [32m'[authorize] SUPERADMIN detectado en una llamada authorize(). Migra esta ruta a authorizePlatform() y m├│ntala bajo /api/platform/* o en platformRouter.'[39m
     [90m 184 |[39m       )[33m;[39m
     [90m 185 |[39m     }[0m

      at authorize (src/middlewares/auth.middleware.js:182:15)
      at src/modules/organizations/organization/organization.routes.js:86:3
      at tests/integration/teachingEvaluation.integration.test.js:30:14

  console.warn
    [authorize] SUPERADMIN detectado en una llamada authorize(). Migra esta ruta a authorizePlatform() y m├│ntala bajo /api/platform/* o en platformRouter.

    [0m [90m 180 |[39m     [90m// No rompemos en runtime; emitimos warning para que CI/QA lo detecte.[39m
     [90m 181 |[39m     [36mif[39m (process[33m.[39menv[33m.[39m[33mNODE_ENV[39m [33m!==[39m [32m'production'[39m) {
    [31m[1m>[22m[39m[90m 182 |[39m       console[33m.[39mwarn(
     [90m     |[39m               [31m[1m^[22m[39m
     [90m 183 |[39m         [32m'[authorize] SUPERADMIN detectado en una llamada authorize(). Migra esta ruta a authorizePlatform() y m├│ntala bajo /api/platform/* o en platformRouter.'[39m
     [90m 184 |[39m       )[33m;[39m
     [90m 185 |[39m     }[0m

      at authorize (src/middlewares/auth.middleware.js:182:15)
      at src/modules/organizations/organization/organization.routes.js:100:3
      at tests/integration/teachingEvaluation.integration.test.js:30:14

  console.warn
    [authorize] SUPERADMIN detectado en una llamada authorize(). Migra esta ruta a authorizePlatform() y m├│ntala bajo /api/platform/* o en platformRouter.

    [0m [90m 180 |[39m     [90m// No rompemos en runtime; emitimos warning para que CI/QA lo detecte.[39m
     [90m 181 |[39m     [36mif[39m (process[33m.[39menv[33m.[39m[33mNODE_ENV[39m [33m!==[39m [32m'production'[39m) {
    [31m[1m>[22m[39m[90m 182 |[39m       console[33m.[39mwarn(
     [90m     |[39m               [31m[1m^[22m[39m
     [90m 183 |[39m         [32m'[authorize] SUPERADMIN detectado en una llamada authorize(). Migra esta ruta a authorizePlatform() y m├│ntala bajo /api/platform/* o en platformRouter.'[39m
     [90m 184 |[39m       )[33m;[39m
     [90m 185 |[39m     }[0m

      at authorize (src/middlewares/auth.middleware.js:182:15)
      at src/modules/organizations/organization/organization.routes.js:108:3
      at tests/integration/teachingEvaluation.integration.test.js:30:14

  console.warn
    [authorize] SUPERADMIN detectado en una llamada authorize(). Migra esta ruta a authorizePlatform() y m├│ntala bajo /api/platform/* o en platformRouter.

    [0m [90m 180 |[39m     [90m// No rompemos en runtime; emitimos warning para que CI/QA lo detecte.[39m
     [90m 181 |[39m     [36mif[39m (process[33m.[39menv[33m.[39m[33mNODE_ENV[39m [33m!==[39m [32m'production'[39m) {
    [31m[1m>[22m[39m[90m 182 |[39m       console[33m.[39mwarn(
     [90m     |[39m               [31m[1m^[22m[39m
     [90m 183 |[39m         [32m'[authorize] SUPERADMIN detectado en una llamada authorize(). Migra esta ruta a authorizePlatform() y m├│ntala bajo /api/platform/* o en platformRouter.'[39m
     [90m 184 |[39m       )[33m;[39m
     [90m 185 |[39m     }[0m

      at authorize (src/middlewares/auth.middleware.js:182:15)
      at src/modules/organizations/organization/organization.routes.js:128:3
      at tests/integration/teachingEvaluation.integration.test.js:30:14

  console.warn
    [authorize] SUPERADMIN detectado en una llamada authorize(). Migra esta ruta a authorizePlatform() y m├│ntala bajo /api/platform/* o en platformRouter.

    [0m [90m 180 |[39m     [90m// No rompemos en runtime; emitimos warning para que CI/QA lo detecte.[39m
     [90m 181 |[39m     [36mif[39m (process[33m.[39menv[33m.[39m[33mNODE_ENV[39m [33m!==[39m [32m'production'[39m) {
    [31m[1m>[22m[39m[90m 182 |[39m       console[33m.[39mwarn(
     [90m     |[39m               [31m[1m^[22m[39m
     [90m 183 |[39m         [32m'[authorize] SUPERADMIN detectado en una llamada authorize(). Migra esta ruta a authorizePlatform() y m├│ntala bajo /api/platform/* o en platformRouter.'[39m
     [90m 184 |[39m       )[33m;[39m
     [90m 185 |[39m     }[0m

      at authorize (src/middlewares/auth.middleware.js:182:15)
      at src/modules/organizations/organization/organization.routes.js:160:3
      at tests/integration/teachingEvaluation.integration.test.js:30:14

  console.warn
    [authorize] SUPERADMIN detectado en una llamada authorize(). Migra esta ruta a authorizePlatform() y m├│ntala bajo /api/platform/* o en platformRouter.

    [0m [90m 180 |[39m     [90m// No rompemos en runtime; emitimos warning para que CI/QA lo detecte.[39m
     [90m 181 |[39m     [36mif[39m (process[33m.[39menv[33m.[39m[33mNODE_ENV[39m [33m!==[39m [32m'production'[39m) {
    [31m[1m>[22m[39m[90m 182 |[39m       console[33m.[39mwarn(
     [90m     |[39m               [31m[1m^[22m[39m
     [90m 183 |[39m         [32m'[authorize] SUPERADMIN detectado en una llamada authorize(). Migra esta ruta a authorizePlatform() y m├│ntala bajo /api/platform/* o en platformRouter.'[39m
     [90m 184 |[39m       )[33m;[39m
     [90m 185 |[39m     }[0m

      at authorize (src/middlewares/auth.middleware.js:182:15)
      at src/modules/organizations/organization/organization.routes.js:168:3
      at tests/integration/teachingEvaluation.integration.test.js:30:14

  console.warn
    [authorize] SUPERADMIN detectado en una llamada authorize(). Migra esta ruta a authorizePlatform() y m├│ntala bajo /api/platform/* o en platformRouter.

    [0m [90m 180 |[39m     [90m// No rompemos en runtime; emitimos warning para que CI/QA lo detecte.[39m
     [90m 181 |[39m     [36mif[39m (process[33m.[39menv[33m.[39m[33mNODE_ENV[39m [33m!==[39m [32m'production'[39m) {
    [31m[1m>[22m[39m[90m 182 |[39m       console[33m.[39mwarn(
     [90m     |[39m               [31m[1m^[22m[39m
     [90m 183 |[39m         [32m'[authorize] SUPERADMIN detectado en una llamada authorize(). Migra esta ruta a authorizePlatform() y m├│ntala bajo /api/platform/* o en platformRouter.'[39m
     [90m 184 |[39m       )[33m;[39m
     [90m 185 |[39m     }[0m

      at authorize (src/middlewares/auth.middleware.js:182:15)
      at src/modules/organizations/organization/organization.routes.js:186:3
      at tests/integration/teachingEvaluation.integration.test.js:30:14

  console.warn
    [authorize] SUPERADMIN detectado en una llamada authorize(). Migra esta ruta a authorizePlatform() y m├│ntala bajo /api/platform/* o en platformRouter.

    [0m [90m 180 |[39m     [90m// No rompemos en runtime; emitimos warning para que CI/QA lo detecte.[39m
     [90m 181 |[39m     [36mif[39m (process[33m.[39menv[33m.[39m[33mNODE_ENV[39m [33m!==[39m [32m'production'[39m) {
    [31m[1m>[22m[39m[90m 182 |[39m       console[33m.[39mwarn(
     [90m     |[39m               [31m[1m^[22m[39m
     [90m 183 |[39m         [32m'[authorize] SUPERADMIN detectado en una llamada authorize(). Migra esta ruta a authorizePlatform() y m├│ntala bajo /api/platform/* o en platformRouter.'[39m
     [90m 184 |[39m       )[33m;[39m
     [90m 185 |[39m     }[0m

      at authorize (src/middlewares/auth.middleware.js:182:15)
      at src/modules/organizations/organization/organization.routes.js:195:3
      at tests/integration/teachingEvaluation.integration.test.js:30:14

  console.warn
    [authorize] SUPERADMIN detectado en una llamada authorize(). Migra esta ruta a authorizePlatform() y m├│ntala bajo /api/platform/* o en platformRouter.

    [0m [90m 180 |[39m     [90m// No rompemos en runtime; emitimos warning para que CI/QA lo detecte.[39m
     [90m 181 |[39m     [36mif[39m (process[33m.[39menv[33m.[39m[33mNODE_ENV[39m [33m!==[39m [32m'production'[39m) {
    [31m[1m>[22m[39m[90m 182 |[39m       console[33m.[39mwarn(
     [90m     |[39m               [31m[1m^[22m[39m
     [90m 183 |[39m         [32m'[authorize] SUPERADMIN detectado en una llamada authorize(). Migra esta ruta a authorizePlatform() y m├│ntala bajo /api/platform/* o en platformRouter.'[39m
     [90m 184 |[39m       )[33m;[39m
     [90m 185 |[39m     }[0m

      at authorize (src/middlewares/auth.middleware.js:182:15)
      at src/modules/academic/teachingEvaluation/teachingEvaluation.routes.js:51:49
      at tests/integration/teachingEvaluation.integration.test.js:30:14

  console.warn
    [authorize] SUPERADMIN detectado en una llamada authorize(). Migra esta ruta a authorizePlatform() y m├│ntala bajo /api/platform/* o en platformRouter.

    [0m [90m 180 |[39m     [90m// No rompemos en runtime; emitimos warning para que CI/QA lo detecte.[39m
     [90m 181 |[39m     [36mif[39m (process[33m.[39menv[33m.[39m[33mNODE_ENV[39m [33m!==[39m [32m'production'[39m) {
    [31m[1m>[22m[39m[90m 182 |[39m       console[33m.[39mwarn(
     [90m     |[39m               [31m[1m^[22m[39m
     [90m 183 |[39m         [32m'[authorize] SUPERADMIN detectado en una llamada authorize(). Migra esta ruta a authorizePlatform() y m├│ntala bajo /api/platform/* o en platformRouter.'[39m
     [90m 184 |[39m       )[33m;[39m
     [90m 185 |[39m     }[0m

      at authorize (src/middlewares/auth.middleware.js:182:15)
      at src/modules/academic/teachingEvaluation/teachingEvaluation.routes.js:60:49
      at tests/integration/teachingEvaluation.integration.test.js:30:14

  console.warn
    [authorize] SUPERADMIN detectado en una llamada authorize(). Migra esta ruta a authorizePlatform() y m├│ntala bajo /api/platform/* o en platformRouter.

    [0m [90m 180 |[39m     [90m// No rompemos en runtime; emitimos warning para que CI/QA lo detecte.[39m
     [90m 181 |[39m     [36mif[39m (process[33m.[39menv[33m.[39m[33mNODE_ENV[39m [33m!==[39m [32m'production'[39m) {
    [31m[1m>[22m[39m[90m 182 |[39m       console[33m.[39mwarn(
     [90m     |[39m               [31m[1m^[22m[39m
     [90m 183 |[39m         [32m'[authorize] SUPERADMIN detectado en una llamada authorize(). Migra esta ruta a authorizePlatform() y m├│ntala bajo /api/platform/* o en platformRouter.'[39m
     [90m 184 |[39m       )[33m;[39m
     [90m 185 |[39m     }[0m

      at authorize (src/middlewares/auth.middleware.js:182:15)
      at src/modules/academic/teachingEvaluation/teachingEvaluation.routes.js:74:52
      at tests/integration/teachingEvaluation.integration.test.js:30:14

  console.warn
    [authorize] SUPERADMIN detectado en una llamada authorize(). Migra esta ruta a authorizePlatform() y m├│ntala bajo /api/platform/* o en platformRouter.

    [0m [90m 180 |[39m     [90m// No rompemos en runtime; emitimos warning para que CI/QA lo detecte.[39m
     [90m 181 |[39m     [36mif[39m (process[33m.[39menv[33m.[39m[33mNODE_ENV[39m [33m!==[39m [32m'production'[39m) {
    [31m[1m>[22m[39m[90m 182 |[39m       console[33m.[39mwarn(
     [90m     |[39m               [31m[1m^[22m[39m
     [90m 183 |[39m         [32m'[authorize] SUPERADMIN detectado en una llamada authorize(). Migra esta ruta a authorizePlatform() y m├│ntala bajo /api/platform/* o en platformRouter.'[39m
     [90m 184 |[39m       )[33m;[39m
     [90m 185 |[39m     }[0m

      at authorize (src/middlewares/auth.middleware.js:182:15)
      at src/modules/academic/teachingEvaluation/teachingEvaluation.routes.js:79:51
      at tests/integration/teachingEvaluation.integration.test.js:30:14

  console.warn
    [authorize] SUPERADMIN detectado en una llamada authorize(). Migra esta ruta a authorizePlatform() y m├│ntala bajo /api/platform/* o en platformRouter.

    [0m [90m 180 |[39m     [90m// No rompemos en runtime; emitimos warning para que CI/QA lo detecte.[39m
     [90m 181 |[39m     [36mif[39m (process[33m.[39menv[33m.[39m[33mNODE_ENV[39m [33m!==[39m [32m'production'[39m) {
    [31m[1m>[22m[39m[90m 182 |[39m       console[33m.[39mwarn(
     [90m     |[39m               [31m[1m^[22m[39m
     [90m 183 |[39m         [32m'[authorize] SUPERADMIN detectado en una llamada authorize(). Migra esta ruta a authorizePlatform() y m├│ntala bajo /api/platform/* o en platformRouter.'[39m
     [90m 184 |[39m       )[33m;[39m
     [90m 185 |[39m     }[0m

      at authorize (src/middlewares/auth.middleware.js:182:15)
      at src/modules/academic/teachingEvaluation/teachingEvaluation.routes.js:84:58
      at tests/integration/teachingEvaluation.integration.test.js:30:14

  console.warn
    [authorize] SUPERADMIN detectado en una llamada authorize(). Migra esta ruta a authorizePlatform() y m├│ntala bajo /api/platform/* o en platformRouter.

    [0m [90m 180 |[39m     [90m// No rompemos en runtime; emitimos warning para que CI/QA lo detecte.[39m
     [90m 181 |[39m     [36mif[39m (process[33m.[39menv[33m.[39m[33mNODE_ENV[39m [33m!==[39m [32m'production'[39m) {
    [31m[1m>[22m[39m[90m 182 |[39m       console[33m.[39mwarn(
     [90m     |[39m               [31m[1m^[22m[39m
     [90m 183 |[39m         [32m'[authorize] SUPERADMIN detectado en una llamada authorize(). Migra esta ruta a authorizePlatform() y m├│ntala bajo /api/platform/* o en platformRouter.'[39m
     [90m 184 |[39m       )[33m;[39m
     [90m 185 |[39m     }[0m

      at authorize (src/middlewares/auth.middleware.js:182:15)
      at src/modules/academic/teachingEvaluation/teachingEvaluation.routes.js:99:69
      at tests/integration/teachingEvaluation.integration.test.js:30:14

  console.warn
    [authorize] SUPERADMIN detectado en una llamada authorize(). Migra esta ruta a authorizePlatform() y m├│ntala bajo /api/platform/* o en platformRouter.

    [0m [90m 180 |[39m     [90m// No rompemos en runtime; emitimos warning para que CI/QA lo detecte.[39m
     [90m 181 |[39m     [36mif[39m (process[33m.[39menv[33m.[39m[33mNODE_ENV[39m [33m!==[39m [32m'production'[39m) {
    [31m[1m>[22m[39m[90m 182 |[39m       console[33m.[39mwarn(
     [90m     |[39m               [31m[1m^[22m[39m
     [90m 183 |[39m         [32m'[authorize] SUPERADMIN detectado en una llamada authorize(). Migra esta ruta a authorizePlatform() y m├│ntala bajo /api/platform/* o en platformRouter.'[39m
     [90m 184 |[39m       )[33m;[39m
     [90m 185 |[39m     }[0m

      at authorize (src/middlewares/auth.middleware.js:182:15)
      at src/modules/academic/teachingEvaluation/teachingEvaluation.routes.js:113:3
      at tests/integration/teachingEvaluation.integration.test.js:30:14

  console.warn
    [authorize] SUPERADMIN detectado en una llamada authorize(). Migra esta ruta a authorizePlatform() y m├│ntala bajo /api/platform/* o en platformRouter.

    [0m [90m 180 |[39m     [90m// No rompemos en runtime; emitimos warning para que CI/QA lo detecte.[39m
     [90m 181 |[39m     [36mif[39m (process[33m.[39menv[33m.[39m[33mNODE_ENV[39m [33m!==[39m [32m'production'[39m) {
    [31m[1m>[22m[39m[90m 182 |[39m       console[33m.[39mwarn(
     [90m     |[39m               [31m[1m^[22m[39m
     [90m 183 |[39m         [32m'[authorize] SUPERADMIN detectado en una llamada authorize(). Migra esta ruta a authorizePlatform() y m├│ntala bajo /api/platform/* o en platformRouter.'[39m
     [90m 184 |[39m       )[33m;[39m
     [90m 185 |[39m     }[0m

      at authorize (src/middlewares/auth.middleware.js:182:15)
      at src/modules/academic/teachingEvaluation/teachingEvaluation.routes.js:131:3
      at tests/integration/teachingEvaluation.integration.test.js:30:14

  console.warn
    [authorize] SUPERADMIN detectado en una llamada authorize(). Migra esta ruta a authorizePlatform() y m├│ntala bajo /api/platform/* o en platformRouter.

    [0m [90m 180 |[39m     [90m// No rompemos en runtime; emitimos warning para que CI/QA lo detecte.[39m
     [90m 181 |[39m     [36mif[39m (process[33m.[39menv[33m.[39m[33mNODE_ENV[39m [33m!==[39m [32m'production'[39m) {
    [31m[1m>[22m[39m[90m 182 |[39m       console[33m.[39mwarn(
     [90m     |[39m               [31m[1m^[22m[39m
     [90m 183 |[39m         [32m'[authorize] SUPERADMIN detectado en una llamada authorize(). Migra esta ruta a authorizePlatform() y m├│ntala bajo /api/platform/* o en platformRouter.'[39m
     [90m 184 |[39m       )[33m;[39m
     [90m 185 |[39m     }[0m

      at authorize (src/middlewares/auth.middleware.js:182:15)
      at src/modules/academic/teachingEvaluation/teachingEvaluation.routes.js:149:3
      at tests/integration/teachingEvaluation.integration.test.js:30:14

  console.warn
    [authorize] SUPERADMIN detectado en una llamada authorize(). Migra esta ruta a authorizePlatform() y m├│ntala bajo /api/platform/* o en platformRouter.

    [0m [90m 180 |[39m     [90m// No rompemos en runtime; emitimos warning para que CI/QA lo detecte.[39m
     [90m 181 |[39m     [36mif[39m (process[33m.[39menv[33m.[39m[33mNODE_ENV[39m [33m!==[39m [32m'production'[39m) {
    [31m[1m>[22m[39m[90m 182 |[39m       console[33m.[39mwarn(
     [90m     |[39m               [31m[1m^[22m[39m
     [90m 183 |[39m         [32m'[authorize] SUPERADMIN detectado en una llamada authorize(). Migra esta ruta a authorizePlatform() y m├│ntala bajo /api/platform/* o en platformRouter.'[39m
     [90m 184 |[39m       )[33m;[39m
     [90m 185 |[39m     }[0m

      at authorize (src/middlewares/auth.middleware.js:182:15)
      at src/modules/academic/teachingEvaluation/teachingEvaluation.routes.js:167:3
      at tests/integration/teachingEvaluation.integration.test.js:30:14

  console.warn
    [authorize] SUPERADMIN detectado en una llamada authorize(). Migra esta ruta a authorizePlatform() y m├│ntala bajo /api/platform/* o en platformRouter.

    [0m [90m 180 |[39m     [90m// No rompemos en runtime; emitimos warning para que CI/QA lo detecte.[39m
     [90m 181 |[39m     [36mif[39m (process[33m.[39menv[33m.[39m[33mNODE_ENV[39m [33m!==[39m [32m'production'[39m) {
    [31m[1m>[22m[39m[90m 182 |[39m       console[33m.[39mwarn(
     [90m     |[39m               [31m[1m^[22m[39m
     [90m 183 |[39m         [32m'[authorize] SUPERADMIN detectado en una llamada authorize(). Migra esta ruta a authorizePlatform() y m├│ntala bajo /api/platform/* o en platformRouter.'[39m
     [90m 184 |[39m       )[33m;[39m
     [90m 185 |[39m     }[0m

      at authorize (src/middlewares/auth.middleware.js:182:15)
      at src/modules/academic/teachingEvaluation/teachingEvaluation.routes.js:185:3
      at tests/integration/teachingEvaluation.integration.test.js:30:14

  console.warn
    [authorize] SUPERADMIN detectado en una llamada authorize(). Migra esta ruta a authorizePlatform() y m├│ntala bajo /api/platform/* o en platformRouter.

    [0m [90m 180 |[39m     [90m// No rompemos en runtime; emitimos warning para que CI/QA lo detecte.[39m
     [90m 181 |[39m     [36mif[39m (process[33m.[39menv[33m.[39m[33mNODE_ENV[39m [33m!==[39m [32m'production'[39m) {
    [31m[1m>[22m[39m[90m 182 |[39m       console[33m.[39mwarn(
     [90m     |[39m               [31m[1m^[22m[39m
     [90m 183 |[39m         [32m'[authorize] SUPERADMIN detectado en una llamada authorize(). Migra esta ruta a authorizePlatform() y m├│ntala bajo /api/platform/* o en platformRouter.'[39m
     [90m 184 |[39m       )[33m;[39m
     [90m 185 |[39m     }[0m

      at authorize (src/middlewares/auth.middleware.js:182:15)
      at src/modules/academic/teachingEvaluation/teachingEvaluation.routes.js:205:3
      at tests/integration/teachingEvaluation.integration.test.js:30:14

  console.warn
    [authorize] SUPERADMIN detectado en una llamada authorize(). Migra esta ruta a authorizePlatform() y m├│ntala bajo /api/platform/* o en platformRouter.

    [0m [90m 180 |[39m     [90m// No rompemos en runtime; emitimos warning para que CI/QA lo detecte.[39m
     [90m 181 |[39m     [36mif[39m (process[33m.[39menv[33m.[39m[33mNODE_ENV[39m [33m!==[39m [32m'production'[39m) {
    [31m[1m>[22m[39m[90m 182 |[39m       console[33m.[39mwarn(
     [90m     |[39m               [31m[1m^[22m[39m
     [90m 183 |[39m         [32m'[authorize] SUPERADMIN detectado en una llamada authorize(). Migra esta ruta a authorizePlatform() y m├│ntala bajo /api/platform/* o en platformRouter.'[39m
     [90m 184 |[39m       )[33m;[39m
     [90m 185 |[39m     }[0m

      at authorize (src/middlewares/auth.middleware.js:182:15)
      at src/modules/academic/teachingEvaluation/teachingEvaluation.routes.js:235:3
      at tests/integration/teachingEvaluation.integration.test.js:30:14

  console.warn
    [authorize] SUPERADMIN detectado en una llamada authorize(). Migra esta ruta a authorizePlatform() y m├│ntala bajo /api/platform/* o en platformRouter.

    [0m [90m 180 |[39m     [90m// No rompemos en runtime; emitimos warning para que CI/QA lo detecte.[39m
     [90m 181 |[39m     [36mif[39m (process[33m.[39menv[33m.[39m[33mNODE_ENV[39m [33m!==[39m [32m'production'[39m) {
    [31m[1m>[22m[39m[90m 182 |[39m       console[33m.[39mwarn(
     [90m     |[39m               [31m[1m^[22m[39m
     [90m 183 |[39m         [32m'[authorize] SUPERADMIN detectado en una llamada authorize(). Migra esta ruta a authorizePlatform() y m├│ntala bajo /api/platform/* o en platformRouter.'[39m
     [90m 184 |[39m       )[33m;[39m
     [90m 185 |[39m     }[0m

      at authorize (src/middlewares/auth.middleware.js:182:15)
      at src/modules/academic/teachingEvaluation/teachingEvaluation.routes.js:250:3
      at tests/integration/teachingEvaluation.integration.test.js:30:14

  console.warn
    [authorize] SUPERADMIN detectado en una llamada authorize(). Migra esta ruta a authorizePlatform() y m├│ntala bajo /api/platform/* o en platformRouter.

    [0m [90m 180 |[39m     [90m// No rompemos en runtime; emitimos warning para que CI/QA lo detecte.[39m
     [90m 181 |[39m     [36mif[39m (process[33m.[39menv[33m.[39m[33mNODE_ENV[39m [33m!==[39m [32m'production'[39m) {
    [31m[1m>[22m[39m[90m 182 |[39m       console[33m.[39mwarn(
     [90m     |[39m               [31m[1m^[22m[39m
     [90m 183 |[39m         [32m'[authorize] SUPERADMIN detectado en una llamada authorize(). Migra esta ruta a authorizePlatform() y m├│ntala bajo /api/platform/* o en platformRouter.'[39m
     [90m 184 |[39m       )[33m;[39m
     [90m 185 |[39m     }[0m

      at authorize (src/middlewares/auth.middleware.js:182:15)
      at src/modules/academic/teachingEvaluation/teachingEvaluation.routes.js:261:3
      at tests/integration/teachingEvaluation.integration.test.js:30:14

  console.warn
    [authorize] SUPERADMIN detectado en una llamada authorize(). Migra esta ruta a authorizePlatform() y m├│ntala bajo /api/platform/* o en platformRouter.

    [0m [90m 180 |[39m     [90m// No rompemos en runtime; emitimos warning para que CI/QA lo detecte.[39m
     [90m 181 |[39m     [36mif[39m (process[33m.[39menv[33m.[39m[33mNODE_ENV[39m [33m!==[39m [32m'production'[39m) {
    [31m[1m>[22m[39m[90m 182 |[39m       console[33m.[39mwarn(
     [90m     |[39m               [31m[1m^[22m[39m
     [90m 183 |[39m         [32m'[authorize] SUPERADMIN detectado en una llamada authorize(). Migra esta ruta a authorizePlatform() y m├│ntala bajo /api/platform/* o en platformRouter.'[39m
     [90m 184 |[39m       )[33m;[39m
     [90m 185 |[39m     }[0m

      at authorize (src/middlewares/auth.middleware.js:182:15)
      at src/modules/academic/career/career.routes.js:14:26
      at tests/integration/teachingEvaluation.integration.test.js:30:14

  console.warn
    [authorize] SUPERADMIN detectado en una llamada authorize(). Migra esta ruta a authorizePlatform() y m├│ntala bajo /api/platform/* o en platformRouter.

    [0m [90m 180 |[39m     [90m// No rompemos en runtime; emitimos warning para que CI/QA lo detecte.[39m
     [90m 181 |[39m     [36mif[39m (process[33m.[39menv[33m.[39m[33mNODE_ENV[39m [33m!==[39m [32m'production'[39m) {
    [31m[1m>[22m[39m[90m 182 |[39m       console[33m.[39mwarn(
     [90m     |[39m               [31m[1m^[22m[39m
     [90m 183 |[39m         [32m'[authorize] SUPERADMIN detectado en una llamada authorize(). Migra esta ruta a authorizePlatform() y m├│ntala bajo /api/platform/* o en platformRouter.'[39m
     [90m 184 |[39m       )[33m;[39m
     [90m 185 |[39m     }[0m

      at authorize (src/middlewares/auth.middleware.js:182:15)
      at src/modules/academic/course/course.routes.js:14:26
      at tests/integration/teachingEvaluation.integration.test.js:30:14

  console.warn
    [authorize] SUPERADMIN detectado en una llamada authorize(). Migra esta ruta a authorizePlatform() y m├│ntala bajo /api/platform/* o en platformRouter.

    [0m [90m 180 |[39m     [90m// No rompemos en runtime; emitimos warning para que CI/QA lo detecte.[39m
     [90m 181 |[39m     [36mif[39m (process[33m.[39menv[33m.[39m[33mNODE_ENV[39m [33m!==[39m [32m'production'[39m) {
    [31m[1m>[22m[39m[90m 182 |[39m       console[33m.[39mwarn(
     [90m     |[39m               [31m[1m^[22m[39m
     [90m 183 |[39m         [32m'[authorize] SUPERADMIN detectado en una llamada authorize(). Migra esta ruta a authorizePlatform() y m├│ntala bajo /api/platform/* o en platformRouter.'[39m
     [90m 184 |[39m       )[33m;[39m
     [90m 185 |[39m     }[0m

      at authorize (src/middlewares/auth.middleware.js:182:15)
      at src/modules/ratings/rating.routes.js:50:3
      at tests/integration/teachingEvaluation.integration.test.js:30:14

  console.warn
    [authorize] SUPERADMIN detectado en una llamada authorize(). Migra esta ruta a authorizePlatform() y m├│ntala bajo /api/platform/* o en platformRouter.

    [0m [90m 180 |[39m     [90m// No rompemos en runtime; emitimos warning para que CI/QA lo detecte.[39m
     [90m 181 |[39m     [36mif[39m (process[33m.[39menv[33m.[39m[33mNODE_ENV[39m [33m!==[39m [32m'production'[39m) {
    [31m[1m>[22m[39m[90m 182 |[39m       console[33m.[39mwarn(
     [90m     |[39m               [31m[1m^[22m[39m
     [90m 183 |[39m         [32m'[authorize] SUPERADMIN detectado en una llamada authorize(). Migra esta ruta a authorizePlatform() y m├│ntala bajo /api/platform/* o en platformRouter.'[39m
     [90m 184 |[39m       )[33m;[39m
     [90m 185 |[39m     }[0m

      at authorize (src/middlewares/auth.middleware.js:182:15)
      at src/modules/ratings/rating.routes.js:59:3
      at tests/integration/teachingEvaluation.integration.test.js:30:14

  console.warn
    [authorize] SUPERADMIN detectado en una llamada authorize(). Migra esta ruta a authorizePlatform() y m├│ntala bajo /api/platform/* o en platformRouter.

    [0m [90m 180 |[39m     [90m// No rompemos en runtime; emitimos warning para que CI/QA lo detecte.[39m
     [90m 181 |[39m     [36mif[39m (process[33m.[39menv[33m.[39m[33mNODE_ENV[39m [33m!==[39m [32m'production'[39m) {
    [31m[1m>[22m[39m[90m 182 |[39m       console[33m.[39mwarn(
     [90m     |[39m               [31m[1m^[22m[39m
     [90m 183 |[39m         [32m'[authorize] SUPERADMIN detectado en una llamada authorize(). Migra esta ruta a authorizePlatform() y m├│ntala bajo /api/platform/* o en platformRouter.'[39m
     [90m 184 |[39m       )[33m;[39m
     [90m 185 |[39m     }[0m

      at authorize (src/middlewares/auth.middleware.js:182:15)
      at src/modules/ratings/rating.routes.js:68:3
      at tests/integration/teachingEvaluation.integration.test.js:30:14

  console.warn
    [authorize] SUPERADMIN detectado en una llamada authorize(). Migra esta ruta a authorizePlatform() y m├│ntala bajo /api/platform/* o en platformRouter.

    [0m [90m 180 |[39m     [90m// No rompemos en runtime; emitimos warning para que CI/QA lo detecte.[39m
     [90m 181 |[39m     [36mif[39m (process[33m.[39menv[33m.[39m[33mNODE_ENV[39m [33m!==[39m [32m'production'[39m) {
    [31m[1m>[22m[39m[90m 182 |[39m       console[33m.[39mwarn(
     [90m     |[39m               [31m[1m^[22m[39m
     [90m 183 |[39m         [32m'[authorize] SUPERADMIN detectado en una llamada authorize(). Migra esta ruta a authorizePlatform() y m├│ntala bajo /api/platform/* o en platformRouter.'[39m
     [90m 184 |[39m       )[33m;[39m
     [90m 185 |[39m     }[0m

      at authorize (src/middlewares/auth.middleware.js:182:15)
      at src/modules/ratings/rating.routes.js:78:3
      at tests/integration/teachingEvaluation.integration.test.js:30:14

  console.warn
    [authorize] SUPERADMIN detectado en una llamada authorize(). Migra esta ruta a authorizePlatform() y m├│ntala bajo /api/platform/* o en platformRouter.

    [0m [90m 180 |[39m     [90m// No rompemos en runtime; emitimos warning para que CI/QA lo detecte.[39m
     [90m 181 |[39m     [36mif[39m (process[33m.[39menv[33m.[39m[33mNODE_ENV[39m [33m!==[39m [32m'production'[39m) {
    [31m[1m>[22m[39m[90m 182 |[39m       console[33m.[39mwarn(
     [90m     |[39m               [31m[1m^[22m[39m
     [90m 183 |[39m         [32m'[authorize] SUPERADMIN detectado en una llamada authorize(). Migra esta ruta a authorizePlatform() y m├│ntala bajo /api/platform/* o en platformRouter.'[39m
     [90m 184 |[39m       )[33m;[39m
     [90m 185 |[39m     }[0m

      at authorize (src/middlewares/auth.middleware.js:182:15)
      at src/modules/ratings/rating.routes.js:87:3
      at tests/integration/teachingEvaluation.integration.test.js:30:14

  console.warn
    [authorize] SUPERADMIN detectado en una llamada authorize(). Migra esta ruta a authorizePlatform() y m├│ntala bajo /api/platform/* o en platformRouter.

    [0m [90m 180 |[39m     [90m// No rompemos en runtime; emitimos warning para que CI/QA lo detecte.[39m
     [90m 181 |[39m     [36mif[39m (process[33m.[39menv[33m.[39m[33mNODE_ENV[39m [33m!==[39m [32m'production'[39m) {
    [31m[1m>[22m[39m[90m 182 |[39m       console[33m.[39mwarn(
     [90m     |[39m               [31m[1m^[22m[39m
     [90m 183 |[39m         [32m'[authorize] SUPERADMIN detectado en una llamada authorize(). Migra esta ruta a authorizePlatform() y m├│ntala bajo /api/platform/* o en platformRouter.'[39m
     [90m 184 |[39m       )[33m;[39m
     [90m 185 |[39m     }[0m

      at authorize (src/middlewares/auth.middleware.js:182:15)
      at src/modules/ratings/rating.routes.js:96:3
      at tests/integration/teachingEvaluation.integration.test.js:30:14

  console.warn
    [authorize] SUPERADMIN detectado en una llamada authorize(). Migra esta ruta a authorizePlatform() y m├│ntala bajo /api/platform/* o en platformRouter.

    [0m [90m 180 |[39m     [90m// No rompemos en runtime; emitimos warning para que CI/QA lo detecte.[39m
     [90m 181 |[39m     [36mif[39m (process[33m.[39menv[33m.[39m[33mNODE_ENV[39m [33m!==[39m [32m'production'[39m) {
    [31m[1m>[22m[39m[90m 182 |[39m       console[33m.[39mwarn(
     [90m     |[39m               [31m[1m^[22m[39m
     [90m 183 |[39m         [32m'[authorize] SUPERADMIN detectado en una llamada authorize(). Migra esta ruta a authorizePlatform() y m├│ntala bajo /api/platform/* o en platformRouter.'[39m
     [90m 184 |[39m       )[33m;[39m
     [90m 185 |[39m     }[0m

      at authorize (src/middlewares/auth.middleware.js:182:15)
      at src/modules/ratings/rating.routes.js:115:3
      at tests/integration/teachingEvaluation.integration.test.js:30:14

  console.warn
    [authorize] SUPERADMIN detectado en una llamada authorize(). Migra esta ruta a authorizePlatform() y m├│ntala bajo /api/platform/* o en platformRouter.

    [0m [90m 180 |[39m     [90m// No rompemos en runtime; emitimos warning para que CI/QA lo detecte.[39m
     [90m 181 |[39m     [36mif[39m (process[33m.[39menv[33m.[39m[33mNODE_ENV[39m [33m!==[39m [32m'production'[39m) {
    [31m[1m>[22m[39m[90m 182 |[39m       console[33m.[39mwarn(
     [90m     |[39m               [31m[1m^[22m[39m
     [90m 183 |[39m         [32m'[authorize] SUPERADMIN detectado en una llamada authorize(). Migra esta ruta a authorizePlatform() y m├│ntala bajo /api/platform/* o en platformRouter.'[39m
     [90m 184 |[39m       )[33m;[39m
     [90m 185 |[39m     }[0m

      at authorize (src/middlewares/auth.middleware.js:182:15)
      at src/modules/ratings/rating.routes.js:125:3
      at tests/integration/teachingEvaluation.integration.test.js:30:14

  console.warn
    [authorize] SUPERADMIN detectado en una llamada authorize(). Migra esta ruta a authorizePlatform() y m├│ntala bajo /api/platform/* o en platformRouter.

    [0m [90m 180 |[39m     [90m// No rompemos en runtime; emitimos warning para que CI/QA lo detecte.[39m
     [90m 181 |[39m     [36mif[39m (process[33m.[39menv[33m.[39m[33mNODE_ENV[39m [33m!==[39m [32m'production'[39m) {
    [31m[1m>[22m[39m[90m 182 |[39m       console[33m.[39mwarn(
     [90m     |[39m               [31m[1m^[22m[39m
     [90m 183 |[39m         [32m'[authorize] SUPERADMIN detectado en una llamada authorize(). Migra esta ruta a authorizePlatform() y m├│ntala bajo /api/platform/* o en platformRouter.'[39m
     [90m 184 |[39m       )[33m;[39m
     [90m 185 |[39m     }[0m

      at authorize (src/middlewares/auth.middleware.js:182:15)
      at src/modules/ratings/rating.routes.js:134:3
      at tests/integration/teachingEvaluation.integration.test.js:30:14

  console.warn
    [authorize] SUPERADMIN detectado en una llamada authorize(). Migra esta ruta a authorizePlatform() y m├│ntala bajo /api/platform/* o en platformRouter.

    [0m [90m 180 |[39m     [90m// No rompemos en runtime; emitimos warning para que CI/QA lo detecte.[39m
     [90m 181 |[39m     [36mif[39m (process[33m.[39menv[33m.[39m[33mNODE_ENV[39m [33m!==[39m [32m'production'[39m) {
    [31m[1m>[22m[39m[90m 182 |[39m       console[33m.[39mwarn(
     [90m     |[39m               [31m[1m^[22m[39m
     [90m 183 |[39m         [32m'[authorize] SUPERADMIN detectado en una llamada authorize(). Migra esta ruta a authorizePlatform() y m├│ntala bajo /api/platform/* o en platformRouter.'[39m
     [90m 184 |[39m       )[33m;[39m
     [90m 185 |[39m     }[0m

      at authorize (src/middlewares/auth.middleware.js:182:15)
      at src/modules/ratings/rating.routes.js:144:3
      at tests/integration/teachingEvaluation.integration.test.js:30:14

  console.warn
    [authorize] SUPERADMIN detectado en una llamada authorize(). Migra esta ruta a authorizePlatform() y m├│ntala bajo /api/platform/* o en platformRouter.

    [0m [90m 180 |[39m     [90m// No rompemos en runtime; emitimos warning para que CI/QA lo detecte.[39m
     [90m 181 |[39m     [36mif[39m (process[33m.[39menv[33m.[39m[33mNODE_ENV[39m [33m!==[39m [32m'production'[39m) {
    [31m[1m>[22m[39m[90m 182 |[39m       console[33m.[39mwarn(
     [90m     |[39m               [31m[1m^[22m[39m
     [90m 183 |[39m         [32m'[authorize] SUPERADMIN detectado en una llamada authorize(). Migra esta ruta a authorizePlatform() y m├│ntala bajo /api/platform/* o en platformRouter.'[39m
     [90m 184 |[39m       )[33m;[39m
     [90m 185 |[39m     }[0m

      at authorize (src/middlewares/auth.middleware.js:182:15)
      at src/modules/ratings/rating.routes.js:153:3
      at tests/integration/teachingEvaluation.integration.test.js:30:14

  console.warn
    [authorize] SUPERADMIN detectado en una llamada authorize(). Migra esta ruta a authorizePlatform() y m├│ntala bajo /api/platform/* o en platformRouter.

    [0m [90m 180 |[39m     [90m// No rompemos en runtime; emitimos warning para que CI/QA lo detecte.[39m
     [90m 181 |[39m     [36mif[39m (process[33m.[39menv[33m.[39m[33mNODE_ENV[39m [33m!==[39m [32m'production'[39m) {
    [31m[1m>[22m[39m[90m 182 |[39m       console[33m.[39mwarn(
     [90m     |[39m               [31m[1m^[22m[39m
     [90m 183 |[39m         [32m'[authorize] SUPERADMIN detectado en una llamada authorize(). Migra esta ruta a authorizePlatform() y m├│ntala bajo /api/platform/* o en platformRouter.'[39m
     [90m 184 |[39m       )[33m;[39m
     [90m 185 |[39m     }[0m

      at authorize (src/middlewares/auth.middleware.js:182:15)
      at src/modules/objections/objection.routes.js:35:3
      at tests/integration/teachingEvaluation.integration.test.js:30:14

  console.warn
    [authorize] SUPERADMIN detectado en una llamada authorize(). Migra esta ruta a authorizePlatform() y m├│ntala bajo /api/platform/* o en platformRouter.

    [0m [90m 180 |[39m     [90m// No rompemos en runtime; emitimos warning para que CI/QA lo detecte.[39m
     [90m 181 |[39m     [36mif[39m (process[33m.[39menv[33m.[39m[33mNODE_ENV[39m [33m!==[39m [32m'production'[39m) {
    [31m[1m>[22m[39m[90m 182 |[39m       console[33m.[39mwarn(
     [90m     |[39m               [31m[1m^[22m[39m
     [90m 183 |[39m         [32m'[authorize] SUPERADMIN detectado en una llamada authorize(). Migra esta ruta a authorizePlatform() y m├│ntala bajo /api/platform/* o en platformRouter.'[39m
     [90m 184 |[39m       )[33m;[39m
     [90m 185 |[39m     }[0m

      at authorize (src/middlewares/auth.middleware.js:182:15)
      at src/modules/objections/objection.routes.js:45:3
      at tests/integration/teachingEvaluation.integration.test.js:30:14

  console.warn
    [authorize] SUPERADMIN detectado en una llamada authorize(). Migra esta ruta a authorizePlatform() y m├│ntala bajo /api/platform/* o en platformRouter.

    [0m [90m 180 |[39m     [90m// No rompemos en runtime; emitimos warning para que CI/QA lo detecte.[39m
     [90m 181 |[39m     [36mif[39m (process[33m.[39menv[33m.[39m[33mNODE_ENV[39m [33m!==[39m [32m'production'[39m) {
    [31m[1m>[22m[39m[90m 182 |[39m       console[33m.[39mwarn(
     [90m     |[39m               [31m[1m^[22m[39m
     [90m 183 |[39m         [32m'[authorize] SUPERADMIN detectado en una llamada authorize(). Migra esta ruta a authorizePlatform() y m├│ntala bajo /api/platform/* o en platformRouter.'[39m
     [90m 184 |[39m       )[33m;[39m
     [90m 185 |[39m     }[0m

      at authorize (src/middlewares/auth.middleware.js:182:15)
      at src/modules/objections/objection.routes.js:54:3
      at tests/integration/teachingEvaluation.integration.test.js:30:14

  console.warn
    [authorize] SUPERADMIN detectado en una llamada authorize(). Migra esta ruta a authorizePlatform() y m├│ntala bajo /api/platform/* o en platformRouter.

    [0m [90m 180 |[39m     [90m// No rompemos en runtime; emitimos warning para que CI/QA lo detecte.[39m
     [90m 181 |[39m     [36mif[39m (process[33m.[39menv[33m.[39m[33mNODE_ENV[39m [33m!==[39m [32m'production'[39m) {
    [31m[1m>[22m[39m[90m 182 |[39m       console[33m.[39mwarn(
     [90m     |[39m               [31m[1m^[22m[39m
     [90m 183 |[39m         [32m'[authorize] SUPERADMIN detectado en una llamada authorize(). Migra esta ruta a authorizePlatform() y m├│ntala bajo /api/platform/* o en platformRouter.'[39m
     [90m 184 |[39m       )[33m;[39m
     [90m 185 |[39m     }[0m

      at authorize (src/middlewares/auth.middleware.js:182:15)
      at src/modules/admin/gmailTest.routes.js:21:3
      at tests/integration/teachingEvaluation.integration.test.js:30:14

node : (node:26004) ExperimentalWarning: VM Modules is an experimental feature and might change at any time
En línea: 1 Carácter: 1
+ node --experimental-vm-modules node_modules/jest/bin/jest.js --config ...
+ ~~~~~~~~~~~~~~~~~~~~~~~~~~~~~~~~~~~~~~~~~~~~~~~~~~~~~~~~~~~~~~~~~~~~~
    + CategoryInfo          : NotSpecified: ((node:26004) Ex...nge at any time:String) [], RemoteException
    + FullyQualifiedErrorId : NativeCommandError
 
(Use `node --trace-warnings ...` to show where the warning was created)
  console.warn
    [authorizeTenant] SUPERADMIN detectado en una ruta de tenant. Migra a authorizePlatform().

    [0m [90m 133 |[39m     [90m// regresi├│n silenciosa al patr├│n anterior.[39m
     [90m 134 |[39m     [36mif[39m (process[33m.[39menv[33m.[39m[33mNODE_ENV[39m [33m!==[39m [32m'production'[39m) {
    [31m[1m>[22m[39m[90m 135 |[39m       console[33m.[39mwarn(
     [90m     |[39m               [31m[1m^[22m[39m
     [90m 136 |[39m         [32m'[authorizeTenant] SUPERADMIN detectado en una ruta de tenant. Migra a authorizePlatform().'[39m
     [90m 137 |[39m       )[33m;[39m
     [90m 138 |[39m     }[0m

      at src/middlewares/auth.middleware.js:135:15
      at Layer.handleRequest (node_modules/router/lib/layer.js:152:17)
      at next (node_modules/router/lib/route.js:157:13)
      at src/middlewares/auth.middleware.js:56:12
      at Layer.handleRequest (node_modules/router/lib/layer.js:152:17)
      at next (node_modules/router/lib/route.js:157:13)
      at Route.dispatch (node_modules/router/lib/route.js:117:3)
      at handle (node_modules/router/index.js:435:11)
      at Layer.handleRequest (node_modules/router/lib/layer.js:152:17)
      at node_modules/router/index.js:295:15
      at processParams (node_modules/router/index.js:582:12)
      at next (node_modules/router/index.js:291:5)
      at router.handle (node_modules/router/index.js:186:3)
      at router (node_modules/router/index.js:60:12)
      at Layer.handleRequest (node_modules/router/lib/layer.js:152:17)
      at trimPrefix (node_modules/router/index.js:342:13)
      at node_modules/router/index.js:297:9
      at processParams (node_modules/router/index.js:582:12)
      at next (node_modules/router/index.js:291:5)
      at router.handle (node_modules/router/index.js:186:3)
      at router (node_modules/router/index.js:60:12)
      at Layer.handleRequest (node_modules/router/lib/layer.js:152:17)
      at trimPrefix (node_modules/router/index.js:342:13)
      at node_modules/router/index.js:297:9
      at processParams (node_modules/router/index.js:582:12)
      at next (node_modules/router/index.js:291:5)
      at blockSuperAdminFromTenantRoutes (src/middlewares/platformBoundary.middleware.js:33:12)
      at Layer.handleRequest (node_modules/router/lib/layer.js:152:17)
      at trimPrefix (node_modules/router/index.js:342:13)
      at node_modules/router/index.js:297:9
      at processParams (node_modules/router/index.js:582:12)
      at next (node_modules/router/index.js:291:5)
      at src/middlewares/auth.middleware.js:56:12
      at Layer.handleRequest (node_modules/router/lib/layer.js:152:17)
      at trimPrefix (node_modules/router/index.js:342:13)
      at node_modules/router/index.js:297:9
      at processParams (node_modules/router/index.js:582:12)
      at next (node_modules/router/index.js:291:5)
      at router.handle (node_modules/router/index.js:186:3)
      at router (node_modules/router/index.js:60:12)
      at Layer.handleRequest (node_modules/router/lib/layer.js:152:17)
      at trimPrefix (node_modules/router/index.js:342:13)
      at node_modules/router/index.js:297:9
      at processParams (node_modules/router/index.js:582:12)
      at next (node_modules/router/index.js:291:5)
      at node_modules/router/index.js:688:15
      at next (node_modules/router/index.js:276:14)
      at router.handle (node_modules/router/index.js:186:3)
      at router (node_modules/router/index.js:60:12)
      at Layer.handleRequest (node_modules/router/lib/layer.js:152:17)
      at trimPrefix (node_modules/router/index.js:342:13)
      at node_modules/router/index.js:297:9
      at processParams (node_modules/router/index.js:582:12)
      at next (node_modules/router/index.js:291:5)
      at node_modules/router/index.js:688:15
      at next (node_modules/router/index.js:276:14)
      at router.handle (node_modules/router/index.js:186:3)
      at router (node_modules/router/index.js:60:12)
      at Layer.handleRequest (node_modules/router/lib/layer.js:152:17)
      at trimPrefix (node_modules/router/index.js:342:13)
      at node_modules/router/index.js:297:9
      at processParams (node_modules/router/index.js:582:12)
      at next (node_modules/router/index.js:291:5)
      at node_modules/router/index.js:688:15
      at next (node_modules/router/index.js:276:14)
      at router.handle (node_modules/router/index.js:186:3)
      at router (node_modules/router/index.js:60:12)
      at Layer.handleRequest (node_modules/router/lib/layer.js:152:17)
      at trimPrefix (node_modules/router/index.js:342:13)
      at node_modules/router/index.js:297:9
      at processParams (node_modules/router/index.js:582:12)
      at next (node_modules/router/index.js:291:5)
      at node_modules/router/index.js:688:15
      at next (node_modules/router/index.js:276:14)
      at router.handle (node_modules/router/index.js:186:3)
      at router (node_modules/router/index.js:60:12)
      at Layer.handleRequest (node_modules/router/lib/layer.js:152:17)
      at trimPrefix (node_modules/router/index.js:342:13)
      at node_modules/router/index.js:297:9
      at processParams (node_modules/router/index.js:582:12)
      at next (node_modules/router/index.js:291:5)
      at router.handle (node_modules/router/index.js:186:3)
      at router (node_modules/router/index.js:60:12)
      at Layer.handleRequest (node_modules/router/lib/layer.js:152:17)
      at trimPrefix (node_modules/router/index.js:342:13)
      at node_modules/router/index.js:297:9
      at processParams (node_modules/router/index.js:582:12)
      at next (node_modules/router/index.js:291:5)
      at serveStatic (node_modules/serve-static/index.js:74:16)
      at Layer.handleRequest (node_modules/router/lib/layer.js:152:17)
      at trimPrefix (node_modules/router/index.js:342:13)
      at node_modules/router/index.js:297:9
      at processParams (node_modules/router/index.js:582:12)
      at next (node_modules/router/index.js:291:5)
      at src/app.js:107:3
      at Layer.handleRequest (node_modules/router/lib/layer.js:152:17)
      at trimPrefix (node_modules/router/index.js:342:13)

2026-09-21 17:16:03 [32minfo[39m: POST /api/academic/evaluation-criteria 201 - 23ms
{
  requestId: [32m'12f62293-0e40-44bd-99df-61a823686240'[39m,
  ip: [32m'::ffff:127.0.0.1'[39m,
  userAgent: [90mundefined[39m
}
  console.warn
    [authorizeTenant] SUPERADMIN detectado en una ruta de tenant. Migra a authorizePlatform().

    [0m [90m 133 |[39m     [90m// regresi├│n silenciosa al patr├│n anterior.[39m
     [90m 134 |[39m     [36mif[39m (process[33m.[39menv[33m.[39m[33mNODE_ENV[39m [33m!==[39m [32m'production'[39m) {
    [31m[1m>[22m[39m[90m 135 |[39m       console[33m.[39mwarn(
     [90m     |[39m               [31m[1m^[22m[39m
     [90m 136 |[39m         [32m'[authorizeTenant] SUPERADMIN detectado en una ruta de tenant. Migra a authorizePlatform().'[39m
     [90m 137 |[39m       )[33m;[39m
     [90m 138 |[39m     }[0m

      at src/middlewares/auth.middleware.js:135:15
      at Layer.handleRequest (node_modules/router/lib/layer.js:152:17)
      at next (node_modules/router/lib/route.js:157:13)
      at src/middlewares/auth.middleware.js:56:12
      at Layer.handleRequest (node_modules/router/lib/layer.js:152:17)
      at next (node_modules/router/lib/route.js:157:13)
      at Route.dispatch (node_modules/router/lib/route.js:117:3)
      at handle (node_modules/router/index.js:435:11)
      at Layer.handleRequest (node_modules/router/lib/layer.js:152:17)
      at node_modules/router/index.js:295:15
      at processParams (node_modules/router/index.js:582:12)
      at next (node_modules/router/index.js:291:5)
      at router.handle (node_modules/router/index.js:186:3)
      at router (node_modules/router/index.js:60:12)
      at Layer.handleRequest (node_modules/router/lib/layer.js:152:17)
      at trimPrefix (node_modules/router/index.js:342:13)
      at node_modules/router/index.js:297:9
      at processParams (node_modules/router/index.js:582:12)
      at next (node_modules/router/index.js:291:5)
      at router.handle (node_modules/router/index.js:186:3)
      at router (node_modules/router/index.js:60:12)
      at Layer.handleRequest (node_modules/router/lib/layer.js:152:17)
      at trimPrefix (node_modules/router/index.js:342:13)
      at node_modules/router/index.js:297:9
      at processParams (node_modules/router/index.js:582:12)
      at next (node_modules/router/index.js:291:5)
      at blockSuperAdminFromTenantRoutes (src/middlewares/platformBoundary.middleware.js:33:12)
      at Layer.handleRequest (node_modules/router/lib/layer.js:152:17)
      at trimPrefix (node_modules/router/index.js:342:13)
      at node_modules/router/index.js:297:9
      at processParams (node_modules/router/index.js:582:12)
      at next (node_modules/router/index.js:291:5)
      at src/middlewares/auth.middleware.js:56:12
      at Layer.handleRequest (node_modules/router/lib/layer.js:152:17)
      at trimPrefix (node_modules/router/index.js:342:13)
      at node_modules/router/index.js:297:9
      at processParams (node_modules/router/index.js:582:12)
      at next (node_modules/router/index.js:291:5)
      at router.handle (node_modules/router/index.js:186:3)
      at router (node_modules/router/index.js:60:12)
      at Layer.handleRequest (node_modules/router/lib/layer.js:152:17)
      at trimPrefix (node_modules/router/index.js:342:13)
      at node_modules/router/index.js:297:9
      at processParams (node_modules/router/index.js:582:12)
      at next (node_modules/router/index.js:291:5)
      at node_modules/router/index.js:688:15
      at next (node_modules/router/index.js:276:14)
      at router.handle (node_modules/router/index.js:186:3)
      at router (node_modules/router/index.js:60:12)
      at Layer.handleRequest (node_modules/router/lib/layer.js:152:17)
      at trimPrefix (node_modules/router/index.js:342:13)
      at node_modules/router/index.js:297:9
      at processParams (node_modules/router/index.js:582:12)
      at next (node_modules/router/index.js:291:5)
      at node_modules/router/index.js:688:15
      at next (node_modules/router/index.js:276:14)
      at router.handle (node_modules/router/index.js:186:3)
      at router (node_modules/router/index.js:60:12)
      at Layer.handleRequest (node_modules/router/lib/layer.js:152:17)
      at trimPrefix (node_modules/router/index.js:342:13)
      at node_modules/router/index.js:297:9
      at processParams (node_modules/router/index.js:582:12)
      at next (node_modules/router/index.js:291:5)
      at node_modules/router/index.js:688:15
      at next (node_modules/router/index.js:276:14)
      at router.handle (node_modules/router/index.js:186:3)
      at router (node_modules/router/index.js:60:12)
      at Layer.handleRequest (node_modules/router/lib/layer.js:152:17)
      at trimPrefix (node_modules/router/index.js:342:13)
      at node_modules/router/index.js:297:9
      at processParams (node_modules/router/index.js:582:12)
      at next (node_modules/router/index.js:291:5)
      at node_modules/router/index.js:688:15
      at next (node_modules/router/index.js:276:14)
      at router.handle (node_modules/router/index.js:186:3)
      at router (node_modules/router/index.js:60:12)
      at Layer.handleRequest (node_modules/router/lib/layer.js:152:17)
      at trimPrefix (node_modules/router/index.js:342:13)
      at node_modules/router/index.js:297:9
      at processParams (node_modules/router/index.js:582:12)
      at next (node_modules/router/index.js:291:5)
      at router.handle (node_modules/router/index.js:186:3)
      at router (node_modules/router/index.js:60:12)
      at Layer.handleRequest (node_modules/router/lib/layer.js:152:17)
      at trimPrefix (node_modules/router/index.js:342:13)
      at node_modules/router/index.js:297:9
      at processParams (node_modules/router/index.js:582:12)
      at next (node_modules/router/index.js:291:5)
      at serveStatic (node_modules/serve-static/index.js:74:16)
      at Layer.handleRequest (node_modules/router/lib/layer.js:152:17)
      at trimPrefix (node_modules/router/index.js:342:13)
      at node_modules/router/index.js:297:9
      at processParams (node_modules/router/index.js:582:12)
      at next (node_modules/router/index.js:291:5)
      at src/app.js:107:3
      at Layer.handleRequest (node_modules/router/lib/layer.js:152:17)
      at trimPrefix (node_modules/router/index.js:342:13)

2026-09-21 17:16:03 [33mwarn[39m: No tienes permisos para realizar esta acci├│n
{
  code: [32m'FORBIDDEN'[39m,
  details: [1mnull[22m,
  path: [32m'/api/academic/evaluation-criteria'[39m,
  method: [32m'POST'[39m
}
2026-09-21 17:16:03 [32minfo[39m: POST /api/academic/evaluation-criteria 403 - 16ms
{
  requestId: [32m'b5471b59-6c58-403c-bc89-cd43df0d9ceb'[39m,
  ip: [32m'::ffff:127.0.0.1'[39m,
  userAgent: [90mundefined[39m
}
  console.warn
    [authorizeTenant] SUPERADMIN detectado en una ruta de tenant. Migra a authorizePlatform().

    [0m [90m 133 |[39m     [90m// regresi├│n silenciosa al patr├│n anterior.[39m
     [90m 134 |[39m     [36mif[39m (process[33m.[39menv[33m.[39m[33mNODE_ENV[39m [33m!==[39m [32m'production'[39m) {
    [31m[1m>[22m[39m[90m 135 |[39m       console[33m.[39mwarn(
     [90m     |[39m               [31m[1m^[22m[39m
     [90m 136 |[39m         [32m'[authorizeTenant] SUPERADMIN detectado en una ruta de tenant. Migra a authorizePlatform().'[39m
     [90m 137 |[39m       )[33m;[39m
     [90m 138 |[39m     }[0m

      at src/middlewares/auth.middleware.js:135:15
      at Layer.handleRequest (node_modules/router/lib/layer.js:152:17)
      at next (node_modules/router/lib/route.js:157:13)
      at src/middlewares/auth.middleware.js:56:12
      at Layer.handleRequest (node_modules/router/lib/layer.js:152:17)
      at next (node_modules/router/lib/route.js:157:13)
      at Route.dispatch (node_modules/router/lib/route.js:117:3)
      at handle (node_modules/router/index.js:435:11)
      at Layer.handleRequest (node_modules/router/lib/layer.js:152:17)
      at node_modules/router/index.js:295:15
      at processParams (node_modules/router/index.js:582:12)
      at next (node_modules/router/index.js:291:5)
      at router.handle (node_modules/router/index.js:186:3)
      at router (node_modules/router/index.js:60:12)
      at Layer.handleRequest (node_modules/router/lib/layer.js:152:17)
      at trimPrefix (node_modules/router/index.js:342:13)
      at node_modules/router/index.js:297:9
      at processParams (node_modules/router/index.js:582:12)
      at next (node_modules/router/index.js:291:5)
      at router.handle (node_modules/router/index.js:186:3)
      at router (node_modules/router/index.js:60:12)
      at Layer.handleRequest (node_modules/router/lib/layer.js:152:17)
      at trimPrefix (node_modules/router/index.js:342:13)
      at node_modules/router/index.js:297:9
      at processParams (node_modules/router/index.js:582:12)
      at next (node_modules/router/index.js:291:5)
      at blockSuperAdminFromTenantRoutes (src/middlewares/platformBoundary.middleware.js:33:12)
      at Layer.handleRequest (node_modules/router/lib/layer.js:152:17)
      at trimPrefix (node_modules/router/index.js:342:13)
      at node_modules/router/index.js:297:9
      at processParams (node_modules/router/index.js:582:12)
      at next (node_modules/router/index.js:291:5)
      at src/middlewares/auth.middleware.js:56:12
      at Layer.handleRequest (node_modules/router/lib/layer.js:152:17)
      at trimPrefix (node_modules/router/index.js:342:13)
      at node_modules/router/index.js:297:9
      at processParams (node_modules/router/index.js:582:12)
      at next (node_modules/router/index.js:291:5)
      at router.handle (node_modules/router/index.js:186:3)
      at router (node_modules/router/index.js:60:12)
      at Layer.handleRequest (node_modules/router/lib/layer.js:152:17)
      at trimPrefix (node_modules/router/index.js:342:13)
      at node_modules/router/index.js:297:9
      at processParams (node_modules/router/index.js:582:12)
      at next (node_modules/router/index.js:291:5)
      at node_modules/router/index.js:688:15
      at next (node_modules/router/index.js:276:14)
      at router.handle (node_modules/router/index.js:186:3)
      at router (node_modules/router/index.js:60:12)
      at Layer.handleRequest (node_modules/router/lib/layer.js:152:17)
      at trimPrefix (node_modules/router/index.js:342:13)
      at node_modules/router/index.js:297:9
      at processParams (node_modules/router/index.js:582:12)
      at next (node_modules/router/index.js:291:5)
      at node_modules/router/index.js:688:15
      at next (node_modules/router/index.js:276:14)
      at router.handle (node_modules/router/index.js:186:3)
      at router (node_modules/router/index.js:60:12)
      at Layer.handleRequest (node_modules/router/lib/layer.js:152:17)
      at trimPrefix (node_modules/router/index.js:342:13)
      at node_modules/router/index.js:297:9
      at processParams (node_modules/router/index.js:582:12)
      at next (node_modules/router/index.js:291:5)
      at node_modules/router/index.js:688:15
      at next (node_modules/router/index.js:276:14)
      at router.handle (node_modules/router/index.js:186:3)
      at router (node_modules/router/index.js:60:12)
      at Layer.handleRequest (node_modules/router/lib/layer.js:152:17)
      at trimPrefix (node_modules/router/index.js:342:13)
      at node_modules/router/index.js:297:9
      at processParams (node_modules/router/index.js:582:12)
      at next (node_modules/router/index.js:291:5)
      at node_modules/router/index.js:688:15
      at next (node_modules/router/index.js:276:14)
      at router.handle (node_modules/router/index.js:186:3)
      at router (node_modules/router/index.js:60:12)
      at Layer.handleRequest (node_modules/router/lib/layer.js:152:17)
      at trimPrefix (node_modules/router/index.js:342:13)
      at node_modules/router/index.js:297:9
      at processParams (node_modules/router/index.js:582:12)
      at next (node_modules/router/index.js:291:5)
      at router.handle (node_modules/router/index.js:186:3)
      at router (node_modules/router/index.js:60:12)
      at Layer.handleRequest (node_modules/router/lib/layer.js:152:17)
      at trimPrefix (node_modules/router/index.js:342:13)
      at node_modules/router/index.js:297:9
      at processParams (node_modules/router/index.js:582:12)
      at next (node_modules/router/index.js:291:5)
      at serveStatic (node_modules/serve-static/index.js:74:16)
      at Layer.handleRequest (node_modules/router/lib/layer.js:152:17)
      at trimPrefix (node_modules/router/index.js:342:13)
      at node_modules/router/index.js:297:9
      at processParams (node_modules/router/index.js:582:12)
      at next (node_modules/router/index.js:291:5)
      at src/app.js:107:3
      at Layer.handleRequest (node_modules/router/lib/layer.js:152:17)
      at trimPrefix (node_modules/router/index.js:342:13)

2026-09-21 17:16:03 [33mwarn[39m: No tienes permisos para realizar esta acci├│n
{
  code: [32m'FORBIDDEN'[39m,
  details: [1mnull[22m,
  path: [32m'/api/academic/evaluation-criteria'[39m,
  method: [32m'POST'[39m
}
2026-09-21 17:16:03 [32minfo[39m: POST /api/academic/evaluation-criteria 403 - 8ms
{
  requestId: [32m'27b34e4a-995e-4fec-b20c-4b5e31549095'[39m,
  ip: [32m'::ffff:127.0.0.1'[39m,
  userAgent: [90mundefined[39m
}
  console.warn
    [authorizeTenant] SUPERADMIN detectado en una ruta de tenant. Migra a authorizePlatform().

    [0m [90m 133 |[39m     [90m// regresi├│n silenciosa al patr├│n anterior.[39m
     [90m 134 |[39m     [36mif[39m (process[33m.[39menv[33m.[39m[33mNODE_ENV[39m [33m!==[39m [32m'production'[39m) {
    [31m[1m>[22m[39m[90m 135 |[39m       console[33m.[39mwarn(
     [90m     |[39m               [31m[1m^[22m[39m
     [90m 136 |[39m         [32m'[authorizeTenant] SUPERADMIN detectado en una ruta de tenant. Migra a authorizePlatform().'[39m
     [90m 137 |[39m       )[33m;[39m
     [90m 138 |[39m     }[0m

      at src/middlewares/auth.middleware.js:135:15
      at Layer.handleRequest (node_modules/router/lib/layer.js:152:17)
      at next (node_modules/router/lib/route.js:157:13)
      at src/middlewares/auth.middleware.js:56:12
      at Layer.handleRequest (node_modules/router/lib/layer.js:152:17)
      at next (node_modules/router/lib/route.js:157:13)
      at Route.dispatch (node_modules/router/lib/route.js:117:3)
      at handle (node_modules/router/index.js:435:11)
      at Layer.handleRequest (node_modules/router/lib/layer.js:152:17)
      at node_modules/router/index.js:295:15
      at processParams (node_modules/router/index.js:582:12)
      at next (node_modules/router/index.js:291:5)
      at router.handle (node_modules/router/index.js:186:3)
      at router (node_modules/router/index.js:60:12)
      at Layer.handleRequest (node_modules/router/lib/layer.js:152:17)
      at trimPrefix (node_modules/router/index.js:342:13)
      at node_modules/router/index.js:297:9
      at processParams (node_modules/router/index.js:582:12)
      at next (node_modules/router/index.js:291:5)
      at router.handle (node_modules/router/index.js:186:3)
      at router (node_modules/router/index.js:60:12)
      at Layer.handleRequest (node_modules/router/lib/layer.js:152:17)
      at trimPrefix (node_modules/router/index.js:342:13)
      at node_modules/router/index.js:297:9
      at processParams (node_modules/router/index.js:582:12)
      at next (node_modules/router/index.js:291:5)
      at blockSuperAdminFromTenantRoutes (src/middlewares/platformBoundary.middleware.js:33:12)
      at Layer.handleRequest (node_modules/router/lib/layer.js:152:17)
      at trimPrefix (node_modules/router/index.js:342:13)
      at node_modules/router/index.js:297:9
      at processParams (node_modules/router/index.js:582:12)
      at next (node_modules/router/index.js:291:5)
      at src/middlewares/auth.middleware.js:56:12
      at Layer.handleRequest (node_modules/router/lib/layer.js:152:17)
      at trimPrefix (node_modules/router/index.js:342:13)
      at node_modules/router/index.js:297:9
      at processParams (node_modules/router/index.js:582:12)
      at next (node_modules/router/index.js:291:5)
      at router.handle (node_modules/router/index.js:186:3)
      at router (node_modules/router/index.js:60:12)
      at Layer.handleRequest (node_modules/router/lib/layer.js:152:17)
      at trimPrefix (node_modules/router/index.js:342:13)
      at node_modules/router/index.js:297:9
      at processParams (node_modules/router/index.js:582:12)
      at next (node_modules/router/index.js:291:5)
      at node_modules/router/index.js:688:15
      at next (node_modules/router/index.js:276:14)
      at router.handle (node_modules/router/index.js:186:3)
      at router (node_modules/router/index.js:60:12)
      at Layer.handleRequest (node_modules/router/lib/layer.js:152:17)
      at trimPrefix (node_modules/router/index.js:342:13)
      at node_modules/router/index.js:297:9
      at processParams (node_modules/router/index.js:582:12)
      at next (node_modules/router/index.js:291:5)
      at node_modules/router/index.js:688:15
      at next (node_modules/router/index.js:276:14)
      at router.handle (node_modules/router/index.js:186:3)
      at router (node_modules/router/index.js:60:12)
      at Layer.handleRequest (node_modules/router/lib/layer.js:152:17)
      at trimPrefix (node_modules/router/index.js:342:13)
      at node_modules/router/index.js:297:9
      at processParams (node_modules/router/index.js:582:12)
      at next (node_modules/router/index.js:291:5)
      at node_modules/router/index.js:688:15
      at next (node_modules/router/index.js:276:14)
      at router.handle (node_modules/router/index.js:186:3)
      at router (node_modules/router/index.js:60:12)
      at Layer.handleRequest (node_modules/router/lib/layer.js:152:17)
      at trimPrefix (node_modules/router/index.js:342:13)
      at node_modules/router/index.js:297:9
      at processParams (node_modules/router/index.js:582:12)
      at next (node_modules/router/index.js:291:5)
      at node_modules/router/index.js:688:15
      at next (node_modules/router/index.js:276:14)
      at router.handle (node_modules/router/index.js:186:3)
      at router (node_modules/router/index.js:60:12)
      at Layer.handleRequest (node_modules/router/lib/layer.js:152:17)
      at trimPrefix (node_modules/router/index.js:342:13)
      at node_modules/router/index.js:297:9
      at processParams (node_modules/router/index.js:582:12)
      at next (node_modules/router/index.js:291:5)
      at router.handle (node_modules/router/index.js:186:3)
      at router (node_modules/router/index.js:60:12)
      at Layer.handleRequest (node_modules/router/lib/layer.js:152:17)
      at trimPrefix (node_modules/router/index.js:342:13)
      at node_modules/router/index.js:297:9
      at processParams (node_modules/router/index.js:582:12)
      at next (node_modules/router/index.js:291:5)
      at serveStatic (node_modules/serve-static/index.js:74:16)
      at Layer.handleRequest (node_modules/router/lib/layer.js:152:17)
      at trimPrefix (node_modules/router/index.js:342:13)
      at node_modules/router/index.js:297:9
      at processParams (node_modules/router/index.js:582:12)
      at next (node_modules/router/index.js:291:5)
      at src/app.js:107:3
      at Layer.handleRequest (node_modules/router/lib/layer.js:152:17)
      at trimPrefix (node_modules/router/index.js:342:13)

2026-09-21 17:16:03 [32minfo[39m: POST /api/academic/evaluation-criteria 201 - 10ms
{
  requestId: [32m'28ef57dc-17cc-4db0-92b7-f371e925f2ca'[39m,
  ip: [32m'::ffff:127.0.0.1'[39m,
  userAgent: [90mundefined[39m
}
  console.warn
    [authorizeTenant] SUPERADMIN detectado en una ruta de tenant. Migra a authorizePlatform().

    [0m [90m 133 |[39m     [90m// regresi├│n silenciosa al patr├│n anterior.[39m
     [90m 134 |[39m     [36mif[39m (process[33m.[39menv[33m.[39m[33mNODE_ENV[39m [33m!==[39m [32m'production'[39m) {
    [31m[1m>[22m[39m[90m 135 |[39m       console[33m.[39mwarn(
     [90m     |[39m               [31m[1m^[22m[39m
     [90m 136 |[39m         [32m'[authorizeTenant] SUPERADMIN detectado en una ruta de tenant. Migra a authorizePlatform().'[39m
     [90m 137 |[39m       )[33m;[39m
     [90m 138 |[39m     }[0m

      at src/middlewares/auth.middleware.js:135:15
      at Layer.handleRequest (node_modules/router/lib/layer.js:152:17)
      at next (node_modules/router/lib/route.js:157:13)
      at src/middlewares/auth.middleware.js:56:12
      at Layer.handleRequest (node_modules/router/lib/layer.js:152:17)
      at next (node_modules/router/lib/route.js:157:13)
      at Route.dispatch (node_modules/router/lib/route.js:117:3)
      at handle (node_modules/router/index.js:435:11)
      at Layer.handleRequest (node_modules/router/lib/layer.js:152:17)
      at node_modules/router/index.js:295:15
      at processParams (node_modules/router/index.js:582:12)
      at next (node_modules/router/index.js:291:5)
      at router.handle (node_modules/router/index.js:186:3)
      at router (node_modules/router/index.js:60:12)
      at Layer.handleRequest (node_modules/router/lib/layer.js:152:17)
      at trimPrefix (node_modules/router/index.js:342:13)
      at node_modules/router/index.js:297:9
      at processParams (node_modules/router/index.js:582:12)
      at next (node_modules/router/index.js:291:5)
      at router.handle (node_modules/router/index.js:186:3)
      at router (node_modules/router/index.js:60:12)
      at Layer.handleRequest (node_modules/router/lib/layer.js:152:17)
      at trimPrefix (node_modules/router/index.js:342:13)
      at node_modules/router/index.js:297:9
      at processParams (node_modules/router/index.js:582:12)
      at next (node_modules/router/index.js:291:5)
      at blockSuperAdminFromTenantRoutes (src/middlewares/platformBoundary.middleware.js:33:12)
      at Layer.handleRequest (node_modules/router/lib/layer.js:152:17)
      at trimPrefix (node_modules/router/index.js:342:13)
      at node_modules/router/index.js:297:9
      at processParams (node_modules/router/index.js:582:12)
      at next (node_modules/router/index.js:291:5)
      at src/middlewares/auth.middleware.js:56:12
      at Layer.handleRequest (node_modules/router/lib/layer.js:152:17)
      at trimPrefix (node_modules/router/index.js:342:13)
      at node_modules/router/index.js:297:9
      at processParams (node_modules/router/index.js:582:12)
      at next (node_modules/router/index.js:291:5)
      at router.handle (node_modules/router/index.js:186:3)
      at router (node_modules/router/index.js:60:12)
      at Layer.handleRequest (node_modules/router/lib/layer.js:152:17)
      at trimPrefix (node_modules/router/index.js:342:13)
      at node_modules/router/index.js:297:9
      at processParams (node_modules/router/index.js:582:12)
      at next (node_modules/router/index.js:291:5)
      at node_modules/router/index.js:688:15
      at next (node_modules/router/index.js:276:14)
      at router.handle (node_modules/router/index.js:186:3)
      at router (node_modules/router/index.js:60:12)
      at Layer.handleRequest (node_modules/router/lib/layer.js:152:17)
      at trimPrefix (node_modules/router/index.js:342:13)
      at node_modules/router/index.js:297:9
      at processParams (node_modules/router/index.js:582:12)
      at next (node_modules/router/index.js:291:5)
      at node_modules/router/index.js:688:15
      at next (node_modules/router/index.js:276:14)
      at router.handle (node_modules/router/index.js:186:3)
      at router (node_modules/router/index.js:60:12)
      at Layer.handleRequest (node_modules/router/lib/layer.js:152:17)
      at trimPrefix (node_modules/router/index.js:342:13)
      at node_modules/router/index.js:297:9
      at processParams (node_modules/router/index.js:582:12)
      at next (node_modules/router/index.js:291:5)
      at node_modules/router/index.js:688:15
      at next (node_modules/router/index.js:276:14)
      at router.handle (node_modules/router/index.js:186:3)
      at router (node_modules/router/index.js:60:12)
      at Layer.handleRequest (node_modules/router/lib/layer.js:152:17)
      at trimPrefix (node_modules/router/index.js:342:13)
      at node_modules/router/index.js:297:9
      at processParams (node_modules/router/index.js:582:12)
      at next (node_modules/router/index.js:291:5)
      at node_modules/router/index.js:688:15
      at next (node_modules/router/index.js:276:14)
      at router.handle (node_modules/router/index.js:186:3)
      at router (node_modules/router/index.js:60:12)
      at Layer.handleRequest (node_modules/router/lib/layer.js:152:17)
      at trimPrefix (node_modules/router/index.js:342:13)
      at node_modules/router/index.js:297:9
      at processParams (node_modules/router/index.js:582:12)
      at next (node_modules/router/index.js:291:5)
      at router.handle (node_modules/router/index.js:186:3)
      at router (node_modules/router/index.js:60:12)
      at Layer.handleRequest (node_modules/router/lib/layer.js:152:17)
      at trimPrefix (node_modules/router/index.js:342:13)
      at node_modules/router/index.js:297:9
      at processParams (node_modules/router/index.js:582:12)
      at next (node_modules/router/index.js:291:5)
      at serveStatic (node_modules/serve-static/index.js:74:16)
      at Layer.handleRequest (node_modules/router/lib/layer.js:152:17)
      at trimPrefix (node_modules/router/index.js:342:13)
      at node_modules/router/index.js:297:9
      at processParams (node_modules/router/index.js:582:12)
      at next (node_modules/router/index.js:291:5)
      at src/app.js:107:3
      at Layer.handleRequest (node_modules/router/lib/layer.js:152:17)
      at trimPrefix (node_modules/router/index.js:342:13)

2026-09-21 17:16:03 [33mwarn[39m: Ya existe un criterio con ese nombre en esta organizaci├│n
{
  code: [32m'CONFLICT'[39m,
  details: [1mnull[22m,
  path: [32m'/api/academic/evaluation-criteria'[39m,
  method: [32m'POST'[39m
}
2026-09-21 17:16:03 [32minfo[39m: POST /api/academic/evaluation-criteria 409 - 99ms
{
  requestId: [32m'143cda3e-c74a-4fa2-ba09-89f86f800b3b'[39m,
  ip: [32m'::ffff:127.0.0.1'[39m,
  userAgent: [90mundefined[39m
}
  console.warn
    [authorizeTenant] SUPERADMIN detectado en una ruta de tenant. Migra a authorizePlatform().

    [0m [90m 133 |[39m     [90m// regresi├│n silenciosa al patr├│n anterior.[39m
     [90m 134 |[39m     [36mif[39m (process[33m.[39menv[33m.[39m[33mNODE_ENV[39m [33m!==[39m [32m'production'[39m) {
    [31m[1m>[22m[39m[90m 135 |[39m       console[33m.[39mwarn(
     [90m     |[39m               [31m[1m^[22m[39m
     [90m 136 |[39m         [32m'[authorizeTenant] SUPERADMIN detectado en una ruta de tenant. Migra a authorizePlatform().'[39m
     [90m 137 |[39m       )[33m;[39m
     [90m 138 |[39m     }[0m

      at src/middlewares/auth.middleware.js:135:15
      at Layer.handleRequest (node_modules/router/lib/layer.js:152:17)
      at next (node_modules/router/lib/route.js:157:13)
      at src/middlewares/auth.middleware.js:56:12
      at Layer.handleRequest (node_modules/router/lib/layer.js:152:17)
      at next (node_modules/router/lib/route.js:157:13)
      at Route.dispatch (node_modules/router/lib/route.js:117:3)
      at handle (node_modules/router/index.js:435:11)
      at Layer.handleRequest (node_modules/router/lib/layer.js:152:17)
      at node_modules/router/index.js:295:15
      at param (node_modules/router/index.js:600:14)
      at param (node_modules/router/index.js:610:14)
      at processParams (node_modules/router/index.js:664:3)
      at next (node_modules/router/index.js:291:5)
      at router.handle (node_modules/router/index.js:186:3)
      at router (node_modules/router/index.js:60:12)
      at Layer.handleRequest (node_modules/router/lib/layer.js:152:17)
      at trimPrefix (node_modules/router/index.js:342:13)
      at node_modules/router/index.js:297:9
      at processParams (node_modules/router/index.js:582:12)
      at next (node_modules/router/index.js:291:5)
      at router.handle (node_modules/router/index.js:186:3)
      at router (node_modules/router/index.js:60:12)
      at Layer.handleRequest (node_modules/router/lib/layer.js:152:17)
      at trimPrefix (node_modules/router/index.js:342:13)
      at node_modules/router/index.js:297:9
      at processParams (node_modules/router/index.js:582:12)
      at next (node_modules/router/index.js:291:5)
      at blockSuperAdminFromTenantRoutes (src/middlewares/platformBoundary.middleware.js:33:12)
      at Layer.handleRequest (node_modules/router/lib/layer.js:152:17)
      at trimPrefix (node_modules/router/index.js:342:13)
      at node_modules/router/index.js:297:9
      at processParams (node_modules/router/index.js:582:12)
      at next (node_modules/router/index.js:291:5)
      at src/middlewares/auth.middleware.js:56:12
      at Layer.handleRequest (node_modules/router/lib/layer.js:152:17)
      at trimPrefix (node_modules/router/index.js:342:13)
      at node_modules/router/index.js:297:9
      at processParams (node_modules/router/index.js:582:12)
      at next (node_modules/router/index.js:291:5)
      at router.handle (node_modules/router/index.js:186:3)
      at router (node_modules/router/index.js:60:12)
      at Layer.handleRequest (node_modules/router/lib/layer.js:152:17)
      at trimPrefix (node_modules/router/index.js:342:13)
      at node_modules/router/index.js:297:9
      at processParams (node_modules/router/index.js:582:12)
      at next (node_modules/router/index.js:291:5)
      at node_modules/router/index.js:688:15
      at next (node_modules/router/index.js:276:14)
      at router.handle (node_modules/router/index.js:186:3)
      at router (node_modules/router/index.js:60:12)
      at Layer.handleRequest (node_modules/router/lib/layer.js:152:17)
      at trimPrefix (node_modules/router/index.js:342:13)
      at node_modules/router/index.js:297:9
      at processParams (node_modules/router/index.js:582:12)
      at next (node_modules/router/index.js:291:5)
      at node_modules/router/index.js:688:15
      at next (node_modules/router/index.js:276:14)
      at router.handle (node_modules/router/index.js:186:3)
      at router (node_modules/router/index.js:60:12)
      at Layer.handleRequest (node_modules/router/lib/layer.js:152:17)
      at trimPrefix (node_modules/router/index.js:342:13)
      at node_modules/router/index.js:297:9
      at processParams (node_modules/router/index.js:582:12)
      at next (node_modules/router/index.js:291:5)
      at node_modules/router/index.js:688:15
      at next (node_modules/router/index.js:276:14)
      at router.handle (node_modules/router/index.js:186:3)
      at router (node_modules/router/index.js:60:12)
      at Layer.handleRequest (node_modules/router/lib/layer.js:152:17)
      at trimPrefix (node_modules/router/index.js:342:13)
      at node_modules/router/index.js:297:9
      at processParams (node_modules/router/index.js:582:12)
      at next (node_modules/router/index.js:291:5)
      at node_modules/router/index.js:688:15
      at next (node_modules/router/index.js:276:14)
      at router.handle (node_modules/router/index.js:186:3)
      at router (node_modules/router/index.js:60:12)
      at Layer.handleRequest (node_modules/router/lib/layer.js:152:17)
      at trimPrefix (node_modules/router/index.js:342:13)
      at node_modules/router/index.js:297:9
      at processParams (node_modules/router/index.js:582:12)
      at next (node_modules/router/index.js:291:5)
      at router.handle (node_modules/router/index.js:186:3)
      at router (node_modules/router/index.js:60:12)
      at Layer.handleRequest (node_modules/router/lib/layer.js:152:17)
      at trimPrefix (node_modules/router/index.js:342:13)
      at node_modules/router/index.js:297:9
      at processParams (node_modules/router/index.js:582:12)
      at next (node_modules/router/index.js:291:5)
      at serveStatic (node_modules/serve-static/index.js:74:16)
      at Layer.handleRequest (node_modules/router/lib/layer.js:152:17)
      at trimPrefix (node_modules/router/index.js:342:13)
      at node_modules/router/index.js:297:9
      at processParams (node_modules/router/index.js:582:12)
      at next (node_modules/router/index.js:291:5)
      at src/app.js:107:3

2026-09-21 17:16:03 [32minfo[39m: PUT /api/academic/evaluation-criteria/674bdb6b-761b-4f5a-87b2-7edaf1a1305b 200 - 8ms
{
  requestId: [32m'0792aa63-af47-49c4-84e5-8b2fc1eca191'[39m,
  ip: [32m'::ffff:127.0.0.1'[39m,
  userAgent: [90mundefined[39m
}
  console.warn
    [authorizeTenant] SUPERADMIN detectado en una ruta de tenant. Migra a authorizePlatform().

    [0m [90m 133 |[39m     [90m// regresi├│n silenciosa al patr├│n anterior.[39m
     [90m 134 |[39m     [36mif[39m (process[33m.[39menv[33m.[39m[33mNODE_ENV[39m [33m!==[39m [32m'production'[39m) {
    [31m[1m>[22m[39m[90m 135 |[39m       console[33m.[39mwarn(
     [90m     |[39m               [31m[1m^[22m[39m
     [90m 136 |[39m         [32m'[authorizeTenant] SUPERADMIN detectado en una ruta de tenant. Migra a authorizePlatform().'[39m
     [90m 137 |[39m       )[33m;[39m
     [90m 138 |[39m     }[0m

      at src/middlewares/auth.middleware.js:135:15
      at Layer.handleRequest (node_modules/router/lib/layer.js:152:17)
      at next (node_modules/router/lib/route.js:157:13)
      at src/middlewares/auth.middleware.js:56:12
      at Layer.handleRequest (node_modules/router/lib/layer.js:152:17)
      at next (node_modules/router/lib/route.js:157:13)
      at Route.dispatch (node_modules/router/lib/route.js:117:3)
      at handle (node_modules/router/index.js:435:11)
      at Layer.handleRequest (node_modules/router/lib/layer.js:152:17)
      at node_modules/router/index.js:295:15
      at processParams (node_modules/router/index.js:582:12)
      at next (node_modules/router/index.js:291:5)
      at router.handle (node_modules/router/index.js:186:3)
      at router (node_modules/router/index.js:60:12)
      at Layer.handleRequest (node_modules/router/lib/layer.js:152:17)
      at trimPrefix (node_modules/router/index.js:342:13)
      at node_modules/router/index.js:297:9
      at processParams (node_modules/router/index.js:582:12)
      at next (node_modules/router/index.js:291:5)
      at router.handle (node_modules/router/index.js:186:3)
      at router (node_modules/router/index.js:60:12)
      at Layer.handleRequest (node_modules/router/lib/layer.js:152:17)
      at trimPrefix (node_modules/router/index.js:342:13)
      at node_modules/router/index.js:297:9
      at processParams (node_modules/router/index.js:582:12)
      at next (node_modules/router/index.js:291:5)
      at blockSuperAdminFromTenantRoutes (src/middlewares/platformBoundary.middleware.js:33:12)
      at Layer.handleRequest (node_modules/router/lib/layer.js:152:17)
      at trimPrefix (node_modules/router/index.js:342:13)
      at node_modules/router/index.js:297:9
      at processParams (node_modules/router/index.js:582:12)
      at next (node_modules/router/index.js:291:5)
      at src/middlewares/auth.middleware.js:56:12
      at Layer.handleRequest (node_modules/router/lib/layer.js:152:17)
      at trimPrefix (node_modules/router/index.js:342:13)
      at node_modules/router/index.js:297:9
      at processParams (node_modules/router/index.js:582:12)
      at next (node_modules/router/index.js:291:5)
      at router.handle (node_modules/router/index.js:186:3)
      at router (node_modules/router/index.js:60:12)
      at Layer.handleRequest (node_modules/router/lib/layer.js:152:17)
      at trimPrefix (node_modules/router/index.js:342:13)
      at node_modules/router/index.js:297:9
      at processParams (node_modules/router/index.js:582:12)
      at next (node_modules/router/index.js:291:5)
      at node_modules/router/index.js:688:15
      at next (node_modules/router/index.js:276:14)
      at router.handle (node_modules/router/index.js:186:3)
      at router (node_modules/router/index.js:60:12)
      at Layer.handleRequest (node_modules/router/lib/layer.js:152:17)
      at trimPrefix (node_modules/router/index.js:342:13)
      at node_modules/router/index.js:297:9
      at processParams (node_modules/router/index.js:582:12)
      at next (node_modules/router/index.js:291:5)
      at node_modules/router/index.js:688:15
      at next (node_modules/router/index.js:276:14)
      at router.handle (node_modules/router/index.js:186:3)
      at router (node_modules/router/index.js:60:12)
      at Layer.handleRequest (node_modules/router/lib/layer.js:152:17)
      at trimPrefix (node_modules/router/index.js:342:13)
      at node_modules/router/index.js:297:9
      at processParams (node_modules/router/index.js:582:12)
      at next (node_modules/router/index.js:291:5)
      at node_modules/router/index.js:688:15
      at next (node_modules/router/index.js:276:14)
      at router.handle (node_modules/router/index.js:186:3)
      at router (node_modules/router/index.js:60:12)
      at Layer.handleRequest (node_modules/router/lib/layer.js:152:17)
      at trimPrefix (node_modules/router/index.js:342:13)
      at node_modules/router/index.js:297:9
      at processParams (node_modules/router/index.js:582:12)
      at next (node_modules/router/index.js:291:5)
      at node_modules/router/index.js:688:15
      at next (node_modules/router/index.js:276:14)
      at router.handle (node_modules/router/index.js:186:3)
      at router (node_modules/router/index.js:60:12)
      at Layer.handleRequest (node_modules/router/lib/layer.js:152:17)
      at trimPrefix (node_modules/router/index.js:342:13)
      at node_modules/router/index.js:297:9
      at processParams (node_modules/router/index.js:582:12)
      at next (node_modules/router/index.js:291:5)
      at router.handle (node_modules/router/index.js:186:3)
      at router (node_modules/router/index.js:60:12)
      at Layer.handleRequest (node_modules/router/lib/layer.js:152:17)
      at trimPrefix (node_modules/router/index.js:342:13)
      at node_modules/router/index.js:297:9
      at processParams (node_modules/router/index.js:582:12)
      at next (node_modules/router/index.js:291:5)
      at serveStatic (node_modules/serve-static/index.js:74:16)
      at Layer.handleRequest (node_modules/router/lib/layer.js:152:17)
      at trimPrefix (node_modules/router/index.js:342:13)
      at node_modules/router/index.js:297:9
      at processParams (node_modules/router/index.js:582:12)
      at next (node_modules/router/index.js:291:5)
      at src/app.js:107:3
      at Layer.handleRequest (node_modules/router/lib/layer.js:152:17)
      at trimPrefix (node_modules/router/index.js:342:13)

2026-09-21 17:16:03 [33mwarn[39m: Ya existe un criterio con ese nombre en esta organizaci├│n
{
  code: [32m'CONFLICT'[39m,
  details: [1mnull[22m,
  path: [32m'/api/academic/evaluation-criteria'[39m,
  method: [32m'POST'[39m
}
2026-09-21 17:16:03 [32minfo[39m: POST /api/academic/evaluation-criteria 409 - 6ms
{
  requestId: [32m'59599ad9-49de-44c9-935b-42a1da160139'[39m,
  ip: [32m'::ffff:127.0.0.1'[39m,
  userAgent: [90mundefined[39m
}
  console.warn
    [authorizeTenant] SUPERADMIN detectado en una ruta de tenant. Migra a authorizePlatform().

    [0m [90m 133 |[39m     [90m// regresi├│n silenciosa al patr├│n anterior.[39m
     [90m 134 |[39m     [36mif[39m (process[33m.[39menv[33m.[39m[33mNODE_ENV[39m [33m!==[39m [32m'production'[39m) {
    [31m[1m>[22m[39m[90m 135 |[39m       console[33m.[39mwarn(
     [90m     |[39m               [31m[1m^[22m[39m
     [90m 136 |[39m         [32m'[authorizeTenant] SUPERADMIN detectado en una ruta de tenant. Migra a authorizePlatform().'[39m
     [90m 137 |[39m       )[33m;[39m
     [90m 138 |[39m     }[0m

      at src/middlewares/auth.middleware.js:135:15
      at Layer.handleRequest (node_modules/router/lib/layer.js:152:17)
      at next (node_modules/router/lib/route.js:157:13)
      at src/middlewares/auth.middleware.js:56:12
      at Layer.handleRequest (node_modules/router/lib/layer.js:152:17)
      at next (node_modules/router/lib/route.js:157:13)
      at Route.dispatch (node_modules/router/lib/route.js:117:3)
      at handle (node_modules/router/index.js:435:11)
      at Layer.handleRequest (node_modules/router/lib/layer.js:152:17)
      at node_modules/router/index.js:295:15
      at param (node_modules/router/index.js:600:14)
      at param (node_modules/router/index.js:610:14)
      at processParams (node_modules/router/index.js:664:3)
      at next (node_modules/router/index.js:291:5)
      at router.handle (node_modules/router/index.js:186:3)
      at router (node_modules/router/index.js:60:12)
      at Layer.handleRequest (node_modules/router/lib/layer.js:152:17)
      at trimPrefix (node_modules/router/index.js:342:13)
      at node_modules/router/index.js:297:9
      at processParams (node_modules/router/index.js:582:12)
      at next (node_modules/router/index.js:291:5)
      at router.handle (node_modules/router/index.js:186:3)
      at router (node_modules/router/index.js:60:12)
      at Layer.handleRequest (node_modules/router/lib/layer.js:152:17)
      at trimPrefix (node_modules/router/index.js:342:13)
      at node_modules/router/index.js:297:9
      at processParams (node_modules/router/index.js:582:12)
      at next (node_modules/router/index.js:291:5)
      at blockSuperAdminFromTenantRoutes (src/middlewares/platformBoundary.middleware.js:33:12)
      at Layer.handleRequest (node_modules/router/lib/layer.js:152:17)
      at trimPrefix (node_modules/router/index.js:342:13)
      at node_modules/router/index.js:297:9
      at processParams (node_modules/router/index.js:582:12)
      at next (node_modules/router/index.js:291:5)
      at src/middlewares/auth.middleware.js:56:12
      at Layer.handleRequest (node_modules/router/lib/layer.js:152:17)
      at trimPrefix (node_modules/router/index.js:342:13)
      at node_modules/router/index.js:297:9
      at processParams (node_modules/router/index.js:582:12)
      at next (node_modules/router/index.js:291:5)
      at router.handle (node_modules/router/index.js:186:3)
      at router (node_modules/router/index.js:60:12)
      at Layer.handleRequest (node_modules/router/lib/layer.js:152:17)
      at trimPrefix (node_modules/router/index.js:342:13)
      at node_modules/router/index.js:297:9
      at processParams (node_modules/router/index.js:582:12)
      at next (node_modules/router/index.js:291:5)
      at node_modules/router/index.js:688:15
      at next (node_modules/router/index.js:276:14)
      at router.handle (node_modules/router/index.js:186:3)
      at router (node_modules/router/index.js:60:12)
      at Layer.handleRequest (node_modules/router/lib/layer.js:152:17)
      at trimPrefix (node_modules/router/index.js:342:13)
      at node_modules/router/index.js:297:9
      at processParams (node_modules/router/index.js:582:12)
      at next (node_modules/router/index.js:291:5)
      at node_modules/router/index.js:688:15
      at next (node_modules/router/index.js:276:14)
      at router.handle (node_modules/router/index.js:186:3)
      at router (node_modules/router/index.js:60:12)
      at Layer.handleRequest (node_modules/router/lib/layer.js:152:17)
      at trimPrefix (node_modules/router/index.js:342:13)
      at node_modules/router/index.js:297:9
      at processParams (node_modules/router/index.js:582:12)
      at next (node_modules/router/index.js:291:5)
      at node_modules/router/index.js:688:15
      at next (node_modules/router/index.js:276:14)
      at router.handle (node_modules/router/index.js:186:3)
      at router (node_modules/router/index.js:60:12)
      at Layer.handleRequest (node_modules/router/lib/layer.js:152:17)
      at trimPrefix (node_modules/router/index.js:342:13)
      at node_modules/router/index.js:297:9
      at processParams (node_modules/router/index.js:582:12)
      at next (node_modules/router/index.js:291:5)
      at node_modules/router/index.js:688:15
      at next (node_modules/router/index.js:276:14)
      at router.handle (node_modules/router/index.js:186:3)
      at router (node_modules/router/index.js:60:12)
      at Layer.handleRequest (node_modules/router/lib/layer.js:152:17)
      at trimPrefix (node_modules/router/index.js:342:13)
      at node_modules/router/index.js:297:9
      at processParams (node_modules/router/index.js:582:12)
      at next (node_modules/router/index.js:291:5)
      at router.handle (node_modules/router/index.js:186:3)
      at router (node_modules/router/index.js:60:12)
      at Layer.handleRequest (node_modules/router/lib/layer.js:152:17)
      at trimPrefix (node_modules/router/index.js:342:13)
      at node_modules/router/index.js:297:9
      at processParams (node_modules/router/index.js:582:12)
      at next (node_modules/router/index.js:291:5)
      at serveStatic (node_modules/serve-static/index.js:74:16)
      at Layer.handleRequest (node_modules/router/lib/layer.js:152:17)
      at trimPrefix (node_modules/router/index.js:342:13)
      at node_modules/router/index.js:297:9
      at processParams (node_modules/router/index.js:582:12)
      at next (node_modules/router/index.js:291:5)
      at src/app.js:107:3

2026-09-21 17:16:03 [32minfo[39m: PATCH /api/academic/evaluation-criteria/de71446e-4109-460f-84d6-932fec220dfe/toggle 200 - 12ms
{
  requestId: [32m'fc446ebd-9daf-4267-9dd5-46daef17e56b'[39m,
  ip: [32m'::ffff:127.0.0.1'[39m,
  userAgent: [90mundefined[39m
}
  console.warn
    [authorizeTenant] SUPERADMIN detectado en una ruta de tenant. Migra a authorizePlatform().

    [0m [90m 133 |[39m     [90m// regresi├│n silenciosa al patr├│n anterior.[39m
     [90m 134 |[39m     [36mif[39m (process[33m.[39menv[33m.[39m[33mNODE_ENV[39m [33m!==[39m [32m'production'[39m) {
    [31m[1m>[22m[39m[90m 135 |[39m       console[33m.[39mwarn(
     [90m     |[39m               [31m[1m^[22m[39m
     [90m 136 |[39m         [32m'[authorizeTenant] SUPERADMIN detectado en una ruta de tenant. Migra a authorizePlatform().'[39m
     [90m 137 |[39m       )[33m;[39m
     [90m 138 |[39m     }[0m

      at src/middlewares/auth.middleware.js:135:15
      at Layer.handleRequest (node_modules/router/lib/layer.js:152:17)
      at next (node_modules/router/lib/route.js:157:13)
      at src/middlewares/auth.middleware.js:56:12
      at Layer.handleRequest (node_modules/router/lib/layer.js:152:17)
      at next (node_modules/router/lib/route.js:157:13)
      at Route.dispatch (node_modules/router/lib/route.js:117:3)
      at handle (node_modules/router/index.js:435:11)
      at Layer.handleRequest (node_modules/router/lib/layer.js:152:17)
      at node_modules/router/index.js:295:15
      at param (node_modules/router/index.js:600:14)
      at param (node_modules/router/index.js:610:14)
      at processParams (node_modules/router/index.js:664:3)
      at next (node_modules/router/index.js:291:5)
      at router.handle (node_modules/router/index.js:186:3)
      at router (node_modules/router/index.js:60:12)
      at Layer.handleRequest (node_modules/router/lib/layer.js:152:17)
      at trimPrefix (node_modules/router/index.js:342:13)
      at node_modules/router/index.js:297:9
      at processParams (node_modules/router/index.js:582:12)
      at next (node_modules/router/index.js:291:5)
      at router.handle (node_modules/router/index.js:186:3)
      at router (node_modules/router/index.js:60:12)
      at Layer.handleRequest (node_modules/router/lib/layer.js:152:17)
      at trimPrefix (node_modules/router/index.js:342:13)
      at node_modules/router/index.js:297:9
      at processParams (node_modules/router/index.js:582:12)
      at next (node_modules/router/index.js:291:5)
      at blockSuperAdminFromTenantRoutes (src/middlewares/platformBoundary.middleware.js:33:12)
      at Layer.handleRequest (node_modules/router/lib/layer.js:152:17)
      at trimPrefix (node_modules/router/index.js:342:13)
      at node_modules/router/index.js:297:9
      at processParams (node_modules/router/index.js:582:12)
      at next (node_modules/router/index.js:291:5)
      at src/middlewares/auth.middleware.js:56:12
      at Layer.handleRequest (node_modules/router/lib/layer.js:152:17)
      at trimPrefix (node_modules/router/index.js:342:13)
      at node_modules/router/index.js:297:9
      at processParams (node_modules/router/index.js:582:12)
      at next (node_modules/router/index.js:291:5)
      at router.handle (node_modules/router/index.js:186:3)
      at router (node_modules/router/index.js:60:12)
      at Layer.handleRequest (node_modules/router/lib/layer.js:152:17)
      at trimPrefix (node_modules/router/index.js:342:13)
      at node_modules/router/index.js:297:9
      at processParams (node_modules/router/index.js:582:12)
      at next (node_modules/router/index.js:291:5)
      at node_modules/router/index.js:688:15
      at next (node_modules/router/index.js:276:14)
      at router.handle (node_modules/router/index.js:186:3)
      at router (node_modules/router/index.js:60:12)
      at Layer.handleRequest (node_modules/router/lib/layer.js:152:17)
      at trimPrefix (node_modules/router/index.js:342:13)
      at node_modules/router/index.js:297:9
      at processParams (node_modules/router/index.js:582:12)
      at next (node_modules/router/index.js:291:5)
      at node_modules/router/index.js:688:15
      at next (node_modules/router/index.js:276:14)
      at router.handle (node_modules/router/index.js:186:3)
      at router (node_modules/router/index.js:60:12)
      at Layer.handleRequest (node_modules/router/lib/layer.js:152:17)
      at trimPrefix (node_modules/router/index.js:342:13)
      at node_modules/router/index.js:297:9
      at processParams (node_modules/router/index.js:582:12)
      at next (node_modules/router/index.js:291:5)
      at node_modules/router/index.js:688:15
      at next (node_modules/router/index.js:276:14)
      at router.handle (node_modules/router/index.js:186:3)
      at router (node_modules/router/index.js:60:12)
      at Layer.handleRequest (node_modules/router/lib/layer.js:152:17)
      at trimPrefix (node_modules/router/index.js:342:13)
      at node_modules/router/index.js:297:9
      at processParams (node_modules/router/index.js:582:12)
      at next (node_modules/router/index.js:291:5)
      at node_modules/router/index.js:688:15
      at next (node_modules/router/index.js:276:14)
      at router.handle (node_modules/router/index.js:186:3)
      at router (node_modules/router/index.js:60:12)
      at Layer.handleRequest (node_modules/router/lib/layer.js:152:17)
      at trimPrefix (node_modules/router/index.js:342:13)
      at node_modules/router/index.js:297:9
      at processParams (node_modules/router/index.js:582:12)
      at next (node_modules/router/index.js:291:5)
      at router.handle (node_modules/router/index.js:186:3)
      at router (node_modules/router/index.js:60:12)
      at Layer.handleRequest (node_modules/router/lib/layer.js:152:17)
      at trimPrefix (node_modules/router/index.js:342:13)
      at node_modules/router/index.js:297:9
      at processParams (node_modules/router/index.js:582:12)
      at next (node_modules/router/index.js:291:5)
      at serveStatic (node_modules/serve-static/index.js:74:16)
      at Layer.handleRequest (node_modules/router/lib/layer.js:152:17)
      at trimPrefix (node_modules/router/index.js:342:13)
      at node_modules/router/index.js:297:9
      at processParams (node_modules/router/index.js:582:12)
      at next (node_modules/router/index.js:291:5)
      at src/app.js:107:3

2026-09-21 17:16:03 [32minfo[39m: PATCH /api/academic/evaluation-criteria/de71446e-4109-460f-84d6-932fec220dfe/toggle 200 - 9ms
{
  requestId: [32m'19242a4b-8ecc-4ac3-8af0-dc1e99967114'[39m,
  ip: [32m'::ffff:127.0.0.1'[39m,
  userAgent: [90mundefined[39m
}
  console.warn
    [authorizeTenant] SUPERADMIN detectado en una ruta de tenant. Migra a authorizePlatform().

    [0m [90m 133 |[39m     [90m// regresi├│n silenciosa al patr├│n anterior.[39m
     [90m 134 |[39m     [36mif[39m (process[33m.[39menv[33m.[39m[33mNODE_ENV[39m [33m!==[39m [32m'production'[39m) {
    [31m[1m>[22m[39m[90m 135 |[39m       console[33m.[39mwarn(
     [90m     |[39m               [31m[1m^[22m[39m
     [90m 136 |[39m         [32m'[authorizeTenant] SUPERADMIN detectado en una ruta de tenant. Migra a authorizePlatform().'[39m
     [90m 137 |[39m       )[33m;[39m
     [90m 138 |[39m     }[0m

      at src/middlewares/auth.middleware.js:135:15
      at Layer.handleRequest (node_modules/router/lib/layer.js:152:17)
      at next (node_modules/router/lib/route.js:157:13)
      at src/middlewares/auth.middleware.js:56:12
      at Layer.handleRequest (node_modules/router/lib/layer.js:152:17)
      at next (node_modules/router/lib/route.js:157:13)
      at Route.dispatch (node_modules/router/lib/route.js:117:3)
      at handle (node_modules/router/index.js:435:11)
      at Layer.handleRequest (node_modules/router/lib/layer.js:152:17)
      at node_modules/router/index.js:295:15
      at param (node_modules/router/index.js:600:14)
      at param (node_modules/router/index.js:610:14)
      at processParams (node_modules/router/index.js:664:3)
      at next (node_modules/router/index.js:291:5)
      at router.handle (node_modules/router/index.js:186:3)
      at router (node_modules/router/index.js:60:12)
      at Layer.handleRequest (node_modules/router/lib/layer.js:152:17)
      at trimPrefix (node_modules/router/index.js:342:13)
      at node_modules/router/index.js:297:9
      at processParams (node_modules/router/index.js:582:12)
      at next (node_modules/router/index.js:291:5)
      at router.handle (node_modules/router/index.js:186:3)
      at router (node_modules/router/index.js:60:12)
      at Layer.handleRequest (node_modules/router/lib/layer.js:152:17)
      at trimPrefix (node_modules/router/index.js:342:13)
      at node_modules/router/index.js:297:9
      at processParams (node_modules/router/index.js:582:12)
      at next (node_modules/router/index.js:291:5)
      at blockSuperAdminFromTenantRoutes (src/middlewares/platformBoundary.middleware.js:33:12)
      at Layer.handleRequest (node_modules/router/lib/layer.js:152:17)
      at trimPrefix (node_modules/router/index.js:342:13)
      at node_modules/router/index.js:297:9
      at processParams (node_modules/router/index.js:582:12)
      at next (node_modules/router/index.js:291:5)
      at src/middlewares/auth.middleware.js:56:12
      at Layer.handleRequest (node_modules/router/lib/layer.js:152:17)
      at trimPrefix (node_modules/router/index.js:342:13)
      at node_modules/router/index.js:297:9
      at processParams (node_modules/router/index.js:582:12)
      at next (node_modules/router/index.js:291:5)
      at router.handle (node_modules/router/index.js:186:3)
      at router (node_modules/router/index.js:60:12)
      at Layer.handleRequest (node_modules/router/lib/layer.js:152:17)
      at trimPrefix (node_modules/router/index.js:342:13)
      at node_modules/router/index.js:297:9
      at processParams (node_modules/router/index.js:582:12)
      at next (node_modules/router/index.js:291:5)
      at node_modules/router/index.js:688:15
      at next (node_modules/router/index.js:276:14)
      at router.handle (node_modules/router/index.js:186:3)
      at router (node_modules/router/index.js:60:12)
      at Layer.handleRequest (node_modules/router/lib/layer.js:152:17)
      at trimPrefix (node_modules/router/index.js:342:13)
      at node_modules/router/index.js:297:9
      at processParams (node_modules/router/index.js:582:12)
      at next (node_modules/router/index.js:291:5)
      at node_modules/router/index.js:688:15
      at next (node_modules/router/index.js:276:14)
      at router.handle (node_modules/router/index.js:186:3)
      at router (node_modules/router/index.js:60:12)
      at Layer.handleRequest (node_modules/router/lib/layer.js:152:17)
      at trimPrefix (node_modules/router/index.js:342:13)
      at node_modules/router/index.js:297:9
      at processParams (node_modules/router/index.js:582:12)
      at next (node_modules/router/index.js:291:5)
      at node_modules/router/index.js:688:15
      at next (node_modules/router/index.js:276:14)
      at router.handle (node_modules/router/index.js:186:3)
      at router (node_modules/router/index.js:60:12)
      at Layer.handleRequest (node_modules/router/lib/layer.js:152:17)
      at trimPrefix (node_modules/router/index.js:342:13)
      at node_modules/router/index.js:297:9
      at processParams (node_modules/router/index.js:582:12)
      at next (node_modules/router/index.js:291:5)
      at node_modules/router/index.js:688:15
      at next (node_modules/router/index.js:276:14)
      at router.handle (node_modules/router/index.js:186:3)
      at router (node_modules/router/index.js:60:12)
      at Layer.handleRequest (node_modules/router/lib/layer.js:152:17)
      at trimPrefix (node_modules/router/index.js:342:13)
      at node_modules/router/index.js:297:9
      at processParams (node_modules/router/index.js:582:12)
      at next (node_modules/router/index.js:291:5)
      at router.handle (node_modules/router/index.js:186:3)
      at router (node_modules/router/index.js:60:12)
      at Layer.handleRequest (node_modules/router/lib/layer.js:152:17)
      at trimPrefix (node_modules/router/index.js:342:13)
      at node_modules/router/index.js:297:9
      at processParams (node_modules/router/index.js:582:12)
      at next (node_modules/router/index.js:291:5)
      at serveStatic (node_modules/serve-static/index.js:74:16)
      at Layer.handleRequest (node_modules/router/lib/layer.js:152:17)
      at trimPrefix (node_modules/router/index.js:342:13)
      at node_modules/router/index.js:297:9
      at processParams (node_modules/router/index.js:582:12)
      at next (node_modules/router/index.js:291:5)
      at src/app.js:107:3

2026-09-21 17:16:03 [32minfo[39m: DELETE /api/academic/evaluation-criteria/18fb69af-d6df-4cb7-8b00-de1b6940d55a 200 - 7ms
{
  requestId: [32m'516f0f98-bf8f-4e02-8fd6-74b624badf87'[39m,
  ip: [32m'::ffff:127.0.0.1'[39m,
  userAgent: [90mundefined[39m
}
  console.warn
    [authorizeTenant] SUPERADMIN detectado en una ruta de tenant. Migra a authorizePlatform().

    [0m [90m 133 |[39m     [90m// regresi├│n silenciosa al patr├│n anterior.[39m
     [90m 134 |[39m     [36mif[39m (process[33m.[39menv[33m.[39m[33mNODE_ENV[39m [33m!==[39m [32m'production'[39m) {
    [31m[1m>[22m[39m[90m 135 |[39m       console[33m.[39mwarn(
     [90m     |[39m               [31m[1m^[22m[39m
     [90m 136 |[39m         [32m'[authorizeTenant] SUPERADMIN detectado en una ruta de tenant. Migra a authorizePlatform().'[39m
     [90m 137 |[39m       )[33m;[39m
     [90m 138 |[39m     }[0m

      at src/middlewares/auth.middleware.js:135:15
      at Layer.handleRequest (node_modules/router/lib/layer.js:152:17)
      at next (node_modules/router/lib/route.js:157:13)
      at src/middlewares/auth.middleware.js:56:12
      at Layer.handleRequest (node_modules/router/lib/layer.js:152:17)
      at next (node_modules/router/lib/route.js:157:13)
      at Route.dispatch (node_modules/router/lib/route.js:117:3)
      at handle (node_modules/router/index.js:435:11)
      at Layer.handleRequest (node_modules/router/lib/layer.js:152:17)
      at node_modules/router/index.js:295:15
      at param (node_modules/router/index.js:600:14)
      at param (node_modules/router/index.js:610:14)
      at processParams (node_modules/router/index.js:664:3)
      at next (node_modules/router/index.js:291:5)
      at router.handle (node_modules/router/index.js:186:3)
      at router (node_modules/router/index.js:60:12)
      at Layer.handleRequest (node_modules/router/lib/layer.js:152:17)
      at trimPrefix (node_modules/router/index.js:342:13)
      at node_modules/router/index.js:297:9
      at processParams (node_modules/router/index.js:582:12)
      at next (node_modules/router/index.js:291:5)
      at router.handle (node_modules/router/index.js:186:3)
      at router (node_modules/router/index.js:60:12)
      at Layer.handleRequest (node_modules/router/lib/layer.js:152:17)
      at trimPrefix (node_modules/router/index.js:342:13)
      at node_modules/router/index.js:297:9
      at processParams (node_modules/router/index.js:582:12)
      at next (node_modules/router/index.js:291:5)
      at blockSuperAdminFromTenantRoutes (src/middlewares/platformBoundary.middleware.js:33:12)
      at Layer.handleRequest (node_modules/router/lib/layer.js:152:17)
      at trimPrefix (node_modules/router/index.js:342:13)
      at node_modules/router/index.js:297:9
      at processParams (node_modules/router/index.js:582:12)
      at next (node_modules/router/index.js:291:5)
      at src/middlewares/auth.middleware.js:56:12
      at Layer.handleRequest (node_modules/router/lib/layer.js:152:17)
      at trimPrefix (node_modules/router/index.js:342:13)
      at node_modules/router/index.js:297:9
      at processParams (node_modules/router/index.js:582:12)
      at next (node_modules/router/index.js:291:5)
      at router.handle (node_modules/router/index.js:186:3)
      at router (node_modules/router/index.js:60:12)
      at Layer.handleRequest (node_modules/router/lib/layer.js:152:17)
      at trimPrefix (node_modules/router/index.js:342:13)
      at node_modules/router/index.js:297:9
      at processParams (node_modules/router/index.js:582:12)
      at next (node_modules/router/index.js:291:5)
      at node_modules/router/index.js:688:15
      at next (node_modules/router/index.js:276:14)
      at router.handle (node_modules/router/index.js:186:3)
      at router (node_modules/router/index.js:60:12)
      at Layer.handleRequest (node_modules/router/lib/layer.js:152:17)
      at trimPrefix (node_modules/router/index.js:342:13)
      at node_modules/router/index.js:297:9
      at processParams (node_modules/router/index.js:582:12)
      at next (node_modules/router/index.js:291:5)
      at node_modules/router/index.js:688:15
      at next (node_modules/router/index.js:276:14)
      at router.handle (node_modules/router/index.js:186:3)
      at router (node_modules/router/index.js:60:12)
      at Layer.handleRequest (node_modules/router/lib/layer.js:152:17)
      at trimPrefix (node_modules/router/index.js:342:13)
      at node_modules/router/index.js:297:9
      at processParams (node_modules/router/index.js:582:12)
      at next (node_modules/router/index.js:291:5)
      at node_modules/router/index.js:688:15
      at next (node_modules/router/index.js:276:14)
      at router.handle (node_modules/router/index.js:186:3)
      at router (node_modules/router/index.js:60:12)
      at Layer.handleRequest (node_modules/router/lib/layer.js:152:17)
      at trimPrefix (node_modules/router/index.js:342:13)
      at node_modules/router/index.js:297:9
      at processParams (node_modules/router/index.js:582:12)
      at next (node_modules/router/index.js:291:5)
      at node_modules/router/index.js:688:15
      at next (node_modules/router/index.js:276:14)
      at router.handle (node_modules/router/index.js:186:3)
      at router (node_modules/router/index.js:60:12)
      at Layer.handleRequest (node_modules/router/lib/layer.js:152:17)
      at trimPrefix (node_modules/router/index.js:342:13)
      at node_modules/router/index.js:297:9
      at processParams (node_modules/router/index.js:582:12)
      at next (node_modules/router/index.js:291:5)
      at router.handle (node_modules/router/index.js:186:3)
      at router (node_modules/router/index.js:60:12)
      at Layer.handleRequest (node_modules/router/lib/layer.js:152:17)
      at trimPrefix (node_modules/router/index.js:342:13)
      at node_modules/router/index.js:297:9
      at processParams (node_modules/router/index.js:582:12)
      at next (node_modules/router/index.js:291:5)
      at serveStatic (node_modules/serve-static/index.js:74:16)
      at Layer.handleRequest (node_modules/router/lib/layer.js:152:17)
      at trimPrefix (node_modules/router/index.js:342:13)
      at node_modules/router/index.js:297:9
      at processParams (node_modules/router/index.js:582:12)
      at next (node_modules/router/index.js:291:5)
      at src/app.js:107:3

2026-09-21 17:16:03 [33mwarn[39m: No se puede eliminar un criterio que ya tiene respuestas asociadas
{
  code: [32m'CONFLICT'[39m,
  details: [1mnull[22m,
  path: [32m'/api/academic/evaluation-criteria/7c340120-456f-4024-9c55-e76070def193'[39m,
  method: [32m'DELETE'[39m
}
2026-09-21 17:16:03 [32minfo[39m: DELETE /api/academic/evaluation-criteria/7c340120-456f-4024-9c55-e76070def193 409 - 5ms
{
  requestId: [32m'd54766a8-4fdc-4b73-b976-c3fb7ed9352e'[39m,
  ip: [32m'::ffff:127.0.0.1'[39m,
  userAgent: [90mundefined[39m
}
2026-09-21 17:16:03 [31merror[39m: Prisma Validation Error: 
Invalid `prisma.evaluationResponse.findUnique()` invocation in
C:\campusvote\src\modules\academic\teachingEvaluation\evaluationResponse.service.js:160:52

  157 const assignment = await validateStudentAndAssignment(teachingAssignmentId, actor);
  158 
  159 // Verificar que no exista ya una evaluaci├│n para esta asignaci├│n
ÔåÆ 160 const existing = await prisma.evaluationResponse.findUnique({
        where: {
          teachingAssignmentId_studentId: {
          ~~~~~~~~~~~~~~~~~~~~~~~~~~~~~~
            teachingAssignmentId: "a05d62d6-6b3a-48a9-ad36-8c2a236ee356",
            studentId: "fbcfb6a1-7cd3-4b7b-9548-0a8a522f470a"
          },
      ?   id?: String,
      ?   uq_evaluation_responses_assignment_student?: EvaluationResponseUq_evaluation_responses_assignment_studentCompoundUniqueInput,
      ?   AND?: EvaluationResponseWhereInput | EvaluationResponseWhereInput[],
      ?   OR?: EvaluationResponseWhereInput[],
      ?   NOT?: EvaluationResponseWhereInput | EvaluationResponseWhereInput[],
      ?   teachingAssignmentId?: UuidFilter | String,
      ?   studentId?: UuidFilter | String,
      ?   status?: EnumEvaluationResponseStatusFilter | EvaluationResponseStatus,
      ?   submittedAt?: DateTimeNullableFilter | DateTime | Null,
      ?   comment?: StringNullableFilter | String | Null,
      ?   createdAt?: DateTimeFilter | DateTime,
      ?   updatedAt?: DateTimeFilter | DateTime,
      ?   teachingAssignment?: TeachingAssignmentScalarRelationFilter | TeachingAssignmentWhereInput,
      ?   student?: UserScalarRelationFilter | UserWhereInput,
      ?   details?: EvaluationResponseDetailListRelationFilter
        }
      })

Unknown argument `teachingAssignmentId_studentId`. Available options are marked with ?.
{ path: [32m'/api/academic/evaluation-responses'[39m, method: [32m'POST'[39m }
2026-09-21 17:16:03 [32minfo[39m: POST /api/academic/evaluation-responses 400 - 9ms
{
  requestId: [32m'dd2623dd-8f44-46f1-9614-769e62cc9e96'[39m,
  ip: [32m'::ffff:127.0.0.1'[39m,
  userAgent: [90mundefined[39m
}
2026-09-21 17:16:03 [33mwarn[39m: No tienes permisos para realizar esta acci├│n
{
  code: [32m'FORBIDDEN'[39m,
  details: [1mnull[22m,
  path: [32m'/api/academic/evaluation-responses'[39m,
  method: [32m'POST'[39m
}
2026-09-21 17:16:03 [32minfo[39m: POST /api/academic/evaluation-responses 403 - 2ms
{
  requestId: [32m'78bb6f74-cce0-49fa-9bb2-95afba398ae2'[39m,
  ip: [32m'::ffff:127.0.0.1'[39m,
  userAgent: [90mundefined[39m
}
2026-09-21 17:16:03 [33mwarn[39m: No tienes permisos para realizar esta acci├│n
{
  code: [32m'FORBIDDEN'[39m,
  details: [1mnull[22m,
  path: [32m'/api/academic/evaluation-responses'[39m,
  method: [32m'POST'[39m
}
2026-09-21 17:16:03 [32minfo[39m: POST /api/academic/evaluation-responses 403 - 3ms
{
  requestId: [32m'e1a82372-786d-4f35-aeb9-92e49a70f0d4'[39m,
  ip: [32m'::ffff:127.0.0.1'[39m,
  userAgent: [90mundefined[39m
}
2026-09-21 17:16:03 [33mwarn[39m: La asignaci├│n no pertenece a tu organizaci├│n
{
  code: [32m'FORBIDDEN'[39m,
  details: [1mnull[22m,
  path: [32m'/api/academic/evaluation-responses'[39m,
  method: [32m'POST'[39m
}
2026-09-21 17:16:03 [32minfo[39m: POST /api/academic/evaluation-responses 403 - 4ms
{
  requestId: [32m'fe60e60b-bff1-42e9-a2f3-49938b8ad97c'[39m,
  ip: [32m'::ffff:127.0.0.1'[39m,
  userAgent: [90mundefined[39m
}
2026-09-21 17:16:03 [33mwarn[39m: No puedes evaluarte a ti mismo
{
  code: [32m'BAD_REQUEST'[39m,
  details: [1mnull[22m,
  path: [32m'/api/academic/evaluation-responses'[39m,
  method: [32m'POST'[39m
}
2026-09-21 17:16:03 [32minfo[39m: POST /api/academic/evaluation-responses 400 - 2ms
{
  requestId: [32m'd194f47f-b9cc-4337-bb88-7b2b8984135b'[39m,
  ip: [32m'::ffff:127.0.0.1'[39m,
  userAgent: [90mundefined[39m
}
2026-09-21 17:16:03 [33mwarn[39m: Asignaci├│n docente no encontrada
{
  code: [32m'NOT_FOUND'[39m,
  details: [1mnull[22m,
  path: [32m'/api/academic/evaluation-responses'[39m,
  method: [32m'POST'[39m
}
2026-09-21 17:16:03 [32minfo[39m: POST /api/academic/evaluation-responses 404 - 1ms
{
  requestId: [32m'5d54fe0d-9529-4a6e-ac72-4db2e6951def'[39m,
  ip: [32m'::ffff:127.0.0.1'[39m,
  userAgent: [90mundefined[39m
}
2026-09-21 17:16:03 [33mwarn[39m: Asignaci├│n docente no encontrada
{
  code: [32m'NOT_FOUND'[39m,
  details: [1mnull[22m,
  path: [32m'/api/academic/evaluation-responses'[39m,
  method: [32m'POST'[39m
}
2026-09-21 17:16:03 [32minfo[39m: POST /api/academic/evaluation-responses 404 - 2ms
{
  requestId: [32m'73b0d0a2-79c7-4a32-83f2-b03e9d302434'[39m,
  ip: [32m'::ffff:127.0.0.1'[39m,
  userAgent: [90mundefined[39m
}
2026-09-21 17:16:03 [33mwarn[39m: La asignaci├│n docente no est├í activa
{
  code: [32m'BAD_REQUEST'[39m,
  details: [1mnull[22m,
  path: [32m'/api/academic/evaluation-responses'[39m,
  method: [32m'POST'[39m
}
2026-09-21 17:16:03 [32minfo[39m: POST /api/academic/evaluation-responses 400 - 1ms
{
  requestId: [32m'493ee883-3529-4cbc-905a-df970c199735'[39m,
  ip: [32m'::ffff:127.0.0.1'[39m,
  userAgent: [90mundefined[39m
}
2026-09-21 17:16:03 [33mwarn[39m: La asignaci├│n no pertenece a tu carrera
{
  code: [32m'FORBIDDEN'[39m,
  details: [1mnull[22m,
  path: [32m'/api/academic/evaluation-responses'[39m,
  method: [32m'POST'[39m
}
2026-09-21 17:16:03 [32minfo[39m: POST /api/academic/evaluation-responses 403 - 3ms
{
  requestId: [32m'b015ec3d-f2a6-4fcf-bfe9-5845ed11b83c'[39m,
  ip: [32m'::ffff:127.0.0.1'[39m,
  userAgent: [90mundefined[39m
}
2026-09-21 17:16:03 [31merror[39m: Prisma Validation Error: 
Invalid `prisma.evaluationResponse.findUnique()` invocation in
C:\campusvote\src\modules\academic\teachingEvaluation\evaluationResponse.service.js:160:52

  157 const assignment = await validateStudentAndAssignment(teachingAssignmentId, actor);
  158 
  159 // Verificar que no exista ya una evaluaci├│n para esta asignaci├│n
ÔåÆ 160 const existing = await prisma.evaluationResponse.findUnique({
        where: {
          teachingAssignmentId_studentId: {
          ~~~~~~~~~~~~~~~~~~~~~~~~~~~~~~
            teachingAssignmentId: "28db6c31-6a59-4239-97ed-a96f9cc3acf0",
            studentId: "fbcfb6a1-7cd3-4b7b-9548-0a8a522f470a"
          },
      ?   id?: String,
      ?   uq_evaluation_responses_assignment_student?: EvaluationResponseUq_evaluation_responses_assignment_studentCompoundUniqueInput,
      ?   AND?: EvaluationResponseWhereInput | EvaluationResponseWhereInput[],
      ?   OR?: EvaluationResponseWhereInput[],
      ?   NOT?: EvaluationResponseWhereInput | EvaluationResponseWhereInput[],
      ?   teachingAssignmentId?: UuidFilter | String,
      ?   studentId?: UuidFilter | String,
      ?   status?: EnumEvaluationResponseStatusFilter | EvaluationResponseStatus,
      ?   submittedAt?: DateTimeNullableFilter | DateTime | Null,
      ?   comment?: StringNullableFilter | String | Null,
      ?   createdAt?: DateTimeFilter | DateTime,
      ?   updatedAt?: DateTimeFilter | DateTime,
      ?   teachingAssignment?: TeachingAssignmentScalarRelationFilter | TeachingAssignmentWhereInput,
      ?   student?: UserScalarRelationFilter | UserWhereInput,
      ?   details?: EvaluationResponseDetailListRelationFilter
        }
      })

Unknown argument `teachingAssignmentId_studentId`. Available options are marked with ?.
{ path: [32m'/api/academic/evaluation-responses'[39m, method: [32m'POST'[39m }
2026-09-21 17:16:03 [32minfo[39m: POST /api/academic/evaluation-responses 400 - 5ms
{
  requestId: [32m'7cca53ea-df68-46fe-82db-4e79d605063e'[39m,
  ip: [32m'::ffff:127.0.0.1'[39m,
  userAgent: [90mundefined[39m
}
2026-09-21 17:16:03 [33mwarn[39m: El ciclo no coincide con tu ciclo actual
{
  code: [32m'FORBIDDEN'[39m,
  details: [1mnull[22m,
  path: [32m'/api/academic/evaluation-responses'[39m,
  method: [32m'POST'[39m
}
2026-09-21 17:16:03 [32minfo[39m: POST /api/academic/evaluation-responses 403 - 3ms
{
  requestId: [32m'88d3b55c-db9d-44cb-89ea-e77134d36467'[39m,
  ip: [32m'::ffff:127.0.0.1'[39m,
  userAgent: [90mundefined[39m
}
2026-09-21 17:16:03 [33mwarn[39m: El periodo no coincide con tu periodo de admisi├│n
{
  code: [32m'FORBIDDEN'[39m,
  details: [1mnull[22m,
  path: [32m'/api/academic/evaluation-responses'[39m,
  method: [32m'POST'[39m
}
2026-09-21 17:16:03 [32minfo[39m: POST /api/academic/evaluation-responses 403 - 2ms
{
  requestId: [32m'd31cacb5-4606-4f45-b9d8-3d185e3b7e5a'[39m,
  ip: [32m'::ffff:127.0.0.1'[39m,
  userAgent: [90mundefined[39m
}
2026-09-21 17:16:03 [31merror[39m: Prisma Validation Error: 
Invalid `prisma.evaluationResponse.findUnique()` invocation in
C:\campusvote\src\modules\academic\teachingEvaluation\evaluationResponse.service.js:160:52

  157 const assignment = await validateStudentAndAssignment(teachingAssignmentId, actor);
  158 
  159 // Verificar que no exista ya una evaluaci├│n para esta asignaci├│n
ÔåÆ 160 const existing = await prisma.evaluationResponse.findUnique({
        where: {
          teachingAssignmentId_studentId: {
          ~~~~~~~~~~~~~~~~~~~~~~~~~~~~~~
            teachingAssignmentId: "90ca44cc-407e-4fd6-9ec7-e75c0ea726a8",
            studentId: "fbcfb6a1-7cd3-4b7b-9548-0a8a522f470a"
          },
      ?   id?: String,
      ?   uq_evaluation_responses_assignment_student?: EvaluationResponseUq_evaluation_responses_assignment_studentCompoundUniqueInput,
      ?   AND?: EvaluationResponseWhereInput | EvaluationResponseWhereInput[],
      ?   OR?: EvaluationResponseWhereInput[],
      ?   NOT?: EvaluationResponseWhereInput | EvaluationResponseWhereInput[],
      ?   teachingAssignmentId?: UuidFilter | String,
      ?   studentId?: UuidFilter | String,
      ?   status?: EnumEvaluationResponseStatusFilter | EvaluationResponseStatus,
      ?   submittedAt?: DateTimeNullableFilter | DateTime | Null,
      ?   comment?: StringNullableFilter | String | Null,
      ?   createdAt?: DateTimeFilter | DateTime,
      ?   updatedAt?: DateTimeFilter | DateTime,
      ?   teachingAssignment?: TeachingAssignmentScalarRelationFilter | TeachingAssignmentWhereInput,
      ?   student?: UserScalarRelationFilter | UserWhereInput,
      ?   details?: EvaluationResponseDetailListRelationFilter
        }
      })

Unknown argument `teachingAssignmentId_studentId`. Available options are marked with ?.
{ path: [32m'/api/academic/evaluation-responses'[39m, method: [32m'POST'[39m }
2026-09-21 17:16:03 [32minfo[39m: POST /api/academic/evaluation-responses 400 - 3ms
{
  requestId: [32m'c76f160d-16da-4377-8532-7c5a96d646f1'[39m,
  ip: [32m'::ffff:127.0.0.1'[39m,
  userAgent: [90mundefined[39m
}
2026-09-21 17:16:03 [31merror[39m: Prisma Validation Error: 
Invalid `prisma.evaluationResponseDetail.upsert()` invocation in
C:\campusvote\src\modules\academic\teachingEvaluation\evaluationResponseDetail.service.js:92:50

  89 
  90 // 4. Upsert (create o update)
  91 try {
ÔåÆ 92   return await prisma.evaluationResponseDetail.upsert({
         where: {
           evaluationResponseId_criterionId: {
           ~~~~~~~~~~~~~~~~~~~~~~~~~~~~~~~~
             evaluationResponseId: "4389e0df-97cd-49d4-b8e1-127dafe74e34",
             criterionId: "3a719bb3-c8e8-4a55-9ba2-becc71e2606e"
           },
       ?   id?: String,
       ?   uq_eval_response_details_response_criterion?: EvaluationResponseDetailUq_eval_response_details_response_criterionCompoundUniqueInput,
       ?   AND?: EvaluationResponseDetailWhereInput | EvaluationResponseDetailWhereInput[],
       ?   OR?: EvaluationResponseDetailWhereInput[],
       ?   NOT?: EvaluationResponseDetailWhereInput | EvaluationResponseDetailWhereInput[],
       ?   evaluationResponseId?: UuidFilter | String,
       ?   criterionId?: UuidFilter | String,
       ?   score?: IntFilter | Int,
       ?   createdAt?: DateTimeFilter | DateTime,
       ?   evaluationResponse?: EvaluationResponseScalarRelationFilter | EvaluationResponseWhereInput,
       ?   criterion?: EvaluationCriterionScalarRelationFilter | EvaluationCriterionWhereInput
         },
         update: {
           score: 4
         },
         create: {
           evaluationResponseId: "4389e0df-97cd-49d4-b8e1-127dafe74e34",
           criterionId: "3a719bb3-c8e8-4a55-9ba2-becc71e2606e",
           score: 4
         }
       })

Unknown argument `evaluationResponseId_criterionId`. Available options are marked with ?.
{
  path: [32m'/api/academic/evaluation-responses/4389e0df-97cd-49d4-b8e1-127dafe74e34/details/3a719bb3-c8e8-4a55-9ba2-becc71e2606e'[39m,
  method: [32m'PUT'[39m
}
2026-09-21 17:16:03 [32minfo[39m: PUT /api/academic/evaluation-responses/4389e0df-97cd-49d4-b8e1-127dafe74e34/details/3a719bb3-c8e8-4a55-9ba2-becc71e2606e 400 - 5ms
{
  requestId: [32m'e2ef04fd-e1eb-425f-8b56-a79d04b1440f'[39m,
  ip: [32m'::ffff:127.0.0.1'[39m,
  userAgent: [90mundefined[39m
}
2026-09-21 17:16:03 [31merror[39m: Prisma Validation Error: 
Invalid `prisma.evaluationResponseDetail.upsert()` invocation in
C:\campusvote\src\modules\academic\teachingEvaluation\evaluationResponseDetail.service.js:92:50

  89 
  90 // 4. Upsert (create o update)
  91 try {
ÔåÆ 92   return await prisma.evaluationResponseDetail.upsert({
         where: {
           evaluationResponseId_criterionId: {
           ~~~~~~~~~~~~~~~~~~~~~~~~~~~~~~~~
             evaluationResponseId: "4389e0df-97cd-49d4-b8e1-127dafe74e34",
             criterionId: "3a719bb3-c8e8-4a55-9ba2-becc71e2606e"
           },
       ?   id?: String,
       ?   uq_eval_response_details_response_criterion?: EvaluationResponseDetailUq_eval_response_details_response_criterionCompoundUniqueInput,
       ?   AND?: EvaluationResponseDetailWhereInput | EvaluationResponseDetailWhereInput[],
       ?   OR?: EvaluationResponseDetailWhereInput[],
       ?   NOT?: EvaluationResponseDetailWhereInput | EvaluationResponseDetailWhereInput[],
       ?   evaluationResponseId?: UuidFilter | String,
       ?   criterionId?: UuidFilter | String,
       ?   score?: IntFilter | Int,
       ?   createdAt?: DateTimeFilter | DateTime,
       ?   evaluationResponse?: EvaluationResponseScalarRelationFilter | EvaluationResponseWhereInput,
       ?   criterion?: EvaluationCriterionScalarRelationFilter | EvaluationCriterionWhereInput
         },
         update: {
           score: 5
         },
         create: {
           evaluationResponseId: "4389e0df-97cd-49d4-b8e1-127dafe74e34",
           criterionId: "3a719bb3-c8e8-4a55-9ba2-becc71e2606e",
           score: 5
         }
       })

Unknown argument `evaluationResponseId_criterionId`. Available options are marked with ?.
{
  path: [32m'/api/academic/evaluation-responses/4389e0df-97cd-49d4-b8e1-127dafe74e34/details/3a719bb3-c8e8-4a55-9ba2-becc71e2606e'[39m,
  method: [32m'PUT'[39m
}
2026-09-21 17:16:03 [32minfo[39m: PUT /api/academic/evaluation-responses/4389e0df-97cd-49d4-b8e1-127dafe74e34/details/3a719bb3-c8e8-4a55-9ba2-becc71e2606e 400 - 3ms
{
  requestId: [32m'658693b9-0969-43b8-be02-cf201dd2d2db'[39m,
  ip: [32m'::ffff:127.0.0.1'[39m,
  userAgent: [90mundefined[39m
}
2026-09-21 17:16:03 [33mwarn[39m: Los datos enviados no son v├ílidos
{
  code: [32m'BAD_REQUEST'[39m,
  details: [ { field: [32m'body.score'[39m, message: [32m'El score m├¡nimo es 1'[39m } ],
  path: [32m'/api/academic/evaluation-responses/4389e0df-97cd-49d4-b8e1-127dafe74e34/details/4fc7e9db-e314-4c9d-bcc9-2701bcfa84ac'[39m,
  method: [32m'PUT'[39m
}
2026-09-21 17:16:03 [32minfo[39m: PUT /api/academic/evaluation-responses/4389e0df-97cd-49d4-b8e1-127dafe74e34/details/4fc7e9db-e314-4c9d-bcc9-2701bcfa84ac 400 - 2ms
{
  requestId: [32m'3f2c9916-3803-45c2-a496-f24eaa471ae4'[39m,
  ip: [32m'::ffff:127.0.0.1'[39m,
  userAgent: [90mundefined[39m
}
2026-09-21 17:16:03 [33mwarn[39m: Los datos enviados no son v├ílidos
{
  code: [32m'BAD_REQUEST'[39m,
  details: [ { field: [32m'body.score'[39m, message: [32m'El score m├íximo es 5'[39m } ],
  path: [32m'/api/academic/evaluation-responses/4389e0df-97cd-49d4-b8e1-127dafe74e34/details/4fc7e9db-e314-4c9d-bcc9-2701bcfa84ac'[39m,
  method: [32m'PUT'[39m
}
2026-09-21 17:16:03 [32minfo[39m: PUT /api/academic/evaluation-responses/4389e0df-97cd-49d4-b8e1-127dafe74e34/details/4fc7e9db-e314-4c9d-bcc9-2701bcfa84ac 400 - 1ms
{
  requestId: [32m'bc3e55fe-dd8a-4212-95f0-3f1059008d95'[39m,
  ip: [32m'::ffff:127.0.0.1'[39m,
  userAgent: [90mundefined[39m
}
2026-09-21 17:16:03 [33mwarn[39m: Los datos enviados no son v├ílidos
{
  code: [32m'BAD_REQUEST'[39m,
  details: [
    {
      field: [32m'body.score'[39m,
      message: [32m'El score debe ser un n├║mero entero'[39m
    }
  ],
  path: [32m'/api/academic/evaluation-responses/4389e0df-97cd-49d4-b8e1-127dafe74e34/details/4fc7e9db-e314-4c9d-bcc9-2701bcfa84ac'[39m,
  method: [32m'PUT'[39m
}
2026-09-21 17:16:03 [32minfo[39m: PUT /api/academic/evaluation-responses/4389e0df-97cd-49d4-b8e1-127dafe74e34/details/4fc7e9db-e314-4c9d-bcc9-2701bcfa84ac 400 - 1ms
{
  requestId: [32m'58b57864-6059-4e58-b282-864aba8f7aad'[39m,
  ip: [32m'::ffff:127.0.0.1'[39m,
  userAgent: [90mundefined[39m
}
2026-09-21 17:16:03 [33mwarn[39m: Criterio no encontrado
{
  code: [32m'NOT_FOUND'[39m,
  details: [1mnull[22m,
  path: [32m'/api/academic/evaluation-responses/4389e0df-97cd-49d4-b8e1-127dafe74e34/details/0c65e837-c8be-4f23-a93e-57bae4f1eb12'[39m,
  method: [32m'PUT'[39m
}
2026-09-21 17:16:03 [32minfo[39m: PUT /api/academic/evaluation-responses/4389e0df-97cd-49d4-b8e1-127dafe74e34/details/0c65e837-c8be-4f23-a93e-57bae4f1eb12 404 - 2ms
{
  requestId: [32m'c7e69b07-7d3d-4e2f-9c35-a18b93c7331e'[39m,
  ip: [32m'::ffff:127.0.0.1'[39m,
  userAgent: [90mundefined[39m
}
2026-09-21 17:16:03 [33mwarn[39m: El criterio est├í inactivo y no puede recibir nuevas evaluaciones
{
  code: [32m'BAD_REQUEST'[39m,
  details: [1mnull[22m,
  path: [32m'/api/academic/evaluation-responses/4389e0df-97cd-49d4-b8e1-127dafe74e34/details/e6596a45-ba9b-4d20-8310-8d2ff09baff9'[39m,
  method: [32m'PUT'[39m
}
2026-09-21 17:16:03 [32minfo[39m: PUT /api/academic/evaluation-responses/4389e0df-97cd-49d4-b8e1-127dafe74e34/details/e6596a45-ba9b-4d20-8310-8d2ff09baff9 400 - 2ms
{
  requestId: [32m'4873af1b-4081-4643-8a8d-5982ac217e7a'[39m,
  ip: [32m'::ffff:127.0.0.1'[39m,
  userAgent: [90mundefined[39m
}
2026-09-21 17:16:03 [33mwarn[39m: El criterio no pertenece a esta organizaci├│n
{
  code: [32m'FORBIDDEN'[39m,
  details: [1mnull[22m,
  path: [32m'/api/academic/evaluation-responses/4389e0df-97cd-49d4-b8e1-127dafe74e34/details/161fcfcc-da2a-48e1-a70f-4b60b63632f2'[39m,
  method: [32m'PUT'[39m
}
2026-09-21 17:16:03 [32minfo[39m: PUT /api/academic/evaluation-responses/4389e0df-97cd-49d4-b8e1-127dafe74e34/details/161fcfcc-da2a-48e1-a70f-4b60b63632f2 403 - 2ms
{
  requestId: [32m'25efe698-2f63-40bc-a4e3-7ef55b379381'[39m,
  ip: [32m'::ffff:127.0.0.1'[39m,
  userAgent: [90mundefined[39m
}
2026-09-21 17:16:03 [33mwarn[39m: No tienes acceso a esta evaluaci├│n
{
  code: [32m'FORBIDDEN'[39m,
  details: [1mnull[22m,
  path: [32m'/api/academic/evaluation-responses/4389e0df-97cd-49d4-b8e1-127dafe74e34/details/4fc7e9db-e314-4c9d-bcc9-2701bcfa84ac'[39m,
  method: [32m'PUT'[39m
}
2026-09-21 17:16:03 [32minfo[39m: PUT /api/academic/evaluation-responses/4389e0df-97cd-49d4-b8e1-127dafe74e34/details/4fc7e9db-e314-4c9d-bcc9-2701bcfa84ac 403 - 3ms
{
  requestId: [32m'af533e5f-e0ab-4944-b5c7-dda237551f3a'[39m,
  ip: [32m'::ffff:127.0.0.1'[39m,
  userAgent: [90mundefined[39m
}
2026-09-21 17:16:03 [33mwarn[39m: Solo se pueden modificar detalles en evaluaciones en estado DRAFT
{
  code: [32m'CONFLICT'[39m,
  details: [1mnull[22m,
  path: [32m'/api/academic/evaluation-responses/eefce38c-1e65-4c0d-9071-45b8a41df104/details/3a719bb3-c8e8-4a55-9ba2-becc71e2606e'[39m,
  method: [32m'PUT'[39m
}
2026-09-21 17:16:03 [32minfo[39m: PUT /api/academic/evaluation-responses/eefce38c-1e65-4c0d-9071-45b8a41df104/details/3a719bb3-c8e8-4a55-9ba2-becc71e2606e 409 - 2ms
{
  requestId: [32m'1307a945-e43b-49c7-9600-138ae1b30232'[39m,
  ip: [32m'::ffff:127.0.0.1'[39m,
  userAgent: [90mundefined[39m
}
2026-09-21 17:16:03 [31merror[39m: Prisma Validation Error: 
Invalid `prisma.evaluationResponseDetail.findUnique()` invocation in
C:\campusvote\src\modules\academic\teachingEvaluation\evaluationResponseDetail.service.js:122:56

  119 await validateResponseForDetail(responseId, actor);
  120 
  121 // 2. Buscar detalle existente
ÔåÆ 122 const detail = await prisma.evaluationResponseDetail.findUnique({
        where: {
          evaluationResponseId_criterionId: {
          ~~~~~~~~~~~~~~~~~~~~~~~~~~~~~~~~
            evaluationResponseId: "4389e0df-97cd-49d4-b8e1-127dafe74e34",
            criterionId: "4fc7e9db-e314-4c9d-bcc9-2701bcfa84ac"
          },
      ?   id?: String,
      ?   uq_eval_response_details_response_criterion?: EvaluationResponseDetailUq_eval_response_details_response_criterionCompoundUniqueInput,
      ?   AND?: EvaluationResponseDetailWhereInput | EvaluationResponseDetailWhereInput[],
      ?   OR?: EvaluationResponseDetailWhereInput[],
      ?   NOT?: EvaluationResponseDetailWhereInput | EvaluationResponseDetailWhereInput[],
      ?   evaluationResponseId?: UuidFilter | String,
      ?   criterionId?: UuidFilter | String,
      ?   score?: IntFilter | Int,
      ?   createdAt?: DateTimeFilter | DateTime,
      ?   evaluationResponse?: EvaluationResponseScalarRelationFilter | EvaluationResponseWhereInput,
      ?   criterion?: EvaluationCriterionScalarRelationFilter | EvaluationCriterionWhereInput
        }
      })

Unknown argument `evaluationResponseId_criterionId`. Available options are marked with ?.
{
  path: [32m'/api/academic/evaluation-responses/4389e0df-97cd-49d4-b8e1-127dafe74e34/details/4fc7e9db-e314-4c9d-bcc9-2701bcfa84ac'[39m,
  method: [32m'DELETE'[39m
}
2026-09-21 17:16:03 [32minfo[39m: DELETE /api/academic/evaluation-responses/4389e0df-97cd-49d4-b8e1-127dafe74e34/details/4fc7e9db-e314-4c9d-bcc9-2701bcfa84ac 400 - 14ms
{
  requestId: [32m'8e5756c2-2f87-4afc-bbbf-067ca6e2215c'[39m,
  ip: [32m'::ffff:127.0.0.1'[39m,
  userAgent: [90mundefined[39m
}
2026-09-21 17:16:03 [32minfo[39m: GET /api/academic/evaluation-responses/4389e0df-97cd-49d4-b8e1-127dafe74e34/details 200 - 6ms
{
  requestId: [32m'b83118c9-9520-45c4-9fa3-6667dc03e9f9'[39m,
  ip: [32m'::ffff:127.0.0.1'[39m,
  userAgent: [90mundefined[39m
}
2026-09-21 17:16:03 [33mwarn[39m: No tienes acceso a esta evaluaci├│n
{
  code: [32m'FORBIDDEN'[39m,
  details: [1mnull[22m,
  path: [32m'/api/academic/evaluation-responses/b7e6e2dd-96c8-45de-8faf-b72312edee4c'[39m,
  method: [32m'GET'[39m
}
2026-09-21 17:16:03 [32minfo[39m: GET /api/academic/evaluation-responses/b7e6e2dd-96c8-45de-8faf-b72312edee4c 403 - 5ms
{
  requestId: [32m'8628ddf4-939f-4375-ab04-8fe3b3b5de40'[39m,
  ip: [32m'::ffff:127.0.0.1'[39m,
  userAgent: [90mundefined[39m
}
2026-09-21 17:16:03 [33mwarn[39m: No tienes acceso a esta evaluaci├│n
{
  code: [32m'FORBIDDEN'[39m,
  details: [1mnull[22m,
  path: [32m'/api/academic/evaluation-responses/b7e6e2dd-96c8-45de-8faf-b72312edee4c/details'[39m,
  method: [32m'GET'[39m
}
2026-09-21 17:16:03 [32minfo[39m: GET /api/academic/evaluation-responses/b7e6e2dd-96c8-45de-8faf-b72312edee4c/details 403 - 3ms
{
  requestId: [32m'2d47ad25-dad1-45e4-b10f-b543e4c4727d'[39m,
  ip: [32m'::ffff:127.0.0.1'[39m,
  userAgent: [90mundefined[39m
}
2026-09-21 17:16:03 [33mwarn[39m: No tienes acceso a esta evaluaci├│n
{
  code: [32m'FORBIDDEN'[39m,
  details: [1mnull[22m,
  path: [32m'/api/academic/evaluation-responses/b7e6e2dd-96c8-45de-8faf-b72312edee4c/details/92f9f1f9-fda9-4eab-925f-088425f6bbe1'[39m,
  method: [32m'PUT'[39m
}
2026-09-21 17:16:03 [32minfo[39m: PUT /api/academic/evaluation-responses/b7e6e2dd-96c8-45de-8faf-b72312edee4c/details/92f9f1f9-fda9-4eab-925f-088425f6bbe1 403 - 2ms
{
  requestId: [32m'be338ffa-f407-4074-8694-4a2bf7d92232'[39m,
  ip: [32m'::ffff:127.0.0.1'[39m,
  userAgent: [90mundefined[39m
}
2026-09-21 17:16:03 [33mwarn[39m: No tienes acceso a esta evaluaci├│n
{
  code: [32m'FORBIDDEN'[39m,
  details: [1mnull[22m,
  path: [32m'/api/academic/evaluation-responses/b7e6e2dd-96c8-45de-8faf-b72312edee4c/details/92f9f1f9-fda9-4eab-925f-088425f6bbe1'[39m,
  method: [32m'DELETE'[39m
}
2026-09-21 17:16:03 [32minfo[39m: DELETE /api/academic/evaluation-responses/b7e6e2dd-96c8-45de-8faf-b72312edee4c/details/92f9f1f9-fda9-4eab-925f-088425f6bbe1 403 - 1ms
{
  requestId: [32m'0a7deab0-5ef1-48db-b7cc-b97134754a5d'[39m,
  ip: [32m'::ffff:127.0.0.1'[39m,
  userAgent: [90mundefined[39m
}
2026-09-21 17:16:03 [33mwarn[39m: No tienes acceso a esta evaluaci├│n
{
  code: [32m'FORBIDDEN'[39m,
  details: [1mnull[22m,
  path: [32m'/api/academic/evaluation-responses/b7e6e2dd-96c8-45de-8faf-b72312edee4c/comment'[39m,
  method: [32m'PATCH'[39m
}
2026-09-21 17:16:03 [32minfo[39m: PATCH /api/academic/evaluation-responses/b7e6e2dd-96c8-45de-8faf-b72312edee4c/comment 403 - 2ms
{
  requestId: [32m'47c4a214-01d2-4c4f-9a88-f90adf19cfc4'[39m,
  ip: [32m'::ffff:127.0.0.1'[39m,
  userAgent: [90mundefined[39m
}
2026-09-21 17:16:03 [33mwarn[39m: No tienes acceso a esta evaluaci├│n
{
  code: [32m'FORBIDDEN'[39m,
  details: [1mnull[22m,
  path: [32m'/api/academic/evaluation-responses/b7e6e2dd-96c8-45de-8faf-b72312edee4c'[39m,
  method: [32m'DELETE'[39m
}
2026-09-21 17:16:03 [32minfo[39m: DELETE /api/academic/evaluation-responses/b7e6e2dd-96c8-45de-8faf-b72312edee4c 403 - 2ms
{
  requestId: [32m'e8ba5d9b-67a0-452c-858a-8cdc074f0e05'[39m,
  ip: [32m'::ffff:127.0.0.1'[39m,
  userAgent: [90mundefined[39m
}
2026-09-21 17:16:03 [33mwarn[39m: No tienes acceso a esta evaluaci├│n
{
  code: [32m'FORBIDDEN'[39m,
  details: [1mnull[22m,
  path: [32m'/api/academic/evaluation-responses/b7e6e2dd-96c8-45de-8faf-b72312edee4c/submit'[39m,
  method: [32m'POST'[39m
}
2026-09-21 17:16:03 [32minfo[39m: POST /api/academic/evaluation-responses/b7e6e2dd-96c8-45de-8faf-b72312edee4c/submit 403 - 2ms
{
  requestId: [32m'54136cd4-cb89-453e-bd4f-9f66d30fb09e'[39m,
  ip: [32m'::ffff:127.0.0.1'[39m,
  userAgent: [90mundefined[39m
}
2026-09-21 17:16:03 [31merror[39m: Prisma Validation Error: 
Invalid `prisma.evaluationResponseDetail.upsert()` invocation in
C:\campusvote\src\modules\academic\teachingEvaluation\evaluationResponseDetail.service.js:92:50

  89 
  90 // 4. Upsert (create o update)
  91 try {
ÔåÆ 92   return await prisma.evaluationResponseDetail.upsert({
         where: {
           evaluationResponseId_criterionId: {
           ~~~~~~~~~~~~~~~~~~~~~~~~~~~~~~~~
             evaluationResponseId: "717812e7-9518-4097-a3f3-e8082f1fd29e",
             criterionId: "bc3fe545-8778-4dfd-986a-72c732b59c38"
           },
       ?   id?: String,
       ?   uq_eval_response_details_response_criterion?: EvaluationResponseDetailUq_eval_response_details_response_criterionCompoundUniqueInput,
       ?   AND?: EvaluationResponseDetailWhereInput | EvaluationResponseDetailWhereInput[],
       ?   OR?: EvaluationResponseDetailWhereInput[],
       ?   NOT?: EvaluationResponseDetailWhereInput | EvaluationResponseDetailWhereInput[],
       ?   evaluationResponseId?: UuidFilter | String,
       ?   criterionId?: UuidFilter | String,
       ?   score?: IntFilter | Int,
       ?   createdAt?: DateTimeFilter | DateTime,
       ?   evaluationResponse?: EvaluationResponseScalarRelationFilter | EvaluationResponseWhereInput,
       ?   criterion?: EvaluationCriterionScalarRelationFilter | EvaluationCriterionWhereInput
         },
         update: {
           score: 4
         },
         create: {
           evaluationResponseId: "717812e7-9518-4097-a3f3-e8082f1fd29e",
           criterionId: "bc3fe545-8778-4dfd-986a-72c732b59c38",
           score: 4
         }
       })

Unknown argument `evaluationResponseId_criterionId`. Available options are marked with ?.
{
  path: [32m'/api/academic/evaluation-responses/717812e7-9518-4097-a3f3-e8082f1fd29e/details/bc3fe545-8778-4dfd-986a-72c732b59c38'[39m,
  method: [32m'PUT'[39m
}
2026-09-21 17:16:03 [32minfo[39m: PUT /api/academic/evaluation-responses/717812e7-9518-4097-a3f3-e8082f1fd29e/details/bc3fe545-8778-4dfd-986a-72c732b59c38 400 - 3ms
{
  requestId: [32m'e143f0c4-8c69-4a6e-b09e-97a4bc65b85c'[39m,
  ip: [32m'::ffff:127.0.0.1'[39m,
  userAgent: [90mundefined[39m
}
2026-09-21 17:16:03 [33mwarn[39m: El criterio est├í inactivo y no puede recibir nuevas evaluaciones
{
  code: [32m'BAD_REQUEST'[39m,
  details: [1mnull[22m,
  path: [32m'/api/academic/evaluation-responses/717812e7-9518-4097-a3f3-e8082f1fd29e/details/1c1f43bb-a515-42a9-964c-95ab6ee3aa9a'[39m,
  method: [32m'PUT'[39m
}
2026-09-21 17:16:03 [32minfo[39m: PUT /api/academic/evaluation-responses/717812e7-9518-4097-a3f3-e8082f1fd29e/details/1c1f43bb-a515-42a9-964c-95ab6ee3aa9a 400 - 2ms
{
  requestId: [32m'3d261a51-6df4-4a31-ac99-4acd7b43c2f7'[39m,
  ip: [32m'::ffff:127.0.0.1'[39m,
  userAgent: [90mundefined[39m
}
2026-09-21 17:16:03 [33mwarn[39m: El criterio est├í inactivo y no puede recibir nuevas evaluaciones
{
  code: [32m'BAD_REQUEST'[39m,
  details: [1mnull[22m,
  path: [32m'/api/academic/evaluation-responses/717812e7-9518-4097-a3f3-e8082f1fd29e/details/bc3fe545-8778-4dfd-986a-72c732b59c38'[39m,
  method: [32m'PUT'[39m
}
2026-09-21 17:16:03 [32minfo[39m: PUT /api/academic/evaluation-responses/717812e7-9518-4097-a3f3-e8082f1fd29e/details/bc3fe545-8778-4dfd-986a-72c732b59c38 400 - 2ms
{
  requestId: [32m'a0fd353c-46c6-4521-98aa-23312bab6331'[39m,
  ip: [32m'::ffff:127.0.0.1'[39m,
  userAgent: [90mundefined[39m
}
2026-09-21 17:16:03 [31merror[39m: Prisma Validation Error: 
Invalid `prisma.evaluationResponseDetail.upsert()` invocation in
C:\campusvote\src\modules\academic\teachingEvaluation\evaluationResponseDetail.service.js:92:50

  89 
  90 // 4. Upsert (create o update)
  91 try {
ÔåÆ 92   return await prisma.evaluationResponseDetail.upsert({
         where: {
           evaluationResponseId_criterionId: {
           ~~~~~~~~~~~~~~~~~~~~~~~~~~~~~~~~
             evaluationResponseId: "717812e7-9518-4097-a3f3-e8082f1fd29e",
             criterionId: "1d187b27-f7ae-4c8b-8903-d9b5aa940808"
           },
       ?   id?: String,
       ?   uq_eval_response_details_response_criterion?: EvaluationResponseDetailUq_eval_response_details_response_criterionCompoundUniqueInput,
       ?   AND?: EvaluationResponseDetailWhereInput | EvaluationResponseDetailWhereInput[],
       ?   OR?: EvaluationResponseDetailWhereInput[],
       ?   NOT?: EvaluationResponseDetailWhereInput | EvaluationResponseDetailWhereInput[],
       ?   evaluationResponseId?: UuidFilter | String,
       ?   criterionId?: UuidFilter | String,
       ?   score?: IntFilter | Int,
       ?   createdAt?: DateTimeFilter | DateTime,
       ?   evaluationResponse?: EvaluationResponseScalarRelationFilter | EvaluationResponseWhereInput,
       ?   criterion?: EvaluationCriterionScalarRelationFilter | EvaluationCriterionWhereInput
         },
         update: {
           score: 5
         },
         create: {
           evaluationResponseId: "717812e7-9518-4097-a3f3-e8082f1fd29e",
           criterionId: "1d187b27-f7ae-4c8b-8903-d9b5aa940808",
           score: 5
         }
       })

Unknown argument `evaluationResponseId_criterionId`. Available options are marked with ?.
{
  path: [32m'/api/academic/evaluation-responses/717812e7-9518-4097-a3f3-e8082f1fd29e/details/1d187b27-f7ae-4c8b-8903-d9b5aa940808'[39m,
  method: [32m'PUT'[39m
}
2026-09-21 17:16:03 [32minfo[39m: PUT /api/academic/evaluation-responses/717812e7-9518-4097-a3f3-e8082f1fd29e/details/1d187b27-f7ae-4c8b-8903-d9b5aa940808 400 - 3ms
{
  requestId: [32m'1765b072-bf67-47c3-b5e2-0f26433a0fa4'[39m,
  ip: [32m'::ffff:127.0.0.1'[39m,
  userAgent: [90mundefined[39m
}
2026-09-21 17:16:03 [33mwarn[39m: Faltan criterios obligatorios: ActiveForDetail, Claridad Mejorada, DetailCritA, DetailCritB, DupBlockCrit, Duplicado, NewActiveForSubmit, OwnershipCrit, ToggleTest, WithDetails
{
  code: [32m'BAD_REQUEST'[39m,
  details: [1mnull[22m,
  path: [32m'/api/academic/evaluation-responses/70457b4a-ff14-4e1d-a8bd-22da74a7c4f7/submit'[39m,
  method: [32m'POST'[39m
}
2026-09-21 17:16:03 [32minfo[39m: POST /api/academic/evaluation-responses/70457b4a-ff14-4e1d-a8bd-22da74a7c4f7/submit 400 - 4ms
{
  requestId: [32m'ac55b6dd-31d9-4573-92e7-a18756e003eb'[39m,
  ip: [32m'::ffff:127.0.0.1'[39m,
  userAgent: [90mundefined[39m
}
2026-09-21 17:16:03 [33mwarn[39m: La evaluaci├│n debe tener al menos un criterio evaluado
{
  code: [32m'BAD_REQUEST'[39m,
  details: [1mnull[22m,
  path: [32m'/api/academic/evaluation-responses/d39d73c4-a002-41e6-b7e3-b9768aebb6b9/submit'[39m,
  method: [32m'POST'[39m
}
2026-09-21 17:16:03 [32minfo[39m: POST /api/academic/evaluation-responses/d39d73c4-a002-41e6-b7e3-b9768aebb6b9/submit 400 - 2ms
{
  requestId: [32m'6f4c1c1b-1a6d-4a9f-8efa-5b4d0d757798'[39m,
  ip: [32m'::ffff:127.0.0.1'[39m,
  userAgent: [90mundefined[39m
}
2026-09-21 17:16:03 [33mwarn[39m: La evaluaci├│n debe tener al menos un criterio evaluado
{
  code: [32m'BAD_REQUEST'[39m,
  details: [1mnull[22m,
  path: [32m'/api/academic/evaluation-responses/59e0c1fe-42c7-4d62-ae43-570d25f827eb/submit'[39m,
  method: [32m'POST'[39m
}
2026-09-21 17:16:03 [32minfo[39m: POST /api/academic/evaluation-responses/59e0c1fe-42c7-4d62-ae43-570d25f827eb/submit 400 - 2ms
{
  requestId: [32m'7c6a0819-b42a-4caa-8fb9-b810eb9d9d19'[39m,
  ip: [32m'::ffff:127.0.0.1'[39m,
  userAgent: [90mundefined[39m
}
2026-09-21 17:16:03 [33mwarn[39m: Solo se pueden modificar detalles en evaluaciones en estado DRAFT
{
  code: [32m'CONFLICT'[39m,
  details: [1mnull[22m,
  path: [32m'/api/academic/evaluation-responses/a746fda2-3b13-4145-b46d-662f7cf7582b/details/270f8bd5-ca8e-445a-a4c5-9dfb80dca5a6'[39m,
  method: [32m'PUT'[39m
}
2026-09-21 17:16:03 [32minfo[39m: PUT /api/academic/evaluation-responses/a746fda2-3b13-4145-b46d-662f7cf7582b/details/270f8bd5-ca8e-445a-a4c5-9dfb80dca5a6 409 - 1ms
{
  requestId: [32m'ecf8279c-0382-47ef-83fc-cf2079e17c53'[39m,
  ip: [32m'::ffff:127.0.0.1'[39m,
  userAgent: [90mundefined[39m
}
2026-09-21 17:16:03 [33mwarn[39m: Solo se pueden modificar detalles en evaluaciones en estado DRAFT
{
  code: [32m'CONFLICT'[39m,
  details: [1mnull[22m,
  path: [32m'/api/academic/evaluation-responses/a746fda2-3b13-4145-b46d-662f7cf7582b/details/270f8bd5-ca8e-445a-a4c5-9dfb80dca5a6'[39m,
  method: [32m'DELETE'[39m
}
2026-09-21 17:16:03 [32minfo[39m: DELETE /api/academic/evaluation-responses/a746fda2-3b13-4145-b46d-662f7cf7582b/details/270f8bd5-ca8e-445a-a4c5-9dfb80dca5a6 409 - 1ms
{
  requestId: [32m'7c76c18b-51c6-4b96-82e7-f7b581b90f5f'[39m,
  ip: [32m'::ffff:127.0.0.1'[39m,
  userAgent: [90mundefined[39m
}
2026-09-21 17:16:03 [33mwarn[39m: Solo se pueden modificar evaluaciones en estado DRAFT
{
  code: [32m'CONFLICT'[39m,
  details: [1mnull[22m,
  path: [32m'/api/academic/evaluation-responses/a746fda2-3b13-4145-b46d-662f7cf7582b/comment'[39m,
  method: [32m'PATCH'[39m
}
2026-09-21 17:16:03 [32minfo[39m: PATCH /api/academic/evaluation-responses/a746fda2-3b13-4145-b46d-662f7cf7582b/comment 409 - 2ms
{
  requestId: [32m'540dfed9-53d5-4fc5-bbd1-d3167316e5ef'[39m,
  ip: [32m'::ffff:127.0.0.1'[39m,
  userAgent: [90mundefined[39m
}
2026-09-21 17:16:03 [33mwarn[39m: Solo se pueden modificar evaluaciones en estado DRAFT
{
  code: [32m'CONFLICT'[39m,
  details: [1mnull[22m,
  path: [32m'/api/academic/evaluation-responses/a746fda2-3b13-4145-b46d-662f7cf7582b'[39m,
  method: [32m'DELETE'[39m
}
2026-09-21 17:16:03 [32minfo[39m: DELETE /api/academic/evaluation-responses/a746fda2-3b13-4145-b46d-662f7cf7582b 409 - 1ms
{
  requestId: [32m'5abda87b-ce97-481c-ae41-ea1038ded252'[39m,
  ip: [32m'::ffff:127.0.0.1'[39m,
  userAgent: [90mundefined[39m
}
2026-09-21 17:16:03 [33mwarn[39m: Solo se pueden modificar evaluaciones en estado DRAFT
{
  code: [32m'CONFLICT'[39m,
  details: [1mnull[22m,
  path: [32m'/api/academic/evaluation-responses/a746fda2-3b13-4145-b46d-662f7cf7582b/submit'[39m,
  method: [32m'POST'[39m
}
2026-09-21 17:16:03 [32minfo[39m: POST /api/academic/evaluation-responses/a746fda2-3b13-4145-b46d-662f7cf7582b/submit 409 - 1ms
{
  requestId: [32m'8f8dbfdd-e613-4ecd-b95a-259f9d365357'[39m,
  ip: [32m'::ffff:127.0.0.1'[39m,
  userAgent: [90mundefined[39m
}
2026-09-21 17:16:03 [32minfo[39m: PATCH /api/academic/evaluation-responses/d9450d51-a7d2-408f-baea-c43a0e369547/comment 200 - 2ms
{
  requestId: [32m'90aa3579-1c62-4913-adeb-2105f24f78a9'[39m,
  ip: [32m'::ffff:127.0.0.1'[39m,
  userAgent: [90mundefined[39m
}
2026-09-21 17:16:03 [32minfo[39m: PATCH /api/academic/evaluation-responses/d9450d51-a7d2-408f-baea-c43a0e369547/comment 200 - 5ms
{
  requestId: [32m'f8a5959a-d87d-4fbb-9038-241d86591b7b'[39m,
  ip: [32m'::ffff:127.0.0.1'[39m,
  userAgent: [90mundefined[39m
}
2026-09-21 17:16:03 [32minfo[39m: PATCH /api/academic/evaluation-responses/d9450d51-a7d2-408f-baea-c43a0e369547/comment 200 - 3ms
{
  requestId: [32m'5d1a916f-4e7a-41d9-b93c-3b9150a2767b'[39m,
  ip: [32m'::ffff:127.0.0.1'[39m,
  userAgent: [90mundefined[39m
}
2026-09-21 17:16:04 [33mwarn[39m: No tienes acceso a esta evaluaci├│n
{
  code: [32m'FORBIDDEN'[39m,
  details: [1mnull[22m,
  path: [32m'/api/academic/evaluation-responses/d9450d51-a7d2-408f-baea-c43a0e369547/comment'[39m,
  method: [32m'PATCH'[39m
}
2026-09-21 17:16:04 [32minfo[39m: PATCH /api/academic/evaluation-responses/d9450d51-a7d2-408f-baea-c43a0e369547/comment 403 - 1ms
{
  requestId: [32m'9babc111-d6f1-40c3-a4a6-638c7ea5131e'[39m,
  ip: [32m'::ffff:127.0.0.1'[39m,
  userAgent: [90mundefined[39m
}
2026-09-21 17:16:04 [33mwarn[39m: Los datos enviados no son v├ílidos
{
  code: [32m'BAD_REQUEST'[39m,
  details: [
    {
      field: [32m'body.comment'[39m,
      message: [32m'El comentario no puede exceder los 2000 caracteres'[39m
    }
  ],
  path: [32m'/api/academic/evaluation-responses/d9450d51-a7d2-408f-baea-c43a0e369547/comment'[39m,
  method: [32m'PATCH'[39m
}
2026-09-21 17:16:04 [32minfo[39m: PATCH /api/academic/evaluation-responses/d9450d51-a7d2-408f-baea-c43a0e369547/comment 400 - 1ms
{
  requestId: [32m'd9a12773-e210-468d-a68a-7fd2a78b1cea'[39m,
  ip: [32m'::ffff:127.0.0.1'[39m,
  userAgent: [90mundefined[39m
}
  console.warn
    [authorizeTenant] SUPERADMIN detectado en una ruta de tenant. Migra a authorizePlatform().

    [0m [90m 133 |[39m     [90m// regresi├│n silenciosa al patr├│n anterior.[39m
     [90m 134 |[39m     [36mif[39m (process[33m.[39menv[33m.[39m[33mNODE_ENV[39m [33m!==[39m [32m'production'[39m) {
    [31m[1m>[22m[39m[90m 135 |[39m       console[33m.[39mwarn(
     [90m     |[39m               [31m[1m^[22m[39m
     [90m 136 |[39m         [32m'[authorizeTenant] SUPERADMIN detectado en una ruta de tenant. Migra a authorizePlatform().'[39m
     [90m 137 |[39m       )[33m;[39m
     [90m 138 |[39m     }[0m

      at src/middlewares/auth.middleware.js:135:15
      at Layer.handleRequest (node_modules/router/lib/layer.js:152:17)
      at next (node_modules/router/lib/route.js:157:13)
      at src/middlewares/auth.middleware.js:56:12
      at Layer.handleRequest (node_modules/router/lib/layer.js:152:17)
      at next (node_modules/router/lib/route.js:157:13)
      at Route.dispatch (node_modules/router/lib/route.js:117:3)
      at handle (node_modules/router/index.js:435:11)
      at Layer.handleRequest (node_modules/router/lib/layer.js:152:17)
      at node_modules/router/index.js:295:15
      at param (node_modules/router/index.js:600:14)
      at param (node_modules/router/index.js:610:14)
      at processParams (node_modules/router/index.js:664:3)
      at next (node_modules/router/index.js:291:5)
      at router.handle (node_modules/router/index.js:186:3)
      at router (node_modules/router/index.js:60:12)
      at Layer.handleRequest (node_modules/router/lib/layer.js:152:17)
      at trimPrefix (node_modules/router/index.js:342:13)
      at node_modules/router/index.js:297:9
      at processParams (node_modules/router/index.js:582:12)
      at next (node_modules/router/index.js:291:5)
      at router.handle (node_modules/router/index.js:186:3)
      at router (node_modules/router/index.js:60:12)
      at Layer.handleRequest (node_modules/router/lib/layer.js:152:17)
      at trimPrefix (node_modules/router/index.js:342:13)
      at node_modules/router/index.js:297:9
      at processParams (node_modules/router/index.js:582:12)
      at next (node_modules/router/index.js:291:5)
      at blockSuperAdminFromTenantRoutes (src/middlewares/platformBoundary.middleware.js:33:12)
      at Layer.handleRequest (node_modules/router/lib/layer.js:152:17)
      at trimPrefix (node_modules/router/index.js:342:13)
      at node_modules/router/index.js:297:9
      at processParams (node_modules/router/index.js:582:12)
      at next (node_modules/router/index.js:291:5)
      at src/middlewares/auth.middleware.js:56:12
      at Layer.handleRequest (node_modules/router/lib/layer.js:152:17)
      at trimPrefix (node_modules/router/index.js:342:13)
      at node_modules/router/index.js:297:9
      at processParams (node_modules/router/index.js:582:12)
      at next (node_modules/router/index.js:291:5)
      at router.handle (node_modules/router/index.js:186:3)
      at router (node_modules/router/index.js:60:12)
      at Layer.handleRequest (node_modules/router/lib/layer.js:152:17)
      at trimPrefix (node_modules/router/index.js:342:13)
      at node_modules/router/index.js:297:9
      at processParams (node_modules/router/index.js:582:12)
      at next (node_modules/router/index.js:291:5)
      at node_modules/router/index.js:688:15
      at next (node_modules/router/index.js:276:14)
      at router.handle (node_modules/router/index.js:186:3)
      at router (node_modules/router/index.js:60:12)
      at Layer.handleRequest (node_modules/router/lib/layer.js:152:17)
      at trimPrefix (node_modules/router/index.js:342:13)
      at node_modules/router/index.js:297:9
      at processParams (node_modules/router/index.js:582:12)
      at next (node_modules/router/index.js:291:5)
      at node_modules/router/index.js:688:15
      at next (node_modules/router/index.js:276:14)
      at router.handle (node_modules/router/index.js:186:3)
      at router (node_modules/router/index.js:60:12)
      at Layer.handleRequest (node_modules/router/lib/layer.js:152:17)
      at trimPrefix (node_modules/router/index.js:342:13)
      at node_modules/router/index.js:297:9
      at processParams (node_modules/router/index.js:582:12)
      at next (node_modules/router/index.js:291:5)
      at node_modules/router/index.js:688:15
      at next (node_modules/router/index.js:276:14)
      at router.handle (node_modules/router/index.js:186:3)
      at router (node_modules/router/index.js:60:12)
      at Layer.handleRequest (node_modules/router/lib/layer.js:152:17)
      at trimPrefix (node_modules/router/index.js:342:13)
      at node_modules/router/index.js:297:9
      at processParams (node_modules/router/index.js:582:12)
      at next (node_modules/router/index.js:291:5)
      at node_modules/router/index.js:688:15
      at next (node_modules/router/index.js:276:14)
      at router.handle (node_modules/router/index.js:186:3)
      at router (node_modules/router/index.js:60:12)
      at Layer.handleRequest (node_modules/router/lib/layer.js:152:17)
      at trimPrefix (node_modules/router/index.js:342:13)
      at node_modules/router/index.js:297:9
      at processParams (node_modules/router/index.js:582:12)
      at next (node_modules/router/index.js:291:5)
      at router.handle (node_modules/router/index.js:186:3)
      at router (node_modules/router/index.js:60:12)
      at Layer.handleRequest (node_modules/router/lib/layer.js:152:17)
      at trimPrefix (node_modules/router/index.js:342:13)
      at node_modules/router/index.js:297:9
      at processParams (node_modules/router/index.js:582:12)
      at next (node_modules/router/index.js:291:5)
      at SendStream.error (node_modules/serve-static/index.js:120:7)
      at SendStream.error (node_modules/send/index.js:168:17)
      at SendStream.onStatError (node_modules/send/index.js:315:12)
      at next (node_modules/send/index.js:621:16)
      at onstat (node_modules/send/index.js:609:14)

2026-09-21 17:16:04 [32minfo[39m: GET /api/academic/evaluation-results/teacher/da03db85-b490-4fff-910f-156d846d492e/summary 200 - 7ms
{
  requestId: [32m'ae1b2d9d-e2e3-4290-9f80-4b42dff8b700'[39m,
  ip: [32m'::ffff:127.0.0.1'[39m,
  userAgent: [90mundefined[39m
}
  console.warn
    [authorizeTenant] SUPERADMIN detectado en una ruta de tenant. Migra a authorizePlatform().

    [0m [90m 133 |[39m     [90m// regresi├│n silenciosa al patr├│n anterior.[39m
     [90m 134 |[39m     [36mif[39m (process[33m.[39menv[33m.[39m[33mNODE_ENV[39m [33m!==[39m [32m'production'[39m) {
    [31m[1m>[22m[39m[90m 135 |[39m       console[33m.[39mwarn(
     [90m     |[39m               [31m[1m^[22m[39m
     [90m 136 |[39m         [32m'[authorizeTenant] SUPERADMIN detectado en una ruta de tenant. Migra a authorizePlatform().'[39m
     [90m 137 |[39m       )[33m;[39m
     [90m 138 |[39m     }[0m

      at src/middlewares/auth.middleware.js:135:15
      at Layer.handleRequest (node_modules/router/lib/layer.js:152:17)
      at next (node_modules/router/lib/route.js:157:13)
      at src/middlewares/auth.middleware.js:56:12
      at Layer.handleRequest (node_modules/router/lib/layer.js:152:17)
      at next (node_modules/router/lib/route.js:157:13)
      at Route.dispatch (node_modules/router/lib/route.js:117:3)
      at handle (node_modules/router/index.js:435:11)
      at Layer.handleRequest (node_modules/router/lib/layer.js:152:17)
      at node_modules/router/index.js:295:15
      at param (node_modules/router/index.js:600:14)
      at param (node_modules/router/index.js:610:14)
      at processParams (node_modules/router/index.js:664:3)
      at next (node_modules/router/index.js:291:5)
      at router.handle (node_modules/router/index.js:186:3)
      at router (node_modules/router/index.js:60:12)
      at Layer.handleRequest (node_modules/router/lib/layer.js:152:17)
      at trimPrefix (node_modules/router/index.js:342:13)
      at node_modules/router/index.js:297:9
      at processParams (node_modules/router/index.js:582:12)
      at next (node_modules/router/index.js:291:5)
      at router.handle (node_modules/router/index.js:186:3)
      at router (node_modules/router/index.js:60:12)
      at Layer.handleRequest (node_modules/router/lib/layer.js:152:17)
      at trimPrefix (node_modules/router/index.js:342:13)
      at node_modules/router/index.js:297:9
      at processParams (node_modules/router/index.js:582:12)
      at next (node_modules/router/index.js:291:5)
      at blockSuperAdminFromTenantRoutes (src/middlewares/platformBoundary.middleware.js:33:12)
      at Layer.handleRequest (node_modules/router/lib/layer.js:152:17)
      at trimPrefix (node_modules/router/index.js:342:13)
      at node_modules/router/index.js:297:9
      at processParams (node_modules/router/index.js:582:12)
      at next (node_modules/router/index.js:291:5)
      at src/middlewares/auth.middleware.js:56:12
      at Layer.handleRequest (node_modules/router/lib/layer.js:152:17)
      at trimPrefix (node_modules/router/index.js:342:13)
      at node_modules/router/index.js:297:9
      at processParams (node_modules/router/index.js:582:12)
      at next (node_modules/router/index.js:291:5)
      at router.handle (node_modules/router/index.js:186:3)
      at router (node_modules/router/index.js:60:12)
      at Layer.handleRequest (node_modules/router/lib/layer.js:152:17)
      at trimPrefix (node_modules/router/index.js:342:13)
      at node_modules/router/index.js:297:9
      at processParams (node_modules/router/index.js:582:12)
      at next (node_modules/router/index.js:291:5)
      at node_modules/router/index.js:688:15
      at next (node_modules/router/index.js:276:14)
      at router.handle (node_modules/router/index.js:186:3)
      at router (node_modules/router/index.js:60:12)
      at Layer.handleRequest (node_modules/router/lib/layer.js:152:17)
      at trimPrefix (node_modules/router/index.js:342:13)
      at node_modules/router/index.js:297:9
      at processParams (node_modules/router/index.js:582:12)
      at next (node_modules/router/index.js:291:5)
      at node_modules/router/index.js:688:15
      at next (node_modules/router/index.js:276:14)
      at router.handle (node_modules/router/index.js:186:3)
      at router (node_modules/router/index.js:60:12)
      at Layer.handleRequest (node_modules/router/lib/layer.js:152:17)
      at trimPrefix (node_modules/router/index.js:342:13)
      at node_modules/router/index.js:297:9
      at processParams (node_modules/router/index.js:582:12)
      at next (node_modules/router/index.js:291:5)
      at node_modules/router/index.js:688:15
      at next (node_modules/router/index.js:276:14)
      at router.handle (node_modules/router/index.js:186:3)
      at router (node_modules/router/index.js:60:12)
      at Layer.handleRequest (node_modules/router/lib/layer.js:152:17)
      at trimPrefix (node_modules/router/index.js:342:13)
      at node_modules/router/index.js:297:9
      at processParams (node_modules/router/index.js:582:12)
      at next (node_modules/router/index.js:291:5)
      at node_modules/router/index.js:688:15
      at next (node_modules/router/index.js:276:14)
      at router.handle (node_modules/router/index.js:186:3)
      at router (node_modules/router/index.js:60:12)
      at Layer.handleRequest (node_modules/router/lib/layer.js:152:17)
      at trimPrefix (node_modules/router/index.js:342:13)
      at node_modules/router/index.js:297:9
      at processParams (node_modules/router/index.js:582:12)
      at next (node_modules/router/index.js:291:5)
      at router.handle (node_modules/router/index.js:186:3)
      at router (node_modules/router/index.js:60:12)
      at Layer.handleRequest (node_modules/router/lib/layer.js:152:17)
      at trimPrefix (node_modules/router/index.js:342:13)
      at node_modules/router/index.js:297:9
      at processParams (node_modules/router/index.js:582:12)
      at next (node_modules/router/index.js:291:5)
      at SendStream.error (node_modules/serve-static/index.js:120:7)
      at SendStream.error (node_modules/send/index.js:168:17)
      at SendStream.onStatError (node_modules/send/index.js:315:12)
      at next (node_modules/send/index.js:621:16)
      at onstat (node_modules/send/index.js:609:14)

2026-09-21 17:16:04 [32minfo[39m: GET /api/academic/evaluation-results/teacher/da03db85-b490-4fff-910f-156d846d492e/summary 200 - 14ms
{
  requestId: [32m'd020e910-f9e6-4575-baad-3a7e60776003'[39m,
  ip: [32m'::ffff:127.0.0.1'[39m,
  userAgent: [90mundefined[39m
}
  console.warn
    [authorizeTenant] SUPERADMIN detectado en una ruta de tenant. Migra a authorizePlatform().

    [0m [90m 133 |[39m     [90m// regresi├│n silenciosa al patr├│n anterior.[39m
     [90m 134 |[39m     [36mif[39m (process[33m.[39menv[33m.[39m[33mNODE_ENV[39m [33m!==[39m [32m'production'[39m) {
    [31m[1m>[22m[39m[90m 135 |[39m       console[33m.[39mwarn(
     [90m     |[39m               [31m[1m^[22m[39m
     [90m 136 |[39m         [32m'[authorizeTenant] SUPERADMIN detectado en una ruta de tenant. Migra a authorizePlatform().'[39m
     [90m 137 |[39m       )[33m;[39m
     [90m 138 |[39m     }[0m

      at src/middlewares/auth.middleware.js:135:15
      at Layer.handleRequest (node_modules/router/lib/layer.js:152:17)
      at next (node_modules/router/lib/route.js:157:13)
      at src/middlewares/auth.middleware.js:56:12
      at Layer.handleRequest (node_modules/router/lib/layer.js:152:17)
      at next (node_modules/router/lib/route.js:157:13)
      at Route.dispatch (node_modules/router/lib/route.js:117:3)
      at handle (node_modules/router/index.js:435:11)
      at Layer.handleRequest (node_modules/router/lib/layer.js:152:17)
      at node_modules/router/index.js:295:15
      at param (node_modules/router/index.js:600:14)
      at param (node_modules/router/index.js:610:14)
      at processParams (node_modules/router/index.js:664:3)
      at next (node_modules/router/index.js:291:5)
      at router.handle (node_modules/router/index.js:186:3)
      at router (node_modules/router/index.js:60:12)
      at Layer.handleRequest (node_modules/router/lib/layer.js:152:17)
      at trimPrefix (node_modules/router/index.js:342:13)
      at node_modules/router/index.js:297:9
      at processParams (node_modules/router/index.js:582:12)
      at next (node_modules/router/index.js:291:5)
      at router.handle (node_modules/router/index.js:186:3)
      at router (node_modules/router/index.js:60:12)
      at Layer.handleRequest (node_modules/router/lib/layer.js:152:17)
      at trimPrefix (node_modules/router/index.js:342:13)
      at node_modules/router/index.js:297:9
      at processParams (node_modules/router/index.js:582:12)
      at next (node_modules/router/index.js:291:5)
      at blockSuperAdminFromTenantRoutes (src/middlewares/platformBoundary.middleware.js:33:12)
      at Layer.handleRequest (node_modules/router/lib/layer.js:152:17)
      at trimPrefix (node_modules/router/index.js:342:13)
      at node_modules/router/index.js:297:9
      at processParams (node_modules/router/index.js:582:12)
      at next (node_modules/router/index.js:291:5)
      at src/middlewares/auth.middleware.js:56:12
      at Layer.handleRequest (node_modules/router/lib/layer.js:152:17)
      at trimPrefix (node_modules/router/index.js:342:13)
      at node_modules/router/index.js:297:9
      at processParams (node_modules/router/index.js:582:12)
      at next (node_modules/router/index.js:291:5)
      at router.handle (node_modules/router/index.js:186:3)
      at router (node_modules/router/index.js:60:12)
      at Layer.handleRequest (node_modules/router/lib/layer.js:152:17)
      at trimPrefix (node_modules/router/index.js:342:13)
      at node_modules/router/index.js:297:9
      at processParams (node_modules/router/index.js:582:12)
      at next (node_modules/router/index.js:291:5)
      at node_modules/router/index.js:688:15
      at next (node_modules/router/index.js:276:14)
      at router.handle (node_modules/router/index.js:186:3)
      at router (node_modules/router/index.js:60:12)
      at Layer.handleRequest (node_modules/router/lib/layer.js:152:17)
      at trimPrefix (node_modules/router/index.js:342:13)
      at node_modules/router/index.js:297:9
      at processParams (node_modules/router/index.js:582:12)
      at next (node_modules/router/index.js:291:5)
      at node_modules/router/index.js:688:15
      at next (node_modules/router/index.js:276:14)
      at router.handle (node_modules/router/index.js:186:3)
      at router (node_modules/router/index.js:60:12)
      at Layer.handleRequest (node_modules/router/lib/layer.js:152:17)
      at trimPrefix (node_modules/router/index.js:342:13)
      at node_modules/router/index.js:297:9
      at processParams (node_modules/router/index.js:582:12)
      at next (node_modules/router/index.js:291:5)
      at node_modules/router/index.js:688:15
      at next (node_modules/router/index.js:276:14)
      at router.handle (node_modules/router/index.js:186:3)
      at router (node_modules/router/index.js:60:12)
      at Layer.handleRequest (node_modules/router/lib/layer.js:152:17)
      at trimPrefix (node_modules/router/index.js:342:13)
      at node_modules/router/index.js:297:9
      at processParams (node_modules/router/index.js:582:12)
      at next (node_modules/router/index.js:291:5)
      at node_modules/router/index.js:688:15
      at next (node_modules/router/index.js:276:14)
      at router.handle (node_modules/router/index.js:186:3)
      at router (node_modules/router/index.js:60:12)
      at Layer.handleRequest (node_modules/router/lib/layer.js:152:17)
      at trimPrefix (node_modules/router/index.js:342:13)
      at node_modules/router/index.js:297:9
      at processParams (node_modules/router/index.js:582:12)
      at next (node_modules/router/index.js:291:5)
      at router.handle (node_modules/router/index.js:186:3)
      at router (node_modules/router/index.js:60:12)
      at Layer.handleRequest (node_modules/router/lib/layer.js:152:17)
      at trimPrefix (node_modules/router/index.js:342:13)
      at node_modules/router/index.js:297:9
      at processParams (node_modules/router/index.js:582:12)
      at next (node_modules/router/index.js:291:5)
      at SendStream.error (node_modules/serve-static/index.js:120:7)
      at SendStream.error (node_modules/send/index.js:168:17)
      at SendStream.onStatError (node_modules/send/index.js:315:12)
      at next (node_modules/send/index.js:621:16)
      at onstat (node_modules/send/index.js:609:14)

2026-09-21 17:16:05 [32minfo[39m: GET /api/academic/evaluation-results/teacher/5aa9d407-3a11-4ef3-8cea-577434b2f05b/summary 200 - 7ms
{
  requestId: [32m'dd393ecb-fb99-497c-b8a9-2c454424be09'[39m,
  ip: [32m'::ffff:127.0.0.1'[39m,
  userAgent: [90mundefined[39m
}
  console.warn
    [authorizeTenant] SUPERADMIN detectado en una ruta de tenant. Migra a authorizePlatform().

    [0m [90m 133 |[39m     [90m// regresi├│n silenciosa al patr├│n anterior.[39m
     [90m 134 |[39m     [36mif[39m (process[33m.[39menv[33m.[39m[33mNODE_ENV[39m [33m!==[39m [32m'production'[39m) {
    [31m[1m>[22m[39m[90m 135 |[39m       console[33m.[39mwarn(
     [90m     |[39m               [31m[1m^[22m[39m
     [90m 136 |[39m         [32m'[authorizeTenant] SUPERADMIN detectado en una ruta de tenant. Migra a authorizePlatform().'[39m
     [90m 137 |[39m       )[33m;[39m
     [90m 138 |[39m     }[0m

      at src/middlewares/auth.middleware.js:135:15
      at Layer.handleRequest (node_modules/router/lib/layer.js:152:17)
      at next (node_modules/router/lib/route.js:157:13)
      at src/middlewares/auth.middleware.js:56:12
      at Layer.handleRequest (node_modules/router/lib/layer.js:152:17)
      at next (node_modules/router/lib/route.js:157:13)
      at Route.dispatch (node_modules/router/lib/route.js:117:3)
      at handle (node_modules/router/index.js:435:11)
      at Layer.handleRequest (node_modules/router/lib/layer.js:152:17)
      at node_modules/router/index.js:295:15
      at param (node_modules/router/index.js:600:14)
      at param (node_modules/router/index.js:610:14)
      at processParams (node_modules/router/index.js:664:3)
      at next (node_modules/router/index.js:291:5)
      at router.handle (node_modules/router/index.js:186:3)
      at router (node_modules/router/index.js:60:12)
      at Layer.handleRequest (node_modules/router/lib/layer.js:152:17)
      at trimPrefix (node_modules/router/index.js:342:13)
      at node_modules/router/index.js:297:9
      at processParams (node_modules/router/index.js:582:12)
      at next (node_modules/router/index.js:291:5)
      at router.handle (node_modules/router/index.js:186:3)
      at router (node_modules/router/index.js:60:12)
      at Layer.handleRequest (node_modules/router/lib/layer.js:152:17)
      at trimPrefix (node_modules/router/index.js:342:13)
      at node_modules/router/index.js:297:9
      at processParams (node_modules/router/index.js:582:12)
      at next (node_modules/router/index.js:291:5)
      at blockSuperAdminFromTenantRoutes (src/middlewares/platformBoundary.middleware.js:33:12)
      at Layer.handleRequest (node_modules/router/lib/layer.js:152:17)
      at trimPrefix (node_modules/router/index.js:342:13)
      at node_modules/router/index.js:297:9
      at processParams (node_modules/router/index.js:582:12)
      at next (node_modules/router/index.js:291:5)
      at src/middlewares/auth.middleware.js:56:12
      at Layer.handleRequest (node_modules/router/lib/layer.js:152:17)
      at trimPrefix (node_modules/router/index.js:342:13)
      at node_modules/router/index.js:297:9
      at processParams (node_modules/router/index.js:582:12)
      at next (node_modules/router/index.js:291:5)
      at router.handle (node_modules/router/index.js:186:3)
      at router (node_modules/router/index.js:60:12)
      at Layer.handleRequest (node_modules/router/lib/layer.js:152:17)
      at trimPrefix (node_modules/router/index.js:342:13)
      at node_modules/router/index.js:297:9
      at processParams (node_modules/router/index.js:582:12)
      at next (node_modules/router/index.js:291:5)
      at node_modules/router/index.js:688:15
      at next (node_modules/router/index.js:276:14)
      at router.handle (node_modules/router/index.js:186:3)
      at router (node_modules/router/index.js:60:12)
      at Layer.handleRequest (node_modules/router/lib/layer.js:152:17)
      at trimPrefix (node_modules/router/index.js:342:13)
      at node_modules/router/index.js:297:9
      at processParams (node_modules/router/index.js:582:12)
      at next (node_modules/router/index.js:291:5)
      at node_modules/router/index.js:688:15
      at next (node_modules/router/index.js:276:14)
      at router.handle (node_modules/router/index.js:186:3)
      at router (node_modules/router/index.js:60:12)
      at Layer.handleRequest (node_modules/router/lib/layer.js:152:17)
      at trimPrefix (node_modules/router/index.js:342:13)
      at node_modules/router/index.js:297:9
      at processParams (node_modules/router/index.js:582:12)
      at next (node_modules/router/index.js:291:5)
      at node_modules/router/index.js:688:15
      at next (node_modules/router/index.js:276:14)
      at router.handle (node_modules/router/index.js:186:3)
      at router (node_modules/router/index.js:60:12)
      at Layer.handleRequest (node_modules/router/lib/layer.js:152:17)
      at trimPrefix (node_modules/router/index.js:342:13)
      at node_modules/router/index.js:297:9
      at processParams (node_modules/router/index.js:582:12)
      at next (node_modules/router/index.js:291:5)
      at node_modules/router/index.js:688:15
      at next (node_modules/router/index.js:276:14)
      at router.handle (node_modules/router/index.js:186:3)
      at router (node_modules/router/index.js:60:12)
      at Layer.handleRequest (node_modules/router/lib/layer.js:152:17)
      at trimPrefix (node_modules/router/index.js:342:13)
      at node_modules/router/index.js:297:9
      at processParams (node_modules/router/index.js:582:12)
      at next (node_modules/router/index.js:291:5)
      at router.handle (node_modules/router/index.js:186:3)
      at router (node_modules/router/index.js:60:12)
      at Layer.handleRequest (node_modules/router/lib/layer.js:152:17)
      at trimPrefix (node_modules/router/index.js:342:13)
      at node_modules/router/index.js:297:9
      at processParams (node_modules/router/index.js:582:12)
      at next (node_modules/router/index.js:291:5)
      at SendStream.error (node_modules/serve-static/index.js:120:7)
      at SendStream.error (node_modules/send/index.js:168:17)
      at SendStream.onStatError (node_modules/send/index.js:315:12)
      at next (node_modules/send/index.js:621:16)
      at onstat (node_modules/send/index.js:609:14)

2026-09-21 17:16:05 [32minfo[39m: GET /api/academic/evaluation-results/teacher/5aa9d407-3a11-4ef3-8cea-577434b2f05b/evolution 200 - 15ms
{
  requestId: [32m'f26fabfa-77f3-43d1-ba19-b6e04a7c2885'[39m,
  ip: [32m'::ffff:127.0.0.1'[39m,
  userAgent: [90mundefined[39m
}
  console.warn
    [authorizeTenant] SUPERADMIN detectado en una ruta de tenant. Migra a authorizePlatform().

    [0m [90m 133 |[39m     [90m// regresi├│n silenciosa al patr├│n anterior.[39m
     [90m 134 |[39m     [36mif[39m (process[33m.[39menv[33m.[39m[33mNODE_ENV[39m [33m!==[39m [32m'production'[39m) {
    [31m[1m>[22m[39m[90m 135 |[39m       console[33m.[39mwarn(
     [90m     |[39m               [31m[1m^[22m[39m
     [90m 136 |[39m         [32m'[authorizeTenant] SUPERADMIN detectado en una ruta de tenant. Migra a authorizePlatform().'[39m
     [90m 137 |[39m       )[33m;[39m
     [90m 138 |[39m     }[0m

      at src/middlewares/auth.middleware.js:135:15
      at Layer.handleRequest (node_modules/router/lib/layer.js:152:17)
      at next (node_modules/router/lib/route.js:157:13)
      at src/middlewares/auth.middleware.js:56:12
      at Layer.handleRequest (node_modules/router/lib/layer.js:152:17)
      at next (node_modules/router/lib/route.js:157:13)
      at Route.dispatch (node_modules/router/lib/route.js:117:3)
      at handle (node_modules/router/index.js:435:11)
      at Layer.handleRequest (node_modules/router/lib/layer.js:152:17)
      at node_modules/router/index.js:295:15
      at param (node_modules/router/index.js:600:14)
      at param (node_modules/router/index.js:610:14)
      at processParams (node_modules/router/index.js:664:3)
      at next (node_modules/router/index.js:291:5)
      at router.handle (node_modules/router/index.js:186:3)
      at router (node_modules/router/index.js:60:12)
      at Layer.handleRequest (node_modules/router/lib/layer.js:152:17)
      at trimPrefix (node_modules/router/index.js:342:13)
      at node_modules/router/index.js:297:9
      at processParams (node_modules/router/index.js:582:12)
      at next (node_modules/router/index.js:291:5)
      at router.handle (node_modules/router/index.js:186:3)
      at router (node_modules/router/index.js:60:12)
      at Layer.handleRequest (node_modules/router/lib/layer.js:152:17)
      at trimPrefix (node_modules/router/index.js:342:13)
      at node_modules/router/index.js:297:9
      at processParams (node_modules/router/index.js:582:12)
      at next (node_modules/router/index.js:291:5)
      at blockSuperAdminFromTenantRoutes (src/middlewares/platformBoundary.middleware.js:33:12)
      at Layer.handleRequest (node_modules/router/lib/layer.js:152:17)
      at trimPrefix (node_modules/router/index.js:342:13)
      at node_modules/router/index.js:297:9
      at processParams (node_modules/router/index.js:582:12)
      at next (node_modules/router/index.js:291:5)
      at src/middlewares/auth.middleware.js:56:12
      at Layer.handleRequest (node_modules/router/lib/layer.js:152:17)
      at trimPrefix (node_modules/router/index.js:342:13)
      at node_modules/router/index.js:297:9
      at processParams (node_modules/router/index.js:582:12)
      at next (node_modules/router/index.js:291:5)
      at router.handle (node_modules/router/index.js:186:3)
      at router (node_modules/router/index.js:60:12)
      at Layer.handleRequest (node_modules/router/lib/layer.js:152:17)
      at trimPrefix (node_modules/router/index.js:342:13)
      at node_modules/router/index.js:297:9
      at processParams (node_modules/router/index.js:582:12)
      at next (node_modules/router/index.js:291:5)
      at node_modules/router/index.js:688:15
      at next (node_modules/router/index.js:276:14)
      at router.handle (node_modules/router/index.js:186:3)
      at router (node_modules/router/index.js:60:12)
      at Layer.handleRequest (node_modules/router/lib/layer.js:152:17)
      at trimPrefix (node_modules/router/index.js:342:13)
      at node_modules/router/index.js:297:9
      at processParams (node_modules/router/index.js:582:12)
      at next (node_modules/router/index.js:291:5)
      at node_modules/router/index.js:688:15
      at next (node_modules/router/index.js:276:14)
      at router.handle (node_modules/router/index.js:186:3)
      at router (node_modules/router/index.js:60:12)
      at Layer.handleRequest (node_modules/router/lib/layer.js:152:17)
      at trimPrefix (node_modules/router/index.js:342:13)
      at node_modules/router/index.js:297:9
      at processParams (node_modules/router/index.js:582:12)
      at next (node_modules/router/index.js:291:5)
      at node_modules/router/index.js:688:15
      at next (node_modules/router/index.js:276:14)
      at router.handle (node_modules/router/index.js:186:3)
      at router (node_modules/router/index.js:60:12)
      at Layer.handleRequest (node_modules/router/lib/layer.js:152:17)
      at trimPrefix (node_modules/router/index.js:342:13)
      at node_modules/router/index.js:297:9
      at processParams (node_modules/router/index.js:582:12)
      at next (node_modules/router/index.js:291:5)
      at node_modules/router/index.js:688:15
      at next (node_modules/router/index.js:276:14)
      at router.handle (node_modules/router/index.js:186:3)
      at router (node_modules/router/index.js:60:12)
      at Layer.handleRequest (node_modules/router/lib/layer.js:152:17)
      at trimPrefix (node_modules/router/index.js:342:13)
      at node_modules/router/index.js:297:9
      at processParams (node_modules/router/index.js:582:12)
      at next (node_modules/router/index.js:291:5)
      at router.handle (node_modules/router/index.js:186:3)
      at router (node_modules/router/index.js:60:12)
      at Layer.handleRequest (node_modules/router/lib/layer.js:152:17)
      at trimPrefix (node_modules/router/index.js:342:13)
      at node_modules/router/index.js:297:9
      at processParams (node_modules/router/index.js:582:12)
      at next (node_modules/router/index.js:291:5)
      at SendStream.error (node_modules/serve-static/index.js:120:7)
      at SendStream.error (node_modules/send/index.js:168:17)
      at SendStream.onStatError (node_modules/send/index.js:315:12)
      at next (node_modules/send/index.js:621:16)
      at onstat (node_modules/send/index.js:609:14)

2026-09-21 17:16:06 [32minfo[39m: GET /api/academic/evaluation-results/teacher/da03db85-b490-4fff-910f-156d846d492e/criteria 200 - 33ms
{
  requestId: [32m'40f18d23-0192-4702-855b-d664aed8dcfd'[39m,
  ip: [32m'::ffff:127.0.0.1'[39m,
  userAgent: [90mundefined[39m
}
  console.warn
    [authorizeTenant] SUPERADMIN detectado en una ruta de tenant. Migra a authorizePlatform().

    [0m [90m 133 |[39m     [90m// regresi├│n silenciosa al patr├│n anterior.[39m
     [90m 134 |[39m     [36mif[39m (process[33m.[39menv[33m.[39m[33mNODE_ENV[39m [33m!==[39m [32m'production'[39m) {
    [31m[1m>[22m[39m[90m 135 |[39m       console[33m.[39mwarn(
     [90m     |[39m               [31m[1m^[22m[39m
     [90m 136 |[39m         [32m'[authorizeTenant] SUPERADMIN detectado en una ruta de tenant. Migra a authorizePlatform().'[39m
     [90m 137 |[39m       )[33m;[39m
     [90m 138 |[39m     }[0m

      at src/middlewares/auth.middleware.js:135:15
      at Layer.handleRequest (node_modules/router/lib/layer.js:152:17)
      at next (node_modules/router/lib/route.js:157:13)
      at src/middlewares/auth.middleware.js:56:12
      at Layer.handleRequest (node_modules/router/lib/layer.js:152:17)
      at next (node_modules/router/lib/route.js:157:13)
      at Route.dispatch (node_modules/router/lib/route.js:117:3)
      at handle (node_modules/router/index.js:435:11)
      at Layer.handleRequest (node_modules/router/lib/layer.js:152:17)
      at node_modules/router/index.js:295:15
      at param (node_modules/router/index.js:600:14)
      at param (node_modules/router/index.js:610:14)
      at processParams (node_modules/router/index.js:664:3)
      at next (node_modules/router/index.js:291:5)
      at router.handle (node_modules/router/index.js:186:3)
      at router (node_modules/router/index.js:60:12)
      at Layer.handleRequest (node_modules/router/lib/layer.js:152:17)
      at trimPrefix (node_modules/router/index.js:342:13)
      at node_modules/router/index.js:297:9
      at processParams (node_modules/router/index.js:582:12)
      at next (node_modules/router/index.js:291:5)
      at router.handle (node_modules/router/index.js:186:3)
      at router (node_modules/router/index.js:60:12)
      at Layer.handleRequest (node_modules/router/lib/layer.js:152:17)
      at trimPrefix (node_modules/router/index.js:342:13)
      at node_modules/router/index.js:297:9
      at processParams (node_modules/router/index.js:582:12)
      at next (node_modules/router/index.js:291:5)
      at blockSuperAdminFromTenantRoutes (src/middlewares/platformBoundary.middleware.js:33:12)
      at Layer.handleRequest (node_modules/router/lib/layer.js:152:17)
      at trimPrefix (node_modules/router/index.js:342:13)
      at node_modules/router/index.js:297:9
      at processParams (node_modules/router/index.js:582:12)
      at next (node_modules/router/index.js:291:5)
      at src/middlewares/auth.middleware.js:56:12
      at Layer.handleRequest (node_modules/router/lib/layer.js:152:17)
      at trimPrefix (node_modules/router/index.js:342:13)
      at node_modules/router/index.js:297:9
      at processParams (node_modules/router/index.js:582:12)
      at next (node_modules/router/index.js:291:5)
      at router.handle (node_modules/router/index.js:186:3)
      at router (node_modules/router/index.js:60:12)
      at Layer.handleRequest (node_modules/router/lib/layer.js:152:17)
      at trimPrefix (node_modules/router/index.js:342:13)
      at node_modules/router/index.js:297:9
      at processParams (node_modules/router/index.js:582:12)
      at next (node_modules/router/index.js:291:5)
      at node_modules/router/index.js:688:15
      at next (node_modules/router/index.js:276:14)
      at router.handle (node_modules/router/index.js:186:3)
      at router (node_modules/router/index.js:60:12)
      at Layer.handleRequest (node_modules/router/lib/layer.js:152:17)
      at trimPrefix (node_modules/router/index.js:342:13)
      at node_modules/router/index.js:297:9
      at processParams (node_modules/router/index.js:582:12)
      at next (node_modules/router/index.js:291:5)
      at node_modules/router/index.js:688:15
      at next (node_modules/router/index.js:276:14)
      at router.handle (node_modules/router/index.js:186:3)
      at router (node_modules/router/index.js:60:12)
      at Layer.handleRequest (node_modules/router/lib/layer.js:152:17)
      at trimPrefix (node_modules/router/index.js:342:13)
      at node_modules/router/index.js:297:9
      at processParams (node_modules/router/index.js:582:12)
      at next (node_modules/router/index.js:291:5)
      at node_modules/router/index.js:688:15
      at next (node_modules/router/index.js:276:14)
      at router.handle (node_modules/router/index.js:186:3)
      at router (node_modules/router/index.js:60:12)
      at Layer.handleRequest (node_modules/router/lib/layer.js:152:17)
      at trimPrefix (node_modules/router/index.js:342:13)
      at node_modules/router/index.js:297:9
      at processParams (node_modules/router/index.js:582:12)
      at next (node_modules/router/index.js:291:5)
      at node_modules/router/index.js:688:15
      at next (node_modules/router/index.js:276:14)
      at router.handle (node_modules/router/index.js:186:3)
      at router (node_modules/router/index.js:60:12)
      at Layer.handleRequest (node_modules/router/lib/layer.js:152:17)
      at trimPrefix (node_modules/router/index.js:342:13)
      at node_modules/router/index.js:297:9
      at processParams (node_modules/router/index.js:582:12)
      at next (node_modules/router/index.js:291:5)
      at router.handle (node_modules/router/index.js:186:3)
      at router (node_modules/router/index.js:60:12)
      at Layer.handleRequest (node_modules/router/lib/layer.js:152:17)
      at trimPrefix (node_modules/router/index.js:342:13)
      at node_modules/router/index.js:297:9
      at processParams (node_modules/router/index.js:582:12)
      at next (node_modules/router/index.js:291:5)
      at SendStream.error (node_modules/serve-static/index.js:120:7)
      at SendStream.error (node_modules/send/index.js:168:17)
      at SendStream.onStatError (node_modules/send/index.js:315:12)
      at next (node_modules/send/index.js:621:16)
      at onstat (node_modules/send/index.js:609:14)

2026-09-21 17:16:06 [32minfo[39m: GET /api/academic/evaluation-results/teacher/5aa9d407-3a11-4ef3-8cea-577434b2f05b/distribution 200 - 70ms
{
  requestId: [32m'76647a35-577f-4413-a57d-32ddcea27f11'[39m,
  ip: [32m'::ffff:127.0.0.1'[39m,
  userAgent: [90mundefined[39m
}
  console.warn
    [authorizeTenant] SUPERADMIN detectado en una ruta de tenant. Migra a authorizePlatform().

    [0m [90m 133 |[39m     [90m// regresi├│n silenciosa al patr├│n anterior.[39m
     [90m 134 |[39m     [36mif[39m (process[33m.[39menv[33m.[39m[33mNODE_ENV[39m [33m!==[39m [32m'production'[39m) {
    [31m[1m>[22m[39m[90m 135 |[39m       console[33m.[39mwarn(
     [90m     |[39m               [31m[1m^[22m[39m
     [90m 136 |[39m         [32m'[authorizeTenant] SUPERADMIN detectado en una ruta de tenant. Migra a authorizePlatform().'[39m
     [90m 137 |[39m       )[33m;[39m
     [90m 138 |[39m     }[0m

      at src/middlewares/auth.middleware.js:135:15
      at Layer.handleRequest (node_modules/router/lib/layer.js:152:17)
      at next (node_modules/router/lib/route.js:157:13)
      at src/middlewares/auth.middleware.js:56:12
      at Layer.handleRequest (node_modules/router/lib/layer.js:152:17)
      at next (node_modules/router/lib/route.js:157:13)
      at Route.dispatch (node_modules/router/lib/route.js:117:3)
      at handle (node_modules/router/index.js:435:11)
      at Layer.handleRequest (node_modules/router/lib/layer.js:152:17)
      at node_modules/router/index.js:295:15
      at param (node_modules/router/index.js:600:14)
      at param (node_modules/router/index.js:610:14)
      at processParams (node_modules/router/index.js:664:3)
      at next (node_modules/router/index.js:291:5)
      at router.handle (node_modules/router/index.js:186:3)
      at router (node_modules/router/index.js:60:12)
      at Layer.handleRequest (node_modules/router/lib/layer.js:152:17)
      at trimPrefix (node_modules/router/index.js:342:13)
      at node_modules/router/index.js:297:9
      at processParams (node_modules/router/index.js:582:12)
      at next (node_modules/router/index.js:291:5)
      at router.handle (node_modules/router/index.js:186:3)
      at router (node_modules/router/index.js:60:12)
      at Layer.handleRequest (node_modules/router/lib/layer.js:152:17)
      at trimPrefix (node_modules/router/index.js:342:13)
      at node_modules/router/index.js:297:9
      at processParams (node_modules/router/index.js:582:12)
      at next (node_modules/router/index.js:291:5)
      at blockSuperAdminFromTenantRoutes (src/middlewares/platformBoundary.middleware.js:33:12)
      at Layer.handleRequest (node_modules/router/lib/layer.js:152:17)
      at trimPrefix (node_modules/router/index.js:342:13)
      at node_modules/router/index.js:297:9
      at processParams (node_modules/router/index.js:582:12)
      at next (node_modules/router/index.js:291:5)
      at src/middlewares/auth.middleware.js:56:12
      at Layer.handleRequest (node_modules/router/lib/layer.js:152:17)
      at trimPrefix (node_modules/router/index.js:342:13)
      at node_modules/router/index.js:297:9
      at processParams (node_modules/router/index.js:582:12)
      at next (node_modules/router/index.js:291:5)
      at router.handle (node_modules/router/index.js:186:3)
      at router (node_modules/router/index.js:60:12)
      at Layer.handleRequest (node_modules/router/lib/layer.js:152:17)
      at trimPrefix (node_modules/router/index.js:342:13)
      at node_modules/router/index.js:297:9
      at processParams (node_modules/router/index.js:582:12)
      at next (node_modules/router/index.js:291:5)
      at node_modules/router/index.js:688:15
      at next (node_modules/router/index.js:276:14)
      at router.handle (node_modules/router/index.js:186:3)
      at router (node_modules/router/index.js:60:12)
      at Layer.handleRequest (node_modules/router/lib/layer.js:152:17)
      at trimPrefix (node_modules/router/index.js:342:13)
      at node_modules/router/index.js:297:9
      at processParams (node_modules/router/index.js:582:12)
      at next (node_modules/router/index.js:291:5)
      at node_modules/router/index.js:688:15
      at next (node_modules/router/index.js:276:14)
      at router.handle (node_modules/router/index.js:186:3)
      at router (node_modules/router/index.js:60:12)
      at Layer.handleRequest (node_modules/router/lib/layer.js:152:17)
      at trimPrefix (node_modules/router/index.js:342:13)
      at node_modules/router/index.js:297:9
      at processParams (node_modules/router/index.js:582:12)
      at next (node_modules/router/index.js:291:5)
      at node_modules/router/index.js:688:15
      at next (node_modules/router/index.js:276:14)
      at router.handle (node_modules/router/index.js:186:3)
      at router (node_modules/router/index.js:60:12)
      at Layer.handleRequest (node_modules/router/lib/layer.js:152:17)
      at trimPrefix (node_modules/router/index.js:342:13)
      at node_modules/router/index.js:297:9
      at processParams (node_modules/router/index.js:582:12)
      at next (node_modules/router/index.js:291:5)
      at node_modules/router/index.js:688:15
      at next (node_modules/router/index.js:276:14)
      at router.handle (node_modules/router/index.js:186:3)
      at router (node_modules/router/index.js:60:12)
      at Layer.handleRequest (node_modules/router/lib/layer.js:152:17)
      at trimPrefix (node_modules/router/index.js:342:13)
      at node_modules/router/index.js:297:9
      at processParams (node_modules/router/index.js:582:12)
      at next (node_modules/router/index.js:291:5)
      at router.handle (node_modules/router/index.js:186:3)
      at router (node_modules/router/index.js:60:12)
      at Layer.handleRequest (node_modules/router/lib/layer.js:152:17)
      at trimPrefix (node_modules/router/index.js:342:13)
      at node_modules/router/index.js:297:9
      at processParams (node_modules/router/index.js:582:12)
      at next (node_modules/router/index.js:291:5)
      at SendStream.error (node_modules/serve-static/index.js:120:7)
      at SendStream.error (node_modules/send/index.js:168:17)
      at SendStream.onStatError (node_modules/send/index.js:315:12)
      at next (node_modules/send/index.js:621:16)
      at onstat (node_modules/send/index.js:609:14)

2026-09-21 17:16:07 [32minfo[39m: GET /api/academic/evaluation-results/teacher/5aa9d407-3a11-4ef3-8cea-577434b2f05b/comments 200 - 7ms
{
  requestId: [32m'415df6b3-c5ca-4090-b4c0-21e48c14716c'[39m,
  ip: [32m'::ffff:127.0.0.1'[39m,
  userAgent: [90mundefined[39m
}
  console.warn
    [authorizeTenant] SUPERADMIN detectado en una ruta de tenant. Migra a authorizePlatform().

    [0m [90m 133 |[39m     [90m// regresi├│n silenciosa al patr├│n anterior.[39m
     [90m 134 |[39m     [36mif[39m (process[33m.[39menv[33m.[39m[33mNODE_ENV[39m [33m!==[39m [32m'production'[39m) {
    [31m[1m>[22m[39m[90m 135 |[39m       console[33m.[39mwarn(
     [90m     |[39m               [31m[1m^[22m[39m
     [90m 136 |[39m         [32m'[authorizeTenant] SUPERADMIN detectado en una ruta de tenant. Migra a authorizePlatform().'[39m
     [90m 137 |[39m       )[33m;[39m
     [90m 138 |[39m     }[0m

      at src/middlewares/auth.middleware.js:135:15
      at Layer.handleRequest (node_modules/router/lib/layer.js:152:17)
      at next (node_modules/router/lib/route.js:157:13)
      at src/middlewares/auth.middleware.js:56:12
      at Layer.handleRequest (node_modules/router/lib/layer.js:152:17)
      at next (node_modules/router/lib/route.js:157:13)
      at Route.dispatch (node_modules/router/lib/route.js:117:3)
      at handle (node_modules/router/index.js:435:11)
      at Layer.handleRequest (node_modules/router/lib/layer.js:152:17)
      at node_modules/router/index.js:295:15
      at param (node_modules/router/index.js:600:14)
      at param (node_modules/router/index.js:610:14)
      at processParams (node_modules/router/index.js:664:3)
      at next (node_modules/router/index.js:291:5)
      at router.handle (node_modules/router/index.js:186:3)
      at router (node_modules/router/index.js:60:12)
      at Layer.handleRequest (node_modules/router/lib/layer.js:152:17)
      at trimPrefix (node_modules/router/index.js:342:13)
      at node_modules/router/index.js:297:9
      at processParams (node_modules/router/index.js:582:12)
      at next (node_modules/router/index.js:291:5)
      at router.handle (node_modules/router/index.js:186:3)
      at router (node_modules/router/index.js:60:12)
      at Layer.handleRequest (node_modules/router/lib/layer.js:152:17)
      at trimPrefix (node_modules/router/index.js:342:13)
      at node_modules/router/index.js:297:9
      at processParams (node_modules/router/index.js:582:12)
      at next (node_modules/router/index.js:291:5)
      at blockSuperAdminFromTenantRoutes (src/middlewares/platformBoundary.middleware.js:33:12)
      at Layer.handleRequest (node_modules/router/lib/layer.js:152:17)
      at trimPrefix (node_modules/router/index.js:342:13)
      at node_modules/router/index.js:297:9
      at processParams (node_modules/router/index.js:582:12)
      at next (node_modules/router/index.js:291:5)
      at src/middlewares/auth.middleware.js:56:12
      at Layer.handleRequest (node_modules/router/lib/layer.js:152:17)
      at trimPrefix (node_modules/router/index.js:342:13)
      at node_modules/router/index.js:297:9
      at processParams (node_modules/router/index.js:582:12)
      at next (node_modules/router/index.js:291:5)
      at router.handle (node_modules/router/index.js:186:3)
      at router (node_modules/router/index.js:60:12)
      at Layer.handleRequest (node_modules/router/lib/layer.js:152:17)
      at trimPrefix (node_modules/router/index.js:342:13)
      at node_modules/router/index.js:297:9
      at processParams (node_modules/router/index.js:582:12)
      at next (node_modules/router/index.js:291:5)
      at node_modules/router/index.js:688:15
      at next (node_modules/router/index.js:276:14)
      at router.handle (node_modules/router/index.js:186:3)
      at router (node_modules/router/index.js:60:12)
      at Layer.handleRequest (node_modules/router/lib/layer.js:152:17)
      at trimPrefix (node_modules/router/index.js:342:13)
      at node_modules/router/index.js:297:9
      at processParams (node_modules/router/index.js:582:12)
      at next (node_modules/router/index.js:291:5)
      at node_modules/router/index.js:688:15
      at next (node_modules/router/index.js:276:14)
      at router.handle (node_modules/router/index.js:186:3)
      at router (node_modules/router/index.js:60:12)
      at Layer.handleRequest (node_modules/router/lib/layer.js:152:17)
      at trimPrefix (node_modules/router/index.js:342:13)
      at node_modules/router/index.js:297:9
      at processParams (node_modules/router/index.js:582:12)
      at next (node_modules/router/index.js:291:5)
      at node_modules/router/index.js:688:15
      at next (node_modules/router/index.js:276:14)
      at router.handle (node_modules/router/index.js:186:3)
      at router (node_modules/router/index.js:60:12)
      at Layer.handleRequest (node_modules/router/lib/layer.js:152:17)
      at trimPrefix (node_modules/router/index.js:342:13)
      at node_modules/router/index.js:297:9
      at processParams (node_modules/router/index.js:582:12)
      at next (node_modules/router/index.js:291:5)
      at node_modules/router/index.js:688:15
      at next (node_modules/router/index.js:276:14)
      at router.handle (node_modules/router/index.js:186:3)
      at router (node_modules/router/index.js:60:12)
      at Layer.handleRequest (node_modules/router/lib/layer.js:152:17)
      at trimPrefix (node_modules/router/index.js:342:13)
      at node_modules/router/index.js:297:9
      at processParams (node_modules/router/index.js:582:12)
      at next (node_modules/router/index.js:291:5)
      at router.handle (node_modules/router/index.js:186:3)
      at router (node_modules/router/index.js:60:12)
      at Layer.handleRequest (node_modules/router/lib/layer.js:152:17)
      at trimPrefix (node_modules/router/index.js:342:13)
      at node_modules/router/index.js:297:9
      at processParams (node_modules/router/index.js:582:12)
      at next (node_modules/router/index.js:291:5)
      at SendStream.error (node_modules/serve-static/index.js:120:7)
      at SendStream.error (node_modules/send/index.js:168:17)
      at SendStream.onStatError (node_modules/send/index.js:315:12)
      at next (node_modules/send/index.js:621:16)
      at onstat (node_modules/send/index.js:609:14)

2026-09-21 17:16:07 [32minfo[39m: GET /api/academic/evaluation-results/teacher/da03db85-b490-4fff-910f-156d846d492e/summary 200 - 13ms
{
  requestId: [32m'e4b4d7e6-5962-4f72-8958-e5a71d37f6fd'[39m,
  ip: [32m'::ffff:127.0.0.1'[39m,
  userAgent: [90mundefined[39m
}
  console.warn
    [authorizeTenant] SUPERADMIN detectado en una ruta de tenant. Migra a authorizePlatform().

    [0m [90m 133 |[39m     [90m// regresi├│n silenciosa al patr├│n anterior.[39m
     [90m 134 |[39m     [36mif[39m (process[33m.[39menv[33m.[39m[33mNODE_ENV[39m [33m!==[39m [32m'production'[39m) {
    [31m[1m>[22m[39m[90m 135 |[39m       console[33m.[39mwarn(
     [90m     |[39m               [31m[1m^[22m[39m
     [90m 136 |[39m         [32m'[authorizeTenant] SUPERADMIN detectado en una ruta de tenant. Migra a authorizePlatform().'[39m
     [90m 137 |[39m       )[33m;[39m
     [90m 138 |[39m     }[0m

      at src/middlewares/auth.middleware.js:135:15
      at Layer.handleRequest (node_modules/router/lib/layer.js:152:17)
      at next (node_modules/router/lib/route.js:157:13)
      at src/middlewares/auth.middleware.js:56:12
      at Layer.handleRequest (node_modules/router/lib/layer.js:152:17)
      at next (node_modules/router/lib/route.js:157:13)
      at Route.dispatch (node_modules/router/lib/route.js:117:3)
      at handle (node_modules/router/index.js:435:11)
      at Layer.handleRequest (node_modules/router/lib/layer.js:152:17)
      at node_modules/router/index.js:295:15
      at param (node_modules/router/index.js:600:14)
      at param (node_modules/router/index.js:610:14)
      at processParams (node_modules/router/index.js:664:3)
      at next (node_modules/router/index.js:291:5)
      at router.handle (node_modules/router/index.js:186:3)
      at router (node_modules/router/index.js:60:12)
      at Layer.handleRequest (node_modules/router/lib/layer.js:152:17)
      at trimPrefix (node_modules/router/index.js:342:13)
      at node_modules/router/index.js:297:9
      at processParams (node_modules/router/index.js:582:12)
      at next (node_modules/router/index.js:291:5)
      at router.handle (node_modules/router/index.js:186:3)
      at router (node_modules/router/index.js:60:12)
      at Layer.handleRequest (node_modules/router/lib/layer.js:152:17)
      at trimPrefix (node_modules/router/index.js:342:13)
      at node_modules/router/index.js:297:9
      at processParams (node_modules/router/index.js:582:12)
      at next (node_modules/router/index.js:291:5)
      at blockSuperAdminFromTenantRoutes (src/middlewares/platformBoundary.middleware.js:33:12)
      at Layer.handleRequest (node_modules/router/lib/layer.js:152:17)
      at trimPrefix (node_modules/router/index.js:342:13)
      at node_modules/router/index.js:297:9
      at processParams (node_modules/router/index.js:582:12)
      at next (node_modules/router/index.js:291:5)
      at src/middlewares/auth.middleware.js:56:12
      at Layer.handleRequest (node_modules/router/lib/layer.js:152:17)
      at trimPrefix (node_modules/router/index.js:342:13)
      at node_modules/router/index.js:297:9
      at processParams (node_modules/router/index.js:582:12)
      at next (node_modules/router/index.js:291:5)
      at router.handle (node_modules/router/index.js:186:3)
      at router (node_modules/router/index.js:60:12)
      at Layer.handleRequest (node_modules/router/lib/layer.js:152:17)
      at trimPrefix (node_modules/router/index.js:342:13)
      at node_modules/router/index.js:297:9
      at processParams (node_modules/router/index.js:582:12)
      at next (node_modules/router/index.js:291:5)
      at node_modules/router/index.js:688:15
      at next (node_modules/router/index.js:276:14)
      at router.handle (node_modules/router/index.js:186:3)
      at router (node_modules/router/index.js:60:12)
      at Layer.handleRequest (node_modules/router/lib/layer.js:152:17)
      at trimPrefix (node_modules/router/index.js:342:13)
      at node_modules/router/index.js:297:9
      at processParams (node_modules/router/index.js:582:12)
      at next (node_modules/router/index.js:291:5)
      at node_modules/router/index.js:688:15
      at next (node_modules/router/index.js:276:14)
      at router.handle (node_modules/router/index.js:186:3)
      at router (node_modules/router/index.js:60:12)
      at Layer.handleRequest (node_modules/router/lib/layer.js:152:17)
      at trimPrefix (node_modules/router/index.js:342:13)
      at node_modules/router/index.js:297:9
      at processParams (node_modules/router/index.js:582:12)
      at next (node_modules/router/index.js:291:5)
      at node_modules/router/index.js:688:15
      at next (node_modules/router/index.js:276:14)
      at router.handle (node_modules/router/index.js:186:3)
      at router (node_modules/router/index.js:60:12)
      at Layer.handleRequest (node_modules/router/lib/layer.js:152:17)
      at trimPrefix (node_modules/router/index.js:342:13)
      at node_modules/router/index.js:297:9
      at processParams (node_modules/router/index.js:582:12)
      at next (node_modules/router/index.js:291:5)
      at node_modules/router/index.js:688:15
      at next (node_modules/router/index.js:276:14)
      at router.handle (node_modules/router/index.js:186:3)
      at router (node_modules/router/index.js:60:12)
      at Layer.handleRequest (node_modules/router/lib/layer.js:152:17)
      at trimPrefix (node_modules/router/index.js:342:13)
      at node_modules/router/index.js:297:9
      at processParams (node_modules/router/index.js:582:12)
      at next (node_modules/router/index.js:291:5)
      at router.handle (node_modules/router/index.js:186:3)
      at router (node_modules/router/index.js:60:12)
      at Layer.handleRequest (node_modules/router/lib/layer.js:152:17)
      at trimPrefix (node_modules/router/index.js:342:13)
      at node_modules/router/index.js:297:9
      at processParams (node_modules/router/index.js:582:12)
      at next (node_modules/router/index.js:291:5)
      at SendStream.error (node_modules/serve-static/index.js:120:7)
      at SendStream.error (node_modules/send/index.js:168:17)
      at SendStream.onStatError (node_modules/send/index.js:315:12)
      at next (node_modules/send/index.js:621:16)
      at onstat (node_modules/send/index.js:609:14)

2026-09-21 17:16:07 [32minfo[39m: GET /api/academic/evaluation-results/teacher/da03db85-b490-4fff-910f-156d846d492e/summary 200 - 14ms
{
  requestId: [32m'00427e32-5da5-474d-92bd-08ee53102754'[39m,
  ip: [32m'::ffff:127.0.0.1'[39m,
  userAgent: [90mundefined[39m
}
  console.warn
    [authorizeTenant] SUPERADMIN detectado en una ruta de tenant. Migra a authorizePlatform().

    [0m [90m 133 |[39m     [90m// regresi├│n silenciosa al patr├│n anterior.[39m
     [90m 134 |[39m     [36mif[39m (process[33m.[39menv[33m.[39m[33mNODE_ENV[39m [33m!==[39m [32m'production'[39m) {
    [31m[1m>[22m[39m[90m 135 |[39m       console[33m.[39mwarn(
     [90m     |[39m               [31m[1m^[22m[39m
     [90m 136 |[39m         [32m'[authorizeTenant] SUPERADMIN detectado en una ruta de tenant. Migra a authorizePlatform().'[39m
     [90m 137 |[39m       )[33m;[39m
     [90m 138 |[39m     }[0m

      at src/middlewares/auth.middleware.js:135:15
      at Layer.handleRequest (node_modules/router/lib/layer.js:152:17)
      at next (node_modules/router/lib/route.js:157:13)
      at src/middlewares/auth.middleware.js:56:12
      at Layer.handleRequest (node_modules/router/lib/layer.js:152:17)
      at next (node_modules/router/lib/route.js:157:13)
      at Route.dispatch (node_modules/router/lib/route.js:117:3)
      at handle (node_modules/router/index.js:435:11)
      at Layer.handleRequest (node_modules/router/lib/layer.js:152:17)
      at node_modules/router/index.js:295:15
      at param (node_modules/router/index.js:600:14)
      at param (node_modules/router/index.js:610:14)
      at processParams (node_modules/router/index.js:664:3)
      at next (node_modules/router/index.js:291:5)
      at router.handle (node_modules/router/index.js:186:3)
      at router (node_modules/router/index.js:60:12)
      at Layer.handleRequest (node_modules/router/lib/layer.js:152:17)
      at trimPrefix (node_modules/router/index.js:342:13)
      at node_modules/router/index.js:297:9
      at processParams (node_modules/router/index.js:582:12)
      at next (node_modules/router/index.js:291:5)
      at router.handle (node_modules/router/index.js:186:3)
      at router (node_modules/router/index.js:60:12)
      at Layer.handleRequest (node_modules/router/lib/layer.js:152:17)
      at trimPrefix (node_modules/router/index.js:342:13)
      at node_modules/router/index.js:297:9
      at processParams (node_modules/router/index.js:582:12)
      at next (node_modules/router/index.js:291:5)
      at blockSuperAdminFromTenantRoutes (src/middlewares/platformBoundary.middleware.js:33:12)
      at Layer.handleRequest (node_modules/router/lib/layer.js:152:17)
      at trimPrefix (node_modules/router/index.js:342:13)
      at node_modules/router/index.js:297:9
      at processParams (node_modules/router/index.js:582:12)
      at next (node_modules/router/index.js:291:5)
      at src/middlewares/auth.middleware.js:56:12
      at Layer.handleRequest (node_modules/router/lib/layer.js:152:17)
      at trimPrefix (node_modules/router/index.js:342:13)
      at node_modules/router/index.js:297:9
      at processParams (node_modules/router/index.js:582:12)
      at next (node_modules/router/index.js:291:5)
      at router.handle (node_modules/router/index.js:186:3)
      at router (node_modules/router/index.js:60:12)
      at Layer.handleRequest (node_modules/router/lib/layer.js:152:17)
      at trimPrefix (node_modules/router/index.js:342:13)
      at node_modules/router/index.js:297:9
      at processParams (node_modules/router/index.js:582:12)
      at next (node_modules/router/index.js:291:5)
      at node_modules/router/index.js:688:15
      at next (node_modules/router/index.js:276:14)
      at router.handle (node_modules/router/index.js:186:3)
      at router (node_modules/router/index.js:60:12)
      at Layer.handleRequest (node_modules/router/lib/layer.js:152:17)
      at trimPrefix (node_modules/router/index.js:342:13)
      at node_modules/router/index.js:297:9
      at processParams (node_modules/router/index.js:582:12)
      at next (node_modules/router/index.js:291:5)
      at node_modules/router/index.js:688:15
      at next (node_modules/router/index.js:276:14)
      at router.handle (node_modules/router/index.js:186:3)
      at router (node_modules/router/index.js:60:12)
      at Layer.handleRequest (node_modules/router/lib/layer.js:152:17)
      at trimPrefix (node_modules/router/index.js:342:13)
      at node_modules/router/index.js:297:9
      at processParams (node_modules/router/index.js:582:12)
      at next (node_modules/router/index.js:291:5)
      at node_modules/router/index.js:688:15
      at next (node_modules/router/index.js:276:14)
      at router.handle (node_modules/router/index.js:186:3)
      at router (node_modules/router/index.js:60:12)
      at Layer.handleRequest (node_modules/router/lib/layer.js:152:17)
      at trimPrefix (node_modules/router/index.js:342:13)
      at node_modules/router/index.js:297:9
      at processParams (node_modules/router/index.js:582:12)
      at next (node_modules/router/index.js:291:5)
      at node_modules/router/index.js:688:15
      at next (node_modules/router/index.js:276:14)
      at router.handle (node_modules/router/index.js:186:3)
      at router (node_modules/router/index.js:60:12)
      at Layer.handleRequest (node_modules/router/lib/layer.js:152:17)
      at trimPrefix (node_modules/router/index.js:342:13)
      at node_modules/router/index.js:297:9
      at processParams (node_modules/router/index.js:582:12)
      at next (node_modules/router/index.js:291:5)
      at router.handle (node_modules/router/index.js:186:3)
      at router (node_modules/router/index.js:60:12)
      at Layer.handleRequest (node_modules/router/lib/layer.js:152:17)
      at trimPrefix (node_modules/router/index.js:342:13)
      at node_modules/router/index.js:297:9
      at processParams (node_modules/router/index.js:582:12)
      at next (node_modules/router/index.js:291:5)
      at SendStream.error (node_modules/serve-static/index.js:120:7)
      at SendStream.error (node_modules/send/index.js:168:17)
      at SendStream.onStatError (node_modules/send/index.js:315:12)
      at next (node_modules/send/index.js:621:16)
      at onstat (node_modules/send/index.js:609:14)

2026-09-21 17:16:07 [33mwarn[39m: No puedes consultar resultados de otro docente
{
  code: [32m'FORBIDDEN'[39m,
  details: [1mnull[22m,
  path: [32m'/api/academic/evaluation-results/teacher/5aa9d407-3a11-4ef3-8cea-577434b2f05b/summary'[39m,
  method: [32m'GET'[39m
}
2026-09-21 17:16:07 [32minfo[39m: GET /api/academic/evaluation-results/teacher/5aa9d407-3a11-4ef3-8cea-577434b2f05b/summary 403 - 8ms
{
  requestId: [32m'048cda48-ff75-40c8-a3f8-a7fdc7ab090b'[39m,
  ip: [32m'::ffff:127.0.0.1'[39m,
  userAgent: [90mundefined[39m
}
  console.warn
    [authorizeTenant] SUPERADMIN detectado en una ruta de tenant. Migra a authorizePlatform().

    [0m [90m 133 |[39m     [90m// regresi├│n silenciosa al patr├│n anterior.[39m
     [90m 134 |[39m     [36mif[39m (process[33m.[39menv[33m.[39m[33mNODE_ENV[39m [33m!==[39m [32m'production'[39m) {
    [31m[1m>[22m[39m[90m 135 |[39m       console[33m.[39mwarn(
     [90m     |[39m               [31m[1m^[22m[39m
     [90m 136 |[39m         [32m'[authorizeTenant] SUPERADMIN detectado en una ruta de tenant. Migra a authorizePlatform().'[39m
     [90m 137 |[39m       )[33m;[39m
     [90m 138 |[39m     }[0m

      at src/middlewares/auth.middleware.js:135:15
      at Layer.handleRequest (node_modules/router/lib/layer.js:152:17)
      at next (node_modules/router/lib/route.js:157:13)
      at src/middlewares/auth.middleware.js:56:12
      at Layer.handleRequest (node_modules/router/lib/layer.js:152:17)
      at next (node_modules/router/lib/route.js:157:13)
      at Route.dispatch (node_modules/router/lib/route.js:117:3)
      at handle (node_modules/router/index.js:435:11)
      at Layer.handleRequest (node_modules/router/lib/layer.js:152:17)
      at node_modules/router/index.js:295:15
      at param (node_modules/router/index.js:600:14)
      at param (node_modules/router/index.js:610:14)
      at processParams (node_modules/router/index.js:664:3)
      at next (node_modules/router/index.js:291:5)
      at router.handle (node_modules/router/index.js:186:3)
      at router (node_modules/router/index.js:60:12)
      at Layer.handleRequest (node_modules/router/lib/layer.js:152:17)
      at trimPrefix (node_modules/router/index.js:342:13)
      at node_modules/router/index.js:297:9
      at processParams (node_modules/router/index.js:582:12)
      at next (node_modules/router/index.js:291:5)
      at router.handle (node_modules/router/index.js:186:3)
      at router (node_modules/router/index.js:60:12)
      at Layer.handleRequest (node_modules/router/lib/layer.js:152:17)
      at trimPrefix (node_modules/router/index.js:342:13)
      at node_modules/router/index.js:297:9
      at processParams (node_modules/router/index.js:582:12)
      at next (node_modules/router/index.js:291:5)
      at blockSuperAdminFromTenantRoutes (src/middlewares/platformBoundary.middleware.js:33:12)
      at Layer.handleRequest (node_modules/router/lib/layer.js:152:17)
      at trimPrefix (node_modules/router/index.js:342:13)
      at node_modules/router/index.js:297:9
      at processParams (node_modules/router/index.js:582:12)
      at next (node_modules/router/index.js:291:5)
      at src/middlewares/auth.middleware.js:56:12
      at Layer.handleRequest (node_modules/router/lib/layer.js:152:17)
      at trimPrefix (node_modules/router/index.js:342:13)
      at node_modules/router/index.js:297:9
      at processParams (node_modules/router/index.js:582:12)
      at next (node_modules/router/index.js:291:5)
      at router.handle (node_modules/router/index.js:186:3)
      at router (node_modules/router/index.js:60:12)
      at Layer.handleRequest (node_modules/router/lib/layer.js:152:17)
      at trimPrefix (node_modules/router/index.js:342:13)
      at node_modules/router/index.js:297:9
      at processParams (node_modules/router/index.js:582:12)
      at next (node_modules/router/index.js:291:5)
      at node_modules/router/index.js:688:15
      at next (node_modules/router/index.js:276:14)
      at router.handle (node_modules/router/index.js:186:3)
      at router (node_modules/router/index.js:60:12)
      at Layer.handleRequest (node_modules/router/lib/layer.js:152:17)
      at trimPrefix (node_modules/router/index.js:342:13)
      at node_modules/router/index.js:297:9
      at processParams (node_modules/router/index.js:582:12)
      at next (node_modules/router/index.js:291:5)
      at node_modules/router/index.js:688:15
      at next (node_modules/router/index.js:276:14)
      at router.handle (node_modules/router/index.js:186:3)
      at router (node_modules/router/index.js:60:12)
      at Layer.handleRequest (node_modules/router/lib/layer.js:152:17)
      at trimPrefix (node_modules/router/index.js:342:13)
      at node_modules/router/index.js:297:9
      at processParams (node_modules/router/index.js:582:12)
      at next (node_modules/router/index.js:291:5)
      at node_modules/router/index.js:688:15
      at next (node_modules/router/index.js:276:14)
      at router.handle (node_modules/router/index.js:186:3)
      at router (node_modules/router/index.js:60:12)
      at Layer.handleRequest (node_modules/router/lib/layer.js:152:17)
      at trimPrefix (node_modules/router/index.js:342:13)
      at node_modules/router/index.js:297:9
      at processParams (node_modules/router/index.js:582:12)
      at next (node_modules/router/index.js:291:5)
      at node_modules/router/index.js:688:15
      at next (node_modules/router/index.js:276:14)
      at router.handle (node_modules/router/index.js:186:3)
      at router (node_modules/router/index.js:60:12)
      at Layer.handleRequest (node_modules/router/lib/layer.js:152:17)
      at trimPrefix (node_modules/router/index.js:342:13)
      at node_modules/router/index.js:297:9
      at processParams (node_modules/router/index.js:582:12)
      at next (node_modules/router/index.js:291:5)
      at router.handle (node_modules/router/index.js:186:3)
      at router (node_modules/router/index.js:60:12)
      at Layer.handleRequest (node_modules/router/lib/layer.js:152:17)
      at trimPrefix (node_modules/router/index.js:342:13)
      at node_modules/router/index.js:297:9
      at processParams (node_modules/router/index.js:582:12)
      at next (node_modules/router/index.js:291:5)
      at SendStream.error (node_modules/serve-static/index.js:120:7)
      at SendStream.error (node_modules/send/index.js:168:17)
      at SendStream.onStatError (node_modules/send/index.js:315:12)
      at next (node_modules/send/index.js:621:16)
      at onstat (node_modules/send/index.js:609:14)

2026-09-21 17:16:07 [33mwarn[39m: No tienes permisos para realizar esta acci├│n
{
  code: [32m'FORBIDDEN'[39m,
  details: [1mnull[22m,
  path: [32m'/api/academic/evaluation-results/teacher/da03db85-b490-4fff-910f-156d846d492e/summary'[39m,
  method: [32m'GET'[39m
}
2026-09-21 17:16:07 [32minfo[39m: GET /api/academic/evaluation-results/teacher/da03db85-b490-4fff-910f-156d846d492e/summary 403 - 7ms
{
  requestId: [32m'1c3b9af1-6a7b-412e-8d6c-c22ea825e89d'[39m,
  ip: [32m'::ffff:127.0.0.1'[39m,
  userAgent: [90mundefined[39m
}
  console.warn
    [authorizeTenant] SUPERADMIN detectado en una ruta de tenant. Migra a authorizePlatform().

    [0m [90m 133 |[39m     [90m// regresi├│n silenciosa al patr├│n anterior.[39m
     [90m 134 |[39m     [36mif[39m (process[33m.[39menv[33m.[39m[33mNODE_ENV[39m [33m!==[39m [32m'production'[39m) {
    [31m[1m>[22m[39m[90m 135 |[39m       console[33m.[39mwarn(
     [90m     |[39m               [31m[1m^[22m[39m
     [90m 136 |[39m         [32m'[authorizeTenant] SUPERADMIN detectado en una ruta de tenant. Migra a authorizePlatform().'[39m
     [90m 137 |[39m       )[33m;[39m
     [90m 138 |[39m     }[0m

      at src/middlewares/auth.middleware.js:135:15
      at Layer.handleRequest (node_modules/router/lib/layer.js:152:17)
      at next (node_modules/router/lib/route.js:157:13)
      at src/middlewares/auth.middleware.js:56:12
      at Layer.handleRequest (node_modules/router/lib/layer.js:152:17)
      at next (node_modules/router/lib/route.js:157:13)
      at Route.dispatch (node_modules/router/lib/route.js:117:3)
      at handle (node_modules/router/index.js:435:11)
      at Layer.handleRequest (node_modules/router/lib/layer.js:152:17)
      at node_modules/router/index.js:295:15
      at param (node_modules/router/index.js:600:14)
      at param (node_modules/router/index.js:610:14)
      at processParams (node_modules/router/index.js:664:3)
      at next (node_modules/router/index.js:291:5)
      at router.handle (node_modules/router/index.js:186:3)
      at router (node_modules/router/index.js:60:12)
      at Layer.handleRequest (node_modules/router/lib/layer.js:152:17)
      at trimPrefix (node_modules/router/index.js:342:13)
      at node_modules/router/index.js:297:9
      at processParams (node_modules/router/index.js:582:12)
      at next (node_modules/router/index.js:291:5)
      at router.handle (node_modules/router/index.js:186:3)
      at router (node_modules/router/index.js:60:12)
      at Layer.handleRequest (node_modules/router/lib/layer.js:152:17)
      at trimPrefix (node_modules/router/index.js:342:13)
      at node_modules/router/index.js:297:9
      at processParams (node_modules/router/index.js:582:12)
      at next (node_modules/router/index.js:291:5)
      at blockSuperAdminFromTenantRoutes (src/middlewares/platformBoundary.middleware.js:33:12)
      at Layer.handleRequest (node_modules/router/lib/layer.js:152:17)
      at trimPrefix (node_modules/router/index.js:342:13)
      at node_modules/router/index.js:297:9
      at processParams (node_modules/router/index.js:582:12)
      at next (node_modules/router/index.js:291:5)
      at src/middlewares/auth.middleware.js:56:12
      at Layer.handleRequest (node_modules/router/lib/layer.js:152:17)
      at trimPrefix (node_modules/router/index.js:342:13)
      at node_modules/router/index.js:297:9
      at processParams (node_modules/router/index.js:582:12)
      at next (node_modules/router/index.js:291:5)
      at router.handle (node_modules/router/index.js:186:3)
      at router (node_modules/router/index.js:60:12)
      at Layer.handleRequest (node_modules/router/lib/layer.js:152:17)
      at trimPrefix (node_modules/router/index.js:342:13)
      at node_modules/router/index.js:297:9
      at processParams (node_modules/router/index.js:582:12)
      at next (node_modules/router/index.js:291:5)
      at node_modules/router/index.js:688:15
      at next (node_modules/router/index.js:276:14)
      at router.handle (node_modules/router/index.js:186:3)
      at router (node_modules/router/index.js:60:12)
      at Layer.handleRequest (node_modules/router/lib/layer.js:152:17)
      at trimPrefix (node_modules/router/index.js:342:13)
      at node_modules/router/index.js:297:9
      at processParams (node_modules/router/index.js:582:12)
      at next (node_modules/router/index.js:291:5)
      at node_modules/router/index.js:688:15
      at next (node_modules/router/index.js:276:14)
      at router.handle (node_modules/router/index.js:186:3)
      at router (node_modules/router/index.js:60:12)
      at Layer.handleRequest (node_modules/router/lib/layer.js:152:17)
      at trimPrefix (node_modules/router/index.js:342:13)
      at node_modules/router/index.js:297:9
      at processParams (node_modules/router/index.js:582:12)
      at next (node_modules/router/index.js:291:5)
      at node_modules/router/index.js:688:15
      at next (node_modules/router/index.js:276:14)
      at router.handle (node_modules/router/index.js:186:3)
      at router (node_modules/router/index.js:60:12)
      at Layer.handleRequest (node_modules/router/lib/layer.js:152:17)
      at trimPrefix (node_modules/router/index.js:342:13)
      at node_modules/router/index.js:297:9
      at processParams (node_modules/router/index.js:582:12)
      at next (node_modules/router/index.js:291:5)
      at node_modules/router/index.js:688:15
      at next (node_modules/router/index.js:276:14)
      at router.handle (node_modules/router/index.js:186:3)
      at router (node_modules/router/index.js:60:12)
      at Layer.handleRequest (node_modules/router/lib/layer.js:152:17)
      at trimPrefix (node_modules/router/index.js:342:13)
      at node_modules/router/index.js:297:9
      at processParams (node_modules/router/index.js:582:12)
      at next (node_modules/router/index.js:291:5)
      at router.handle (node_modules/router/index.js:186:3)
      at router (node_modules/router/index.js:60:12)
      at Layer.handleRequest (node_modules/router/lib/layer.js:152:17)
      at trimPrefix (node_modules/router/index.js:342:13)
      at node_modules/router/index.js:297:9
      at processParams (node_modules/router/index.js:582:12)
      at next (node_modules/router/index.js:291:5)
      at SendStream.error (node_modules/serve-static/index.js:120:7)
      at SendStream.error (node_modules/send/index.js:168:17)
      at SendStream.onStatError (node_modules/send/index.js:315:12)
      at next (node_modules/send/index.js:621:16)
      at onstat (node_modules/send/index.js:609:14)

2026-09-21 17:16:07 [33mwarn[39m: El docente no pertenece a tu organizaci├│n
{
  code: [32m'FORBIDDEN'[39m,
  details: [1mnull[22m,
  path: [32m'/api/academic/evaluation-results/teacher/da03db85-b490-4fff-910f-156d846d492e/summary'[39m,
  method: [32m'GET'[39m
}
2026-09-21 17:16:07 [32minfo[39m: GET /api/academic/evaluation-results/teacher/da03db85-b490-4fff-910f-156d846d492e/summary 403 - 9ms
{
  requestId: [32m'c1bdd656-6a9a-492d-953c-4a7b8f037ba9'[39m,
  ip: [32m'::ffff:127.0.0.1'[39m,
  userAgent: [90mundefined[39m
}
2026-09-21 17:16:07 [33mwarn[39m: El recurso no pertenece a tu organizaci├│n
{
  code: [32m'FORBIDDEN'[39m,
  details: [1mnull[22m,
  path: [32m'/api/academic/evaluation-criteria/f655a6f1-ee86-4464-a180-b692db1de630'[39m,
  method: [32m'GET'[39m
}
2026-09-21 17:16:07 [32minfo[39m: GET /api/academic/evaluation-criteria/f655a6f1-ee86-4464-a180-b692db1de630 403 - 2ms
{
  requestId: [32m'e820e31c-d244-4b97-8255-377311a21569'[39m,
  ip: [32m'::ffff:127.0.0.1'[39m,
  userAgent: [90mundefined[39m
}
2026-09-21 17:16:07 [33mwarn[39m: La asignaci├│n no pertenece a tu organizaci├│n
{
  code: [32m'FORBIDDEN'[39m,
  details: [1mnull[22m,
  path: [32m'/api/academic/evaluation-responses'[39m,
  method: [32m'POST'[39m
}
2026-09-21 17:16:07 [32minfo[39m: POST /api/academic/evaluation-responses 403 - 3ms
{
  requestId: [32m'80dcd2dc-7c92-4b61-b044-2c3cde8ba53a'[39m,
  ip: [32m'::ffff:127.0.0.1'[39m,
  userAgent: [90mundefined[39m
}
  console.warn
    [authorizeTenant] SUPERADMIN detectado en una ruta de tenant. Migra a authorizePlatform().

    [0m [90m 133 |[39m     [90m// regresi├│n silenciosa al patr├│n anterior.[39m
     [90m 134 |[39m     [36mif[39m (process[33m.[39menv[33m.[39m[33mNODE_ENV[39m [33m!==[39m [32m'production'[39m) {
    [31m[1m>[22m[39m[90m 135 |[39m       console[33m.[39mwarn(
     [90m     |[39m               [31m[1m^[22m[39m
     [90m 136 |[39m         [32m'[authorizeTenant] SUPERADMIN detectado en una ruta de tenant. Migra a authorizePlatform().'[39m
     [90m 137 |[39m       )[33m;[39m
     [90m 138 |[39m     }[0m

      at src/middlewares/auth.middleware.js:135:15
      at Layer.handleRequest (node_modules/router/lib/layer.js:152:17)
      at next (node_modules/router/lib/route.js:157:13)
      at src/middlewares/auth.middleware.js:56:12
      at Layer.handleRequest (node_modules/router/lib/layer.js:152:17)
      at next (node_modules/router/lib/route.js:157:13)
      at Route.dispatch (node_modules/router/lib/route.js:117:3)
      at handle (node_modules/router/index.js:435:11)
      at Layer.handleRequest (node_modules/router/lib/layer.js:152:17)
      at node_modules/router/index.js:295:15
      at param (node_modules/router/index.js:600:14)
      at param (node_modules/router/index.js:610:14)
      at processParams (node_modules/router/index.js:664:3)
      at next (node_modules/router/index.js:291:5)
      at router.handle (node_modules/router/index.js:186:3)
      at router (node_modules/router/index.js:60:12)
      at Layer.handleRequest (node_modules/router/lib/layer.js:152:17)
      at trimPrefix (node_modules/router/index.js:342:13)
      at node_modules/router/index.js:297:9
      at processParams (node_modules/router/index.js:582:12)
      at next (node_modules/router/index.js:291:5)
      at router.handle (node_modules/router/index.js:186:3)
      at router (node_modules/router/index.js:60:12)
      at Layer.handleRequest (node_modules/router/lib/layer.js:152:17)
      at trimPrefix (node_modules/router/index.js:342:13)
      at node_modules/router/index.js:297:9
      at processParams (node_modules/router/index.js:582:12)
      at next (node_modules/router/index.js:291:5)
      at blockSuperAdminFromTenantRoutes (src/middlewares/platformBoundary.middleware.js:33:12)
      at Layer.handleRequest (node_modules/router/lib/layer.js:152:17)
      at trimPrefix (node_modules/router/index.js:342:13)
      at node_modules/router/index.js:297:9
      at processParams (node_modules/router/index.js:582:12)
      at next (node_modules/router/index.js:291:5)
      at src/middlewares/auth.middleware.js:56:12
      at Layer.handleRequest (node_modules/router/lib/layer.js:152:17)
      at trimPrefix (node_modules/router/index.js:342:13)
      at node_modules/router/index.js:297:9
      at processParams (node_modules/router/index.js:582:12)
      at next (node_modules/router/index.js:291:5)
      at router.handle (node_modules/router/index.js:186:3)
      at router (node_modules/router/index.js:60:12)
      at Layer.handleRequest (node_modules/router/lib/layer.js:152:17)
      at trimPrefix (node_modules/router/index.js:342:13)
      at node_modules/router/index.js:297:9
      at processParams (node_modules/router/index.js:582:12)
      at next (node_modules/router/index.js:291:5)
      at node_modules/router/index.js:688:15
      at next (node_modules/router/index.js:276:14)
      at router.handle (node_modules/router/index.js:186:3)
      at router (node_modules/router/index.js:60:12)
      at Layer.handleRequest (node_modules/router/lib/layer.js:152:17)
      at trimPrefix (node_modules/router/index.js:342:13)
      at node_modules/router/index.js:297:9
      at processParams (node_modules/router/index.js:582:12)
      at next (node_modules/router/index.js:291:5)
      at node_modules/router/index.js:688:15
      at next (node_modules/router/index.js:276:14)
      at router.handle (node_modules/router/index.js:186:3)
      at router (node_modules/router/index.js:60:12)
      at Layer.handleRequest (node_modules/router/lib/layer.js:152:17)
      at trimPrefix (node_modules/router/index.js:342:13)
      at node_modules/router/index.js:297:9
      at processParams (node_modules/router/index.js:582:12)
      at next (node_modules/router/index.js:291:5)
      at node_modules/router/index.js:688:15
      at next (node_modules/router/index.js:276:14)
      at router.handle (node_modules/router/index.js:186:3)
      at router (node_modules/router/index.js:60:12)
      at Layer.handleRequest (node_modules/router/lib/layer.js:152:17)
      at trimPrefix (node_modules/router/index.js:342:13)
      at node_modules/router/index.js:297:9
      at processParams (node_modules/router/index.js:582:12)
      at next (node_modules/router/index.js:291:5)
      at node_modules/router/index.js:688:15
      at next (node_modules/router/index.js:276:14)
      at router.handle (node_modules/router/index.js:186:3)
      at router (node_modules/router/index.js:60:12)
      at Layer.handleRequest (node_modules/router/lib/layer.js:152:17)
      at trimPrefix (node_modules/router/index.js:342:13)
      at node_modules/router/index.js:297:9
      at processParams (node_modules/router/index.js:582:12)
      at next (node_modules/router/index.js:291:5)
      at router.handle (node_modules/router/index.js:186:3)
      at router (node_modules/router/index.js:60:12)
      at Layer.handleRequest (node_modules/router/lib/layer.js:152:17)
      at trimPrefix (node_modules/router/index.js:342:13)
      at node_modules/router/index.js:297:9
      at processParams (node_modules/router/index.js:582:12)
      at next (node_modules/router/index.js:291:5)
      at SendStream.error (node_modules/serve-static/index.js:120:7)
      at SendStream.error (node_modules/send/index.js:168:17)
      at SendStream.onStatError (node_modules/send/index.js:315:12)
      at next (node_modules/send/index.js:621:16)
      at onstat (node_modules/send/index.js:609:14)

2026-09-21 17:16:07 [33mwarn[39m: El docente no pertenece a tu organizaci├│n
{
  code: [32m'FORBIDDEN'[39m,
  details: [1mnull[22m,
  path: [32m'/api/academic/evaluation-results/teacher/d0719f5a-3eea-4724-964f-fbfc4610e84a/summary'[39m,
  method: [32m'GET'[39m
}
2026-09-21 17:16:07 [32minfo[39m: GET /api/academic/evaluation-results/teacher/d0719f5a-3eea-4724-964f-fbfc4610e84a/summary 403 - 6ms
{
  requestId: [32m'70a14a4f-8487-4d01-b50c-12daaad755e2'[39m,
  ip: [32m'::ffff:127.0.0.1'[39m,
  userAgent: [90mundefined[39m
}
  console.warn
    [authorizeTenant] SUPERADMIN detectado en una ruta de tenant. Migra a authorizePlatform().

    [0m [90m 133 |[39m     [90m// regresi├│n silenciosa al patr├│n anterior.[39m
     [90m 134 |[39m     [36mif[39m (process[33m.[39menv[33m.[39m[33mNODE_ENV[39m [33m!==[39m [32m'production'[39m) {
    [31m[1m>[22m[39m[90m 135 |[39m       console[33m.[39mwarn(
     [90m     |[39m               [31m[1m^[22m[39m
     [90m 136 |[39m         [32m'[authorizeTenant] SUPERADMIN detectado en una ruta de tenant. Migra a authorizePlatform().'[39m
     [90m 137 |[39m       )[33m;[39m
     [90m 138 |[39m     }[0m

      at src/middlewares/auth.middleware.js:135:15
      at Layer.handleRequest (node_modules/router/lib/layer.js:152:17)
      at next (node_modules/router/lib/route.js:157:13)
      at src/middlewares/auth.middleware.js:56:12
      at Layer.handleRequest (node_modules/router/lib/layer.js:152:17)
      at next (node_modules/router/lib/route.js:157:13)
      at Route.dispatch (node_modules/router/lib/route.js:117:3)
      at handle (node_modules/router/index.js:435:11)
      at Layer.handleRequest (node_modules/router/lib/layer.js:152:17)
      at node_modules/router/index.js:295:15
      at param (node_modules/router/index.js:600:14)
      at param (node_modules/router/index.js:610:14)
      at processParams (node_modules/router/index.js:664:3)
      at next (node_modules/router/index.js:291:5)
      at router.handle (node_modules/router/index.js:186:3)
      at router (node_modules/router/index.js:60:12)
      at Layer.handleRequest (node_modules/router/lib/layer.js:152:17)
      at trimPrefix (node_modules/router/index.js:342:13)
      at node_modules/router/index.js:297:9
      at processParams (node_modules/router/index.js:582:12)
      at next (node_modules/router/index.js:291:5)
      at router.handle (node_modules/router/index.js:186:3)
      at router (node_modules/router/index.js:60:12)
      at Layer.handleRequest (node_modules/router/lib/layer.js:152:17)
      at trimPrefix (node_modules/router/index.js:342:13)
      at node_modules/router/index.js:297:9
      at processParams (node_modules/router/index.js:582:12)
      at next (node_modules/router/index.js:291:5)
      at blockSuperAdminFromTenantRoutes (src/middlewares/platformBoundary.middleware.js:33:12)
      at Layer.handleRequest (node_modules/router/lib/layer.js:152:17)
      at trimPrefix (node_modules/router/index.js:342:13)
      at node_modules/router/index.js:297:9
      at processParams (node_modules/router/index.js:582:12)
      at next (node_modules/router/index.js:291:5)
      at src/middlewares/auth.middleware.js:56:12
      at Layer.handleRequest (node_modules/router/lib/layer.js:152:17)
      at trimPrefix (node_modules/router/index.js:342:13)
      at node_modules/router/index.js:297:9
      at processParams (node_modules/router/index.js:582:12)
      at next (node_modules/router/index.js:291:5)
      at router.handle (node_modules/router/index.js:186:3)
      at router (node_modules/router/index.js:60:12)
      at Layer.handleRequest (node_modules/router/lib/layer.js:152:17)
      at trimPrefix (node_modules/router/index.js:342:13)
      at node_modules/router/index.js:297:9
      at processParams (node_modules/router/index.js:582:12)
      at next (node_modules/router/index.js:291:5)
      at node_modules/router/index.js:688:15
      at next (node_modules/router/index.js:276:14)
      at router.handle (node_modules/router/index.js:186:3)
      at router (node_modules/router/index.js:60:12)
      at Layer.handleRequest (node_modules/router/lib/layer.js:152:17)
      at trimPrefix (node_modules/router/index.js:342:13)
      at node_modules/router/index.js:297:9
      at processParams (node_modules/router/index.js:582:12)
      at next (node_modules/router/index.js:291:5)
      at node_modules/router/index.js:688:15
      at next (node_modules/router/index.js:276:14)
      at router.handle (node_modules/router/index.js:186:3)
      at router (node_modules/router/index.js:60:12)
      at Layer.handleRequest (node_modules/router/lib/layer.js:152:17)
      at trimPrefix (node_modules/router/index.js:342:13)
      at node_modules/router/index.js:297:9
      at processParams (node_modules/router/index.js:582:12)
      at next (node_modules/router/index.js:291:5)
      at node_modules/router/index.js:688:15
      at next (node_modules/router/index.js:276:14)
      at router.handle (node_modules/router/index.js:186:3)
      at router (node_modules/router/index.js:60:12)
      at Layer.handleRequest (node_modules/router/lib/layer.js:152:17)
      at trimPrefix (node_modules/router/index.js:342:13)
      at node_modules/router/index.js:297:9
      at processParams (node_modules/router/index.js:582:12)
      at next (node_modules/router/index.js:291:5)
      at node_modules/router/index.js:688:15
      at next (node_modules/router/index.js:276:14)
      at router.handle (node_modules/router/index.js:186:3)
      at router (node_modules/router/index.js:60:12)
      at Layer.handleRequest (node_modules/router/lib/layer.js:152:17)
      at trimPrefix (node_modules/router/index.js:342:13)
      at node_modules/router/index.js:297:9
      at processParams (node_modules/router/index.js:582:12)
      at next (node_modules/router/index.js:291:5)
      at router.handle (node_modules/router/index.js:186:3)
      at router (node_modules/router/index.js:60:12)
      at Layer.handleRequest (node_modules/router/lib/layer.js:152:17)
      at trimPrefix (node_modules/router/index.js:342:13)
      at node_modules/router/index.js:297:9
      at processParams (node_modules/router/index.js:582:12)
      at next (node_modules/router/index.js:291:5)
      at serveStatic (node_modules/serve-static/index.js:74:16)
      at Layer.handleRequest (node_modules/router/lib/layer.js:152:17)
      at trimPrefix (node_modules/router/index.js:342:13)
      at node_modules/router/index.js:297:9
      at processParams (node_modules/router/index.js:582:12)
      at next (node_modules/router/index.js:291:5)
      at src/app.js:107:3

2026-09-21 17:16:07 [33mwarn[39m: El recurso no pertenece a tu organizaci├│n
{
  code: [32m'FORBIDDEN'[39m,
  details: [1mnull[22m,
  path: [32m'/api/academic/evaluation-criteria/d3b5d661-3676-470c-a475-75396f06cf37'[39m,
  method: [32m'PUT'[39m
}
2026-09-21 17:16:07 [32minfo[39m: PUT /api/academic/evaluation-criteria/d3b5d661-3676-470c-a475-75396f06cf37 403 - 4ms
{
  requestId: [32m'5f28c425-24a9-42ac-98fb-6f68c13688c3'[39m,
  ip: [32m'::ffff:127.0.0.1'[39m,
  userAgent: [90mundefined[39m
}
  console.warn
    [authorizeTenant] SUPERADMIN detectado en una ruta de tenant. Migra a authorizePlatform().

    [0m [90m 133 |[39m     [90m// regresi├│n silenciosa al patr├│n anterior.[39m
     [90m 134 |[39m     [36mif[39m (process[33m.[39menv[33m.[39m[33mNODE_ENV[39m [33m!==[39m [32m'production'[39m) {
    [31m[1m>[22m[39m[90m 135 |[39m       console[33m.[39mwarn(
     [90m     |[39m               [31m[1m^[22m[39m
     [90m 136 |[39m         [32m'[authorizeTenant] SUPERADMIN detectado en una ruta de tenant. Migra a authorizePlatform().'[39m
     [90m 137 |[39m       )[33m;[39m
     [90m 138 |[39m     }[0m

      at src/middlewares/auth.middleware.js:135:15
      at Layer.handleRequest (node_modules/router/lib/layer.js:152:17)
      at next (node_modules/router/lib/route.js:157:13)
      at src/middlewares/auth.middleware.js:56:12
      at Layer.handleRequest (node_modules/router/lib/layer.js:152:17)
      at next (node_modules/router/lib/route.js:157:13)
      at Route.dispatch (node_modules/router/lib/route.js:117:3)
      at handle (node_modules/router/index.js:435:11)
      at Layer.handleRequest (node_modules/router/lib/layer.js:152:17)
      at node_modules/router/index.js:295:15
      at param (node_modules/router/index.js:600:14)
      at param (node_modules/router/index.js:610:14)
      at processParams (node_modules/router/index.js:664:3)
      at next (node_modules/router/index.js:291:5)
      at router.handle (node_modules/router/index.js:186:3)
      at router (node_modules/router/index.js:60:12)
      at Layer.handleRequest (node_modules/router/lib/layer.js:152:17)
      at trimPrefix (node_modules/router/index.js:342:13)
      at node_modules/router/index.js:297:9
      at processParams (node_modules/router/index.js:582:12)
      at next (node_modules/router/index.js:291:5)
      at router.handle (node_modules/router/index.js:186:3)
      at router (node_modules/router/index.js:60:12)
      at Layer.handleRequest (node_modules/router/lib/layer.js:152:17)
      at trimPrefix (node_modules/router/index.js:342:13)
      at node_modules/router/index.js:297:9
      at processParams (node_modules/router/index.js:582:12)
      at next (node_modules/router/index.js:291:5)
      at blockSuperAdminFromTenantRoutes (src/middlewares/platformBoundary.middleware.js:33:12)
      at Layer.handleRequest (node_modules/router/lib/layer.js:152:17)
      at trimPrefix (node_modules/router/index.js:342:13)
      at node_modules/router/index.js:297:9
      at processParams (node_modules/router/index.js:582:12)
      at next (node_modules/router/index.js:291:5)
      at src/middlewares/auth.middleware.js:56:12
      at Layer.handleRequest (node_modules/router/lib/layer.js:152:17)
      at trimPrefix (node_modules/router/index.js:342:13)
      at node_modules/router/index.js:297:9
      at processParams (node_modules/router/index.js:582:12)
      at next (node_modules/router/index.js:291:5)
      at router.handle (node_modules/router/index.js:186:3)
      at router (node_modules/router/index.js:60:12)
      at Layer.handleRequest (node_modules/router/lib/layer.js:152:17)
      at trimPrefix (node_modules/router/index.js:342:13)
      at node_modules/router/index.js:297:9
      at processParams (node_modules/router/index.js:582:12)
      at next (node_modules/router/index.js:291:5)
      at node_modules/router/index.js:688:15
      at next (node_modules/router/index.js:276:14)
      at router.handle (node_modules/router/index.js:186:3)
      at router (node_modules/router/index.js:60:12)
      at Layer.handleRequest (node_modules/router/lib/layer.js:152:17)
      at trimPrefix (node_modules/router/index.js:342:13)
      at node_modules/router/index.js:297:9
      at processParams (node_modules/router/index.js:582:12)
      at next (node_modules/router/index.js:291:5)
      at node_modules/router/index.js:688:15
      at next (node_modules/router/index.js:276:14)
      at router.handle (node_modules/router/index.js:186:3)
      at router (node_modules/router/index.js:60:12)
      at Layer.handleRequest (node_modules/router/lib/layer.js:152:17)
      at trimPrefix (node_modules/router/index.js:342:13)
      at node_modules/router/index.js:297:9
      at processParams (node_modules/router/index.js:582:12)
      at next (node_modules/router/index.js:291:5)
      at node_modules/router/index.js:688:15
      at next (node_modules/router/index.js:276:14)
      at router.handle (node_modules/router/index.js:186:3)
      at router (node_modules/router/index.js:60:12)
      at Layer.handleRequest (node_modules/router/lib/layer.js:152:17)
      at trimPrefix (node_modules/router/index.js:342:13)
      at node_modules/router/index.js:297:9
      at processParams (node_modules/router/index.js:582:12)
      at next (node_modules/router/index.js:291:5)
      at node_modules/router/index.js:688:15
      at next (node_modules/router/index.js:276:14)
      at router.handle (node_modules/router/index.js:186:3)
      at router (node_modules/router/index.js:60:12)
      at Layer.handleRequest (node_modules/router/lib/layer.js:152:17)
      at trimPrefix (node_modules/router/index.js:342:13)
      at node_modules/router/index.js:297:9
      at processParams (node_modules/router/index.js:582:12)
      at next (node_modules/router/index.js:291:5)
      at router.handle (node_modules/router/index.js:186:3)
      at router (node_modules/router/index.js:60:12)
      at Layer.handleRequest (node_modules/router/lib/layer.js:152:17)
      at trimPrefix (node_modules/router/index.js:342:13)
      at node_modules/router/index.js:297:9
      at processParams (node_modules/router/index.js:582:12)
      at next (node_modules/router/index.js:291:5)
      at serveStatic (node_modules/serve-static/index.js:74:16)
      at Layer.handleRequest (node_modules/router/lib/layer.js:152:17)
      at trimPrefix (node_modules/router/index.js:342:13)
      at node_modules/router/index.js:297:9
      at processParams (node_modules/router/index.js:582:12)
      at next (node_modules/router/index.js:291:5)
      at src/app.js:107:3

2026-09-21 17:16:07 [33mwarn[39m: El recurso no pertenece a tu organizaci├│n
{
  code: [32m'FORBIDDEN'[39m,
  details: [1mnull[22m,
  path: [32m'/api/academic/evaluation-criteria/e2bb02e0-6cbe-405b-9e86-b9283df2ef15/toggle'[39m,
  method: [32m'PATCH'[39m
}
2026-09-21 17:16:07 [32minfo[39m: PATCH /api/academic/evaluation-criteria/e2bb02e0-6cbe-405b-9e86-b9283df2ef15/toggle 403 - 4ms
{
  requestId: [32m'b22cad74-56d1-4d48-ac22-3c415ce8cfad'[39m,
  ip: [32m'::ffff:127.0.0.1'[39m,
  userAgent: [90mundefined[39m
}
  console.warn
    [authorizeTenant] SUPERADMIN detectado en una ruta de tenant. Migra a authorizePlatform().

    [0m [90m 133 |[39m     [90m// regresi├│n silenciosa al patr├│n anterior.[39m
     [90m 134 |[39m     [36mif[39m (process[33m.[39menv[33m.[39m[33mNODE_ENV[39m [33m!==[39m [32m'production'[39m) {
    [31m[1m>[22m[39m[90m 135 |[39m       console[33m.[39mwarn(
     [90m     |[39m               [31m[1m^[22m[39m
     [90m 136 |[39m         [32m'[authorizeTenant] SUPERADMIN detectado en una ruta de tenant. Migra a authorizePlatform().'[39m
     [90m 137 |[39m       )[33m;[39m
     [90m 138 |[39m     }[0m

      at src/middlewares/auth.middleware.js:135:15
      at Layer.handleRequest (node_modules/router/lib/layer.js:152:17)
      at next (node_modules/router/lib/route.js:157:13)
      at src/middlewares/auth.middleware.js:56:12
      at Layer.handleRequest (node_modules/router/lib/layer.js:152:17)
      at next (node_modules/router/lib/route.js:157:13)
      at Route.dispatch (node_modules/router/lib/route.js:117:3)
      at handle (node_modules/router/index.js:435:11)
      at Layer.handleRequest (node_modules/router/lib/layer.js:152:17)
      at node_modules/router/index.js:295:15
      at param (node_modules/router/index.js:600:14)
      at param (node_modules/router/index.js:610:14)
      at processParams (node_modules/router/index.js:664:3)
      at next (node_modules/router/index.js:291:5)
      at router.handle (node_modules/router/index.js:186:3)
      at router (node_modules/router/index.js:60:12)
      at Layer.handleRequest (node_modules/router/lib/layer.js:152:17)
      at trimPrefix (node_modules/router/index.js:342:13)
      at node_modules/router/index.js:297:9
      at processParams (node_modules/router/index.js:582:12)
      at next (node_modules/router/index.js:291:5)
      at router.handle (node_modules/router/index.js:186:3)
      at router (node_modules/router/index.js:60:12)
      at Layer.handleRequest (node_modules/router/lib/layer.js:152:17)
      at trimPrefix (node_modules/router/index.js:342:13)
      at node_modules/router/index.js:297:9
      at processParams (node_modules/router/index.js:582:12)
      at next (node_modules/router/index.js:291:5)
      at blockSuperAdminFromTenantRoutes (src/middlewares/platformBoundary.middleware.js:33:12)
      at Layer.handleRequest (node_modules/router/lib/layer.js:152:17)
      at trimPrefix (node_modules/router/index.js:342:13)
      at node_modules/router/index.js:297:9
      at processParams (node_modules/router/index.js:582:12)
      at next (node_modules/router/index.js:291:5)
      at src/middlewares/auth.middleware.js:56:12
      at Layer.handleRequest (node_modules/router/lib/layer.js:152:17)
      at trimPrefix (node_modules/router/index.js:342:13)
      at node_modules/router/index.js:297:9
      at processParams (node_modules/router/index.js:582:12)
      at next (node_modules/router/index.js:291:5)
      at router.handle (node_modules/router/index.js:186:3)
      at router (node_modules/router/index.js:60:12)
      at Layer.handleRequest (node_modules/router/lib/layer.js:152:17)
      at trimPrefix (node_modules/router/index.js:342:13)
      at node_modules/router/index.js:297:9
      at processParams (node_modules/router/index.js:582:12)
      at next (node_modules/router/index.js:291:5)
      at node_modules/router/index.js:688:15
      at next (node_modules/router/index.js:276:14)
      at router.handle (node_modules/router/index.js:186:3)
      at router (node_modules/router/index.js:60:12)
      at Layer.handleRequest (node_modules/router/lib/layer.js:152:17)
      at trimPrefix (node_modules/router/index.js:342:13)
      at node_modules/router/index.js:297:9
      at processParams (node_modules/router/index.js:582:12)
      at next (node_modules/router/index.js:291:5)
      at node_modules/router/index.js:688:15
      at next (node_modules/router/index.js:276:14)
      at router.handle (node_modules/router/index.js:186:3)
      at router (node_modules/router/index.js:60:12)
      at Layer.handleRequest (node_modules/router/lib/layer.js:152:17)
      at trimPrefix (node_modules/router/index.js:342:13)
      at node_modules/router/index.js:297:9
      at processParams (node_modules/router/index.js:582:12)
      at next (node_modules/router/index.js:291:5)
      at node_modules/router/index.js:688:15
      at next (node_modules/router/index.js:276:14)
      at router.handle (node_modules/router/index.js:186:3)
      at router (node_modules/router/index.js:60:12)
      at Layer.handleRequest (node_modules/router/lib/layer.js:152:17)
      at trimPrefix (node_modules/router/index.js:342:13)
      at node_modules/router/index.js:297:9
      at processParams (node_modules/router/index.js:582:12)
      at next (node_modules/router/index.js:291:5)
      at node_modules/router/index.js:688:15
      at next (node_modules/router/index.js:276:14)
      at router.handle (node_modules/router/index.js:186:3)
      at router (node_modules/router/index.js:60:12)
      at Layer.handleRequest (node_modules/router/lib/layer.js:152:17)
      at trimPrefix (node_modules/router/index.js:342:13)
      at node_modules/router/index.js:297:9
      at processParams (node_modules/router/index.js:582:12)
      at next (node_modules/router/index.js:291:5)
      at router.handle (node_modules/router/index.js:186:3)
      at router (node_modules/router/index.js:60:12)
      at Layer.handleRequest (node_modules/router/lib/layer.js:152:17)
      at trimPrefix (node_modules/router/index.js:342:13)
      at node_modules/router/index.js:297:9
      at processParams (node_modules/router/index.js:582:12)
      at next (node_modules/router/index.js:291:5)
      at serveStatic (node_modules/serve-static/index.js:74:16)
      at Layer.handleRequest (node_modules/router/lib/layer.js:152:17)
      at trimPrefix (node_modules/router/index.js:342:13)
      at node_modules/router/index.js:297:9
      at processParams (node_modules/router/index.js:582:12)
      at next (node_modules/router/index.js:291:5)
      at src/app.js:107:3

2026-09-21 17:16:07 [33mwarn[39m: El recurso no pertenece a tu organizaci├│n
{
  code: [32m'FORBIDDEN'[39m,
  details: [1mnull[22m,
  path: [32m'/api/academic/evaluation-criteria/6f4edff2-b1a2-43cd-997f-851deb0fe722'[39m,
  method: [32m'DELETE'[39m
}
2026-09-21 17:16:07 [32minfo[39m: DELETE /api/academic/evaluation-criteria/6f4edff2-b1a2-43cd-997f-851deb0fe722 403 - 4ms
{
  requestId: [32m'bf3b1f36-5e93-4090-9e96-12914c684b97'[39m,
  ip: [32m'::ffff:127.0.0.1'[39m,
  userAgent: [90mundefined[39m
}
2026-09-21 17:16:08 [31merror[39m: Prisma Validation Error: 
Invalid `prisma.evaluationResponse.findUnique()` invocation in
C:\campusvote\src\modules\academic\teachingEvaluation\evaluationResponse.service.js:160:52

  157 const assignment = await validateStudentAndAssignment(teachingAssignmentId, actor);
  158 
  159 // Verificar que no exista ya una evaluaci├│n para esta asignaci├│n
ÔåÆ 160 const existing = await prisma.evaluationResponse.findUnique({
        where: {
          teachingAssignmentId_studentId: {
          ~~~~~~~~~~~~~~~~~~~~~~~~~~~~~~
            teachingAssignmentId: "94da3f2f-270f-45df-8cd1-4148b4058aff",
            studentId: "681b2f89-c68f-4baf-804b-e6f14e6ec42d"
          },
      ?   id?: String,
      ?   uq_evaluation_responses_assignment_student?: EvaluationResponseUq_evaluation_responses_assignment_studentCompoundUniqueInput,
      ?   AND?: EvaluationResponseWhereInput | EvaluationResponseWhereInput[],
      ?   OR?: EvaluationResponseWhereInput[],
      ?   NOT?: EvaluationResponseWhereInput | EvaluationResponseWhereInput[],
      ?   teachingAssignmentId?: UuidFilter | String,
      ?   studentId?: UuidFilter | String,
      ?   status?: EnumEvaluationResponseStatusFilter | EvaluationResponseStatus,
      ?   submittedAt?: DateTimeNullableFilter | DateTime | Null,
      ?   comment?: StringNullableFilter | String | Null,
      ?   createdAt?: DateTimeFilter | DateTime,
      ?   updatedAt?: DateTimeFilter | DateTime,
      ?   teachingAssignment?: TeachingAssignmentScalarRelationFilter | TeachingAssignmentWhereInput,
      ?   student?: UserScalarRelationFilter | UserWhereInput,
      ?   details?: EvaluationResponseDetailListRelationFilter
        }
      })

Unknown argument `teachingAssignmentId_studentId`. Available options are marked with ?.
{ path: [32m'/api/academic/evaluation-responses'[39m, method: [32m'POST'[39m }
2026-09-21 17:16:08 [32minfo[39m: POST /api/academic/evaluation-responses 400 - 5ms
{
  requestId: [32m'b23be26f-9d8e-47bf-a3ca-9253c9afe941'[39m,
  ip: [32m'::ffff:127.0.0.1'[39m,
  userAgent: [90mundefined[39m
}
2026-09-21 17:16:08 [31merror[39m: Prisma Validation Error: 
Invalid `prisma.evaluationResponse.findUnique()` invocation in
C:\campusvote\src\modules\academic\teachingEvaluation\evaluationResponse.service.js:160:52

  157 const assignment = await validateStudentAndAssignment(teachingAssignmentId, actor);
  158 
  159 // Verificar que no exista ya una evaluaci├│n para esta asignaci├│n
ÔåÆ 160 const existing = await prisma.evaluationResponse.findUnique({
        where: {
          teachingAssignmentId_studentId: {
          ~~~~~~~~~~~~~~~~~~~~~~~~~~~~~~
            teachingAssignmentId: "94da3f2f-270f-45df-8cd1-4148b4058aff",
            studentId: "681b2f89-c68f-4baf-804b-e6f14e6ec42d"
          },
      ?   id?: String,
      ?   uq_evaluation_responses_assignment_student?: EvaluationResponseUq_evaluation_responses_assignment_studentCompoundUniqueInput,
      ?   AND?: EvaluationResponseWhereInput | EvaluationResponseWhereInput[],
      ?   OR?: EvaluationResponseWhereInput[],
      ?   NOT?: EvaluationResponseWhereInput | EvaluationResponseWhereInput[],
      ?   teachingAssignmentId?: UuidFilter | String,
      ?   studentId?: UuidFilter | String,
      ?   status?: EnumEvaluationResponseStatusFilter | EvaluationResponseStatus,
      ?   submittedAt?: DateTimeNullableFilter | DateTime | Null,
      ?   comment?: StringNullableFilter | String | Null,
      ?   createdAt?: DateTimeFilter | DateTime,
      ?   updatedAt?: DateTimeFilter | DateTime,
      ?   teachingAssignment?: TeachingAssignmentScalarRelationFilter | TeachingAssignmentWhereInput,
      ?   student?: UserScalarRelationFilter | UserWhereInput,
      ?   details?: EvaluationResponseDetailListRelationFilter
        }
      })

Unknown argument `teachingAssignmentId_studentId`. Available options are marked with ?.
{ path: [32m'/api/academic/evaluation-responses'[39m, method: [32m'POST'[39m }
2026-09-21 17:16:08 [32minfo[39m: POST /api/academic/evaluation-responses 400 - 5ms
{
  requestId: [32m'ccd80aa6-9045-485d-b9fe-13cddb4fb60c'[39m,
  ip: [32m'::ffff:127.0.0.1'[39m,
  userAgent: [90mundefined[39m
}
2026-09-21 17:16:08 [32minfo[39m: GET /api/academic/evaluation-criteria 200 - 2ms
{
  requestId: [32m'f5c6b45e-6de5-464d-bc38-9da2346f7e14'[39m,
  ip: [32m'::ffff:127.0.0.1'[39m,
  userAgent: [90mundefined[39m
}
2026-09-21 17:16:08 [32minfo[39m: GET /api/academic/evaluation-responses/mine 200 - 4ms
{
  requestId: [32m'ffa3b65a-f7c1-48aa-83b2-1a6ace7aecbc'[39m,
  ip: [32m'::ffff:127.0.0.1'[39m,
  userAgent: [90mundefined[39m
}
FAIL tests/integration/teachingEvaluation.integration.test.js (10.28 s)
  ÔùÅ 1. Criteria CRUD + Permissions ÔÇ║ POST ÔÇö rechaza ADMIN de otra organizaci├│n

    expect(received).toBe(expected) // Object.is equality

    Expected: 409
    Received: 201

    [0m [90m 232 |[39m       [33m.[39m[36mset[39m([32m'Authorization'[39m[33m,[39m [32m`Bearer 
${tokenAdminB()}`[39m)
     [90m 233 |[39m       [33m.[39msend({ name[33m:[39m [32m'Claridad Expositiva'[39m })[33m;[39m
    [31m[1m>[22m[39m[90m 234 |[39m     expect(res[33m.[39mstatus)[33m.[39mtoBe([35m409[39m)[33m;[39m 
[90m// unique constraint o 403 seg├║n org scope[39m
     [90m     |[39m                        [31m[1m^[22m[39m
     [90m 235 |[39m   })[33m;[39m
     [90m 236 |[39m
     [90m 237 |[39m   it([32m'POST ÔÇö UNIQUE(organization_id, name) previene duplicado'[39m[33m,[39m 
[36masync[39m () [33m=>[39m {[0m

      at Object.<anonymous> (tests/integration/teachingEvaluation.integration.test.js:234:24)

  ÔùÅ 3. Create Evaluation DRAFT ÔÇ║ POST /evaluation-responses ÔÇö STUDENT crea DRAFT

    expect(received).toBe(expected) // Object.is equality

    Expected: 201
    Received: 400

    [0m [90m 319 |[39m       [33m.[39m[36mset[39m([32m'Authorization'[39m[33m,[39m [32m`Bearer 
${makeToken(studentA1)}`[39m)
     [90m 320 |[39m       [33m.[39msend({ teachingAssignmentId[33m:[39m assignment[33m.[39mid })[33m;[39m
    [31m[1m>[22m[39m[90m 321 |[39m     expect(res[33m.[39mstatus)[33m.[39mtoBe([35m201[39m)[33m;[39m
     [90m     |[39m                        [31m[1m^[22m[39m
     [90m 322 |[39m     
expect(res[33m.[39mbody[33m.[39mdata[33m.[39mstatus)[33m.[39mtoBe([32m'DRAFT'[39m)[33m;[39m
     [90m 323 |[39m     
expect(res[33m.[39mbody[33m.[39mdata[33m.[39mstudentId)[33m.[39mtoBe(studentA1[33m.[39mid)[33m;[39m
     [90m 324 |[39m     
expect(res[33m.[39mbody[33m.[39mdata[33m.[39msubmittedAt)[33m.[39mtoBeNull()[33m;[39m[0m

      at Object.<anonymous> (tests/integration/teachingEvaluation.integration.test.js:321:24)

  ÔùÅ 4. Career Isolation ÔÇ║ Student de careerA S├ì puede evaluar assignment de careerA

    expect(received).toBe(expected) // Object.is equality

    Expected: 201
    Received: 400

    [0m [90m 439 |[39m       [33m.[39m[36mset[39m([32m'Authorization'[39m[33m,[39m [32m`Bearer 
${makeToken(studentA1)}`[39m)
     [90m 440 |[39m       [33m.[39msend({ teachingAssignmentId[33m:[39m assignCareerA[33m.[39mid })[33m;[39m
    [31m[1m>[22m[39m[90m 441 |[39m     expect(res[33m.[39mstatus)[33m.[39mtoBe([35m201[39m)[33m;[39m
     [90m     |[39m                        [31m[1m^[22m[39m
     [90m 442 |[39m   })[33m;[39m
     [90m 443 |[39m })[33m;[39m
     [90m 444 |[39m[0m

      at Object.<anonymous> (tests/integration/teachingEvaluation.integration.test.js:441:24)

  ÔùÅ 6. Duplicate Response Prevention ÔÇ║ primer DRAFT creado ÔåÆ segundo rechazado

    expect(received).toBe(expected) // Object.is equality

    Expected: 201
    Received: 400

    [0m [90m 502 |[39m       [33m.[39m[36mset[39m([32m'Authorization'[39m[33m,[39m [32m`Bearer 
${makeToken(studentA1)}`[39m)
     [90m 503 |[39m       [33m.[39msend({ teachingAssignmentId[33m:[39m assignment[33m.[39mid })[33m;[39m
    [31m[1m>[22m[39m[90m 504 |[39m     expect(r1[33m.[39mstatus)[33m.[39mtoBe([35m201[39m)[33m;[39m
     [90m     |[39m                       [31m[1m^[22m[39m
     [90m 505 |[39m
     [90m 506 |[39m     [36mconst[39m r2 [33m=[39m [36mawait[39m request(app)
     [90m 507 |[39m       [33m.[39mpost([32m`${BASE}/evaluation-responses`[39m)[0m

      at Object.<anonymous> (tests/integration/teachingEvaluation.integration.test.js:504:23)

  ÔùÅ 6. Duplicate Response Prevention ÔÇ║ DRAFT ÔåÆ SUBMITTED ÔåÆ seguir bloqueado

    TypeError: Cannot read properties of null (reading 'id')

    [0m [90m 517 |[39m       where[33m:[39m { teachingAssignmentId[33m:[39m assignment[33m.[39mid[33m,[39m 
studentId[33m:[39m studentA1[33m.[39mid }[33m,[39m
     [90m 518 |[39m     })[33m;[39m
    [31m[1m>[22m[39m[90m 519 |[39m     [36mawait[39m createDetail(resp[33m.[39mid[33m,[39m 
crit[33m.[39mid[33m,[39m [35m4[39m)[33m;[39m
     [90m     |[39m                             [31m[1m^[22m[39m
     [90m 520 |[39m     [36mawait[39m request(app)
     [90m 521 |[39m       [33m.[39mpost([32m`${BASE}/evaluation-responses/${resp.id}/submit`[39m)
     [90m 522 |[39m       [33m.[39m[36mset[39m([32m'Authorization'[39m[33m,[39m [32m`Bearer 
${makeToken(studentA1)}`[39m)[33m;[39m[0m

      at Object.<anonymous> (tests/integration/teachingEvaluation.integration.test.js:519:29)

  ÔùÅ 7. Response Details ÔÇ║ PUT detail ÔÇö score v├ílido 1-5

    expect(received).toBe(expected) // Object.is equality

    Expected: 200
    Received: 400

    [0m [90m 555 |[39m       [33m.[39m[36mset[39m([32m'Authorization'[39m[33m,[39m [32m`Bearer 
${makeToken(studentA2)}`[39m)
     [90m 556 |[39m       [33m.[39msend({ score[33m:[39m [35m4[39m })[33m;[39m
    [31m[1m>[22m[39m[90m 557 |[39m     expect(res[33m.[39mstatus)[33m.[39mtoBe([35m200[39m)[33m;[39m
     [90m     |[39m                        [31m[1m^[22m[39m
     [90m 558 |[39m     
expect(res[33m.[39mbody[33m.[39mdata[33m.[39mscore)[33m.[39mtoBe([35m4[39m)[33m;[39m
     [90m 559 |[39m   })[33m;[39m
     [90m 560 |[39m[0m

      at Object.<anonymous> (tests/integration/teachingEvaluation.integration.test.js:557:24)

  ÔùÅ 7. Response Details ÔÇ║ PUT detail ÔÇö upsert actualiza score existente

    expect(received).toBe(expected) // Object.is equality

    Expected: 200
    Received: 400

    [0m [90m 564 |[39m       [33m.[39m[36mset[39m([32m'Authorization'[39m[33m,[39m [32m`Bearer 
${makeToken(studentA2)}`[39m)
     [90m 565 |[39m       [33m.[39msend({ score[33m:[39m [35m5[39m })[33m;[39m
    [31m[1m>[22m[39m[90m 566 |[39m     expect(res[33m.[39mstatus)[33m.[39mtoBe([35m200[39m)[33m;[39m
     [90m     |[39m                        [31m[1m^[22m[39m
     [90m 567 |[39m     
expect(res[33m.[39mbody[33m.[39mdata[33m.[39mscore)[33m.[39mtoBe([35m5[39m)[33m;[39m
     [90m 568 |[39m   })[33m;[39m
     [90m 569 |[39m[0m

      at Object.<anonymous> (tests/integration/teachingEvaluation.integration.test.js:566:24)

  ÔùÅ 7. Response Details ÔÇ║ DELETE detail

    expect(received).toBe(expected) // Object.is equality

    Expected: 200
    Received: 400

    [0m [90m 638 |[39m       
[33m.[39m[36mdelete[39m([32m`${BASE}/evaluation-responses/${draft.id}/details/${critB.id}`[39m)
     [90m 639 |[39m       [33m.[39m[36mset[39m([32m'Authorization'[39m[33m,[39m [32m`Bearer 
${makeToken(studentA2)}`[39m)[33m;[39m
    [31m[1m>[22m[39m[90m 640 |[39m     expect(res[33m.[39mstatus)[33m.[39mtoBe([35m200[39m)[33m;[39m
     [90m     |[39m                        [31m[1m^[22m[39m
     [90m 641 |[39m   })[33m;[39m
     [90m 642 |[39m
     [90m 643 |[39m   it([32m'GET details'[39m[33m,[39m [36masync[39m () [33m=>[39m {[0m

      at Object.<anonymous> (tests/integration/teachingEvaluation.integration.test.js:640:24)

  ÔùÅ 9. Active/Inactive Criteria ÔÇ║ criterio activo puede recibir detail

    expect(received).toBe(expected) // Object.is equality

    Expected: 200
    Received: 400

    [0m [90m 739 |[39m       [33m.[39m[36mset[39m([32m'Authorization'[39m[33m,[39m [32m`Bearer 
${makeToken(studentA2)}`[39m)
     [90m 740 |[39m       [33m.[39msend({ score[33m:[39m [35m4[39m })[33m;[39m
    [31m[1m>[22m[39m[90m 741 |[39m     expect(res[33m.[39mstatus)[33m.[39mtoBe([35m200[39m)[33m;[39m
     [90m     |[39m                        [31m[1m^[22m[39m
     [90m 742 |[39m   })[33m;[39m
     [90m 743 |[39m
     [90m 744 |[39m   it([32m'criterio inactivo NO puede recibir detail'[39m[33m,[39m [36masync[39m () 
[33m=>[39m {[0m

      at Object.<anonymous> (tests/integration/teachingEvaluation.integration.test.js:741:24)

  ÔùÅ 9. Active/Inactive Criteria ÔÇ║ desactivar criterio ÔåÆ detail hist├│rico permanece

    expect(received).toBe(expected) // Object.is equality

    Expected: 1
    Received: 0

    [0m [90m 759 |[39m       where[33m:[39m { evaluationResponseId[33m:[39m draft[33m.[39mid[33m,[39m 
criterionId[33m:[39m critActive[33m.[39mid }[33m,[39m
     [90m 760 |[39m     })[33m;[39m
    [31m[1m>[22m[39m[90m 761 |[39m     expect(details[33m.[39mlength)[33m.[39mtoBe([35m1[39m)[33m;[39m
     [90m     |[39m                            [31m[1m^[22m[39m
     [90m 762 |[39m   })[33m;[39m
     [90m 763 |[39m
     [90m 764 |[39m   it([32m'criterio desactivado no recibe nuevos details'[39m[33m,[39m [36masync[39m () 
[33m=>[39m {[0m

      at Object.<anonymous> (tests/integration/teachingEvaluation.integration.test.js:761:28)

  ÔùÅ 9. Active/Inactive Criteria ÔÇ║ submit solo exige criterios activos al momento del submit

    expect(received).toBe(expected) // Object.is equality

    Expected: 200
    Received: 400

    [0m [90m 781 |[39m       [33m.[39m[36mset[39m([32m'Authorization'[39m[33m,[39m [32m`Bearer 
${makeToken(studentA2)}`[39m)
     [90m 782 |[39m       [33m.[39msend({ score[33m:[39m [35m5[39m })[33m;[39m
    [31m[1m>[22m[39m[90m 783 |[39m     expect(res[33m.[39mstatus)[33m.[39mtoBe([35m200[39m)[33m;[39m
     [90m     |[39m                        [31m[1m^[22m[39m
     [90m 784 |[39m     [90m// Ahora puede submit[39m
     [90m 785 |[39m     [36mconst[39m sub [33m=[39m [36mawait[39m request(app)
     [90m 786 |[39m       [33m.[39mpost([32m`${BASE}/evaluation-responses/${draft.id}/submit`[39m)[0m

      at Object.<anonymous> (tests/integration/teachingEvaluation.integration.test.js:783:24)

  ÔùÅ 10. Submit Response ÔÇ║ DRAFT ÔåÆ SUBMITTED cuando todos los criterios activos tienen detail

    expect(received).toBe(expected) // Object.is equality

    Expected: 200
    Received: 400

    [0m [90m 809 |[39m       [33m.[39mpost([32m`${BASE}/evaluation-responses/${draft.id}/submit`[39m)
     [90m 810 |[39m       [33m.[39m[36mset[39m([32m'Authorization'[39m[33m,[39m [32m`Bearer 
${makeToken(studentA1)}`[39m)[33m;[39m
    [31m[1m>[22m[39m[90m 811 |[39m     expect(res[33m.[39mstatus)[33m.[39mtoBe([35m200[39m)[33m;[39m
     [90m     |[39m                        [31m[1m^[22m[39m
     [90m 812 |[39m     
expect(res[33m.[39mbody[33m.[39mdata[33m.[39mstatus)[33m.[39mtoBe([32m'SUBMITTED'[39m)[33m;[39m
     [90m 813 |[39m     
expect(res[33m.[39mbody[33m.[39mdata[33m.[39msubmittedAt)[33m.[39mnot[33m.[39mtoBeNull()[33m;[39m
     [90m 814 |[39m   })[33m;[39m[0m

      at Object.<anonymous> (tests/integration/teachingEvaluation.integration.test.js:811:24)

  ÔùÅ 14. Results by Course ÔÇ║ totalResponses = cantidad de EvaluationResponse, NO de Details

    expect(received).toBe(expected) // Object.is equality

    Expected: 3
    Received: 4

    [0m [90m 1029 |[39m     [36mif[39m (res[33m.[39mbody[33m.[39mdata) {
     [90m 1030 |[39m       [90m// totalResponses debe ser 3 (responses), NO 6 (details)[39m
    [31m[1m>[22m[39m[90m 1031 |[39m       
expect(res[33m.[39mbody[33m.[39mdata[33m.[39mtotalResponses)[33m.[39mtoBe([35m3[39m)[33m;[39m
     [90m      |[39m                                            [31m[1m^[22m[39m
     [90m 1032 |[39m       
expect(res[33m.[39mbody[33m.[39mdata[33m.[39moverallAverage)[33m.[39mtoBeDefined()[33m;[39m
     [90m 1033 |[39m     }
     [90m 1034 |[39m   })[33m;[39m[0m

      at Object.<anonymous> (tests/integration/teachingEvaluation.integration.test.js:1031:44)

  ÔùÅ 16. Criterion Averages ÔÇ║ totalResponses usa COUNT(DISTINCT EvaluationResponse)

    expect(received).toBe(expected) // Object.is equality

    Expected: 3
    Received: 7

    [0m [90m 1101 |[39m     [36mif[39m (res[33m.[39mbody[33m.[39mdata [33m&&[39m 
res[33m.[39mbody[33m.[39mdata[33m.[39mtotalResponses) {
     [90m 1102 |[39m       [90m// Debe ser 3, NO 6[39m
    [31m[1m>[22m[39m[90m 1103 |[39m       
expect(res[33m.[39mbody[33m.[39mdata[33m.[39mtotalResponses)[33m.[39mtoBe([35m3[39m)[33m;[39m
     [90m      |[39m                                            [31m[1m^[22m[39m
     [90m 1104 |[39m     }
     [90m 1105 |[39m   })[33m;[39m
     [90m 1106 |[39m })[33m;[39m[0m

      at Object.<anonymous> (tests/integration/teachingEvaluation.integration.test.js:1103:44)

  ÔùÅ 22. Legacy teacher_evaluations Isolation ÔÇ║ services del nuevo dominio NO escriben en teacher_evaluations

    expect(received).not.toMatch(expected)

    Expected pattern: not /prisma\.teacherEvaluation\.(create|update|delete|upsert)/i
    Received string:      "import { prisma } from '../../../database/prisma.js';
    import { ApiError } from '../../../shared/errors/ApiError.js';
    import { ROLES } from '../../../constants/roles.js';

    const isAdmin = (actor) => [ROLES.ADMIN, ROLES.SUPERADMIN].includes(actor.role);

    export const isAdminActor = isAdmin;

    const assertOrganization = (actor, organizationId) => {
      if (actor.role !== ROLES.SUPERADMIN && actor.organizationId !== organizationId) {
        throw ApiError.forbidden('El recurso no pertenece a tu organizaci├│n');
      }
    };

    export const createTeachingAssignment = async (body, actor) => {
      if (!isAdmin(actor)) throw ApiError.forbidden('Solo un administrador puede asignar docentes');
      assertOrganization(actor, body.organization_id);

      const [career, course, teacher, period] = await Promise.all([
        prisma.career.findFirst({ where: { id: body.career_id, organizationId: body.organization_id, isActive: true } 
}),
        prisma.course.findFirst({ where: { id: body.course_id, organizationId: body.organization_id, careerId: 
body.career_id, isActive: true } }),
        prisma.user.findFirst({ where: { id: body.teacher_id, organizationId: body.organization_id, role: 
ROLES.TEACHER, status: 'ACTIVE' } }),
        prisma.academicPeriod.findUnique({ where: { id: body.academic_period_id } }),
      ]);
      if (!career || !course || !teacher || !period) {
        throw ApiError.badRequest('La carrera, curso, docente o periodo no pertenece a la organizaci├│n');
      }
      if (course.cycle !== body.cycle) throw ApiError.badRequest('El ciclo no coincide con el curso');

      return prisma.teachingAssignment.create({
        data: {
          organizationId: body.organization_id,
          academicPeriodId: body.academic_period_id,
          careerId: body.career_id,
          courseId: body.course_id,
          teacherId: body.teacher_id,
          cycle: body.cycle,
        },
      });
    };

    export const listAssignmentsForStudent = async (studentId, actor) => {
      const student = await prisma.user.findUnique({
        where: { id: studentId },
        select: { id: true, role: true, organizationId: true, careerId: true, currentCycle: true, admissionPeriodId: 
true },
      });
      if (!student || student.role !== ROLES.STUDENT) throw ApiError.forbidden('Solo un alumno puede consultar sus 
docentes');
      if (actor.id !== studentId && actor.userId !== studentId) throw ApiError.forbidden('No puedes consultar la carga 
de otro alumno');

      return prisma.teachingAssignment.findMany({
        where: {
          organizationId: student.organizationId,
          careerId: student.careerId,
          cycle: student.currentCycle,
          academicPeriodId: student.admissionPeriodId,
          isActive: true,
        },
        include: { course: true, teacher: { select: { id: true, firstName: true, lastName: true } } },
        orderBy: [{ course: { name: 'asc' } }],
      });
    };

    export const listAssignmentsForAdmin = async (actor, filters = {}) => {
      if (!isAdmin(actor)) throw ApiError.forbidden('Solo un administrador puede listar asignaciones');
      const where = {
        ...(actor.role !== ROLES.SUPERADMIN ? { organizationId: actor.organizationId } : {}),
        ...(filters.teacherId ? { teacherId: filters.teacherId } : {}),
        ...(filters.courseId ? { courseId: filters.courseId } : {}),
        ...(filters.academicPeriodId ? { academicPeriodId: filters.academicPeriodId } : {}),
        ...(filters.cycle ? { cycle: Number(filters.cycle) } : {}),
        ...(filters.isActive === undefined ? {} : { isActive: filters.isActive }),
      };
      return prisma.teachingAssignment.findMany({
        where,
        include: {
          course: { include: { career: true } },
          teacher: { select: { id: true, firstName: true, lastName: true, email: true, status: true } },
          academicPeriod: { select: { id: true, name: true } },
        },
        orderBy: [{ teacher: { lastName: 'asc' } }, { course: { name: 'asc' } }],
      });
    };

    export const removeTeachingAssignment = async (id, actor) => {
      if (!isAdmin(actor)) throw ApiError.forbidden('Solo un administrador puede quitar asignaciones');
      const existing = await prisma.teachingAssignment.findUnique({ where: { id } });
      if (!existing) throw ApiError.notFound('Asignaci├│n no encontrada');
      if (actor.role !== ROLES.SUPERADMIN && existing.organizationId !== actor.organizationId) {
        throw ApiError.forbidden('La asignaci├│n no pertenece a tu organizaci├│n');
      }
      await prisma.teachingAssignment.delete({ where: { id } });
      return { id, deleted: true };
    };

    export const evaluateTeacher = async (body, actor) => {
      const studentId = actor.id ?? actor.userId;
      if (actor.role !== ROLES.STUDENT) throw ApiError.forbidden('Solo los alumnos pueden evaluar docentes');
      const assignment = await prisma.teachingAssignment.findUnique({
        where: { id: body.teaching_assignment_id },
        include: { course: true },
      });
      if (!assignment || assignment.organizationId !== actor.organizationId) throw ApiError.notFound('Asignaci├│n 
docente no encontrada');
      if (assignment.teacherId === studentId) throw ApiError.badRequest('No puedes evaluarte a ti mismo');

      const student = await prisma.user.findUnique({
        where: { id: studentId },
        select: { role: true, organizationId: true, careerId: true, currentCycle: true, admissionPeriodId: true },
      });
      if (student?.organizationId !== assignment.organizationId ||
          student.careerId !== assignment.careerId ||
          student.currentCycle !== assignment.cycle ||
          student.admissionPeriodId !== assignment.academicPeriodId) {
        throw ApiError.forbidden('Solo puedes evaluar docentes de tu carrera, ciclo y periodo');
      }

      try {
        return await prisma.teacherEvaluation.create({
          data: {
            organizationId: assignment.organizationId,
            academicPeriodId: assignment.academicPeriodId,
            teachingAssignmentId: assignment.id,
            courseId: assignment.courseId,
            studentId,
            teacherId: assignment.teacherId,
            score: body.score,
            comment: body.comment || null,
          },
        });
      } catch (error) {
        if (error?.code === 'P2002') throw ApiError.conflict('Ya evaluaste a este docente en este curso');
        throw error;
      }
    };

    export const teacherSummary = async (teacherId, actor, periodId) => {
      if (!isAdmin(actor) && actor.id !== teacherId && actor.userId !== teacherId) {
        throw ApiError.forbidden('No puedes consultar este resumen');
      }
      const where = {
        teacherId,
        ...(periodId ? { academicPeriodId: periodId } : {}),
        ...(actor.role === ROLES.SUPERADMIN ? {} : { organizationId: actor.organizationId }),
      };
      const grouped = await prisma.teacherEvaluation.groupBy({
        by: ['courseId'],
        where,
        _avg: { score: true },
        _count: { _all: true },
      });
      if (grouped.length === 0) return [];

      // Enriquece cada curso con su nombre, ciclo y carrera asociada.
      const courseIds = grouped.map((g) => g.courseId);
      const courses = await prisma.course.findMany({
        where: { id: { in: courseIds } },
        select: {
          id: true,
          code: true,
          name: true,
          cycle: true,
          career: { select: { id: true, code: true, name: true } },
        },
      });
      const courseMap = new Map(courses.map((c) => [c.id, c]));

      return grouped.map((g) => {
        const course = courseMap.get(g.courseId);
        return {
          courseId: g.courseId,
          averageScore: g._avg?.score ?? null,
          totalEvaluations: g._count?._all ?? 0,
          course: course
            ? {
                id: course.id,
                code: course.code,
                name: course.name,
                cycle: course.cycle,
                career: course.career
                  ? { id: course.career.id, code: course.career.code, name: course.career.name }
                  : null,
              }
            : null,
        };
      });
    };
    "

    [0m [90m 1327 |[39m       [36mconst[39m content [33m=[39m [36mawait[39m 
fs[33m.[39mreadFile(path[33m.[39mjoin(dir[33m,[39m file)[33m,[39m [32m'utf8'[39m)[33m;[39m
     [90m 1328 |[39m       [90m// No debe contener referencias directas a teacher_evaluations como target de 
escritura[39m
    [31m[1m>[22m[39m[90m 1329 |[39m       expect(content)[33m.[39mnot[33m.[39mtoMatch([35m/prisma\.teacherEv
aluation\.(create|update|delete|upsert)/i[39m)[33m;[39m
     [90m      |[39m                           [31m[1m^[22m[39m
     [90m 1330 |[39m     }
     [90m 1331 |[39m   })[33m;[39m
     [90m 1332 |[39m[0m

      at Object.<anonymous> (tests/integration/teachingEvaluation.integration.test.js:1329:27)

  ÔùÅ 23. Concurrent Duplicate Protection ÔÇ║ dos intentos concurrentes ÔåÆ solo uno exitoso

    expect(received).toEqual(expected) // deep equality

    - Expected  - 2
    + Received  + 2

      Array [
    -   201,
    -   409,
    +   400,
    +   400,
      ]

    [0m [90m 1372 |[39m     [36mconst[39m statuses [33m=[39m [r1[33m.[39mstatus[33m,[39m 
r2[33m.[39mstatus][33m.[39msort()[33m;[39m
     [90m 1373 |[39m     [90m// Uno debe ser 201, el otro 409[39m
    [31m[1m>[22m[39m[90m 1374 |[39m     expect(statuses)[33m.[39mtoEqual([[35m201[39m[33m,[39m 
[35m409[39m])[33m;[39m
     [90m      |[39m                      [31m[1m^[22m[39m
     [90m 1375 |[39m   })[33m;[39m
     [90m 1376 |[39m })[33m;[39m
     [90m 1377 |[39m[0m

      at Object.<anonymous> (tests/integration/teachingEvaluation.integration.test.js:1374:22)


  ÔùÅ Test suite failed to run

    PrismaClientUnknownRequestError: 
    Invalid `prisma.faculty.deleteMany()` invocation in
    C:\campusvote\tests\integration\teachingEvaluation.integration.test.js:183:24

      180 await prisma.career.deleteMany({});
      181 await prisma.academicPeriod.deleteMany({});
      182 await prisma.program.deleteMany({});
    ÔåÆ 183 await prisma.faculty.deleteMany(
    Error occurred during query execution:
    ConnectorError(ConnectorError { user_facing_error: None, kind: QueryError(PostgresError { code: "23514", message: 
"el nuevo registro para la relaci├│n ┬½users┬╗ viola la restricci├│n ┬½check┬╗ ┬½chk_users_academic_linkage┬╗", 
severity: "ERROR", detail: Some("La fila que falla contiene (da03db85-b490-4fff-910f-156d846d492e, 
$2b$12$n3JOmO5WWm6VO4LUgadzW.zukY/bXg7249t6l1ZGW1qD/kNwbSCc2, LOCAL, null, f, 
user_usr-teacher-17900289606862nf6-1790028960953gpkk, First17900289606862nf6, Last17900289606862nf6, 
usr-teacher-17900289606862nf6-1790028960953gpkk@campusvote.edu.p..., null, DEFAULT_DICEBEAR, f, ACTIVE, 2026-09-21 
17:16:00.955-05, IIDusr-teacher-17900289606862nf6-1790028960953gpkk, TEACHER, t, 8049270d-4046-49b9-a59c-c9ab7bf7cca0, 
null, null, null, null, null, null, null, null, null, null, null, null, f, null, [], f, 0, null, 2026-09-21 
17:16:00.955-05, 2026-09-21 17:16:08.168474-05, null, null, null, null, f, null, null, null, null)."), column: None, 
hint: None }), transient: false })

    [0m [90m 181 |[39m   [36mawait[39m prisma[33m.[39macademicPeriod[33m.[39mdeleteMany({})[33m;[39m
     [90m 182 |[39m   [36mawait[39m prisma[33m.[39mprogram[33m.[39mdeleteMany({})[33m;[39m
    [31m[1m>[22m[39m[90m 183 |[39m   [36mawait[39m prisma[33m.[39mfaculty[33m.[39mdeleteMany({})[33m;[39m
     [90m     |[39m   [31m[1m^[22m[39m
     [90m 184 |[39m   [36mawait[39m prisma[33m.[39muser[33m.[39mdeleteMany({ where[33m:[39m { 
email[33m:[39m { contains[33m:[39m [32m'@campusvote.edu.pe'[39m } } })[33m;[39m
     [90m 185 |[39m   [36mawait[39m prisma[33m.[39muser[33m.[39mdeleteMany({ where[33m:[39m { 
email[33m:[39m { contains[33m:[39m [32m'@admin.edu.pe'[39m } } })[33m;[39m
     [90m 186 |[39m   [36mawait[39m prisma[33m.[39morganization[33m.[39mdeleteMany({ where[33m:[39m { 
name[33m:[39m { contains[33m:[39m [32m'Org Test'[39m } } })[33m;[39m[0m

      at ei.handleRequestError (node_modules/@prisma/client/src/runtime/RequestHandler.ts:237:13)
      at ei.handleAndLogRequestError (node_modules/@prisma/client/src/runtime/RequestHandler.ts:174:12)
      at ei.request (node_modules/@prisma/client/src/runtime/RequestHandler.ts:143:12)
      at a (node_modules/@prisma/client/src/runtime/getPrismaClient.ts:833:24)
      at Object.<anonymous> (tests/integration/teachingEvaluation.integration.test.js:183:3)

Test Suites: 1 failed, 1 total
Tests:       16 failed, 74 passed, 90 total
Snapshots:   0 total
Time:        10.34 s
Ran all test suites matching /tests\\integration\\teachingEvaluation.integration.test.js/i.
